[vjepa_backbone] HF load report: loaded=391/395 skipped=12 missing=4 (predictor head dims differ; encoder keys fully covered)
{"checkpoint": "/root/autodl-tmp/acvjepa-project/weights/vjepa2.1-vitb-fpc64-384/model.safetensors", "init": "vjepa2hf", "loaded_keys": 391, "mode": "frozen", "skipped_keys": 12, "strict_ok": false}
{"epochs": 30, "init_from": "vjepa2hf:/root/autodl-tmp/acvjepa-project/weights/vjepa2.1-vitb-fpc64-384/model.safetensors:frozen", "manifest": "/root/autodl-tmp/acvjepa-project/demo_ddp_data_800/manifest.jsonl", "mode": "p1_domain_adapt", "windows": 800, "world_size": 1}
{"mode": "p1_domain_adapt", "epoch": 0, "step": 50, "world_size": 1, "loss_total": 0.3418736755847931, "loss_latent_nll": 0.07824044674634933, "loss_cosine": 0.26348981261253357, "loss_calibration": 0.002868371084332466, "event_term": 0.0}
{"mode": "p1_domain_adapt", "epoch": 0, "step": 100, "world_size": 1, "loss_total": 0.10707676410675049, "loss_latent_nll": -0.08039809763431549, "loss_cosine": 0.18738441169261932, "loss_calibration": 0.0018089826917275786, "event_term": 0.0}
{"mode": "p1_domain_adapt", "epoch": 1, "step": 150, "world_size": 1, "loss_total": -0.13636067509651184, "loss_latent_nll": -0.26208561658859253, "loss_cosine": 0.1256723701953888, "loss_calibration": 0.0010513260494917631, "event_term": 0.0}
{"mode": "p1_domain_adapt", "epoch": 1, "step": 200, "world_size": 1, "loss_total": -0.16121535003185272, "loss_latent_nll": -0.27972400188446045, "loss_cosine": 0.1184413731098175, "loss_calibration": 0.0013454349245876074, "event_term": 0.0}
{"mode": "p1_domain_adapt", "epoch": 2, "step": 250, "world_size": 1, "loss_total": -0.42701417207717896, "loss_latent_nll": -0.5028971433639526, "loss_cosine": 0.07586786150932312, "loss_calibration": 0.0003021617594640702, "event_term": 0.0}
{"mode": "p1_domain_adapt", "epoch": 2, "step": 300, "world_size": 1, "loss_total": -0.5197229981422424, "loss_latent_nll": -0.5840550661087036, "loss_cosine": 0.06432172656059265, "loss_calibration": 0.00020642761955969036, "event_term": 0.0}
{"mode": "p1_domain_adapt", "epoch": 3, "step": 350, "world_size": 1, "loss_total": -0.6908300518989563, "loss_latent_nll": -0.7404283285140991, "loss_cosine": 0.0495934784412384, "loss_calibration": 9.693903848528862e-05, "event_term": 0.0}
{"mode": "p1_domain_adapt", "epoch": 3, "step": 400, "world_size": 1, "loss_total": -0.8756621479988098, "loss_latent_nll": -0.9085323214530945, "loss_cosine": 0.03286558389663696, "loss_calibration": 9.164072980638593e-05, "event_term": 0.0}
{"mode": "p1_domain_adapt", "epoch": 4, "step": 450, "world_size": 1, "loss_total": -0.9436008930206299, "loss_latent_nll": -0.9730899333953857, "loss_cosine": 0.029486170038580894, "loss_calibration": 5.778695776825771e-05, "event_term": 0.0}
{"mode": "p1_domain_adapt", "epoch": 4, "step": 500, "world_size": 1, "loss_total": -0.9619885087013245, "loss_latent_nll": -0.9911370277404785, "loss_cosine": 0.029144486412405968, "loss_calibration": 8.080170664470643e-05, "event_term": 0.0}
{"mode": "p1_domain_adapt", "epoch": 5, "step": 550, "world_size": 1, "loss_total": -1.0644816160202026, "loss_latent_nll": -1.0883973836898804, "loss_cosine": 0.02391466498374939, "loss_calibration": 2.0595452951965854e-05, "event_term": 0.0}
{"mode": "p1_domain_adapt", "epoch": 5, "step": 600, "world_size": 1, "loss_total": -1.0225956439971924, "loss_latent_nll": -1.0476911067962646, "loss_cosine": 0.025091569870710373, "loss_calibration": 7.829099922673777e-05, "event_term": 0.0}
{"mode": "p1_domain_adapt", "epoch": 6, "step": 650, "world_size": 1, "loss_total": -1.1684107780456543, "loss_latent_nll": -1.188277244567871, "loss_cosine": 0.019865553826093674, "loss_calibration": 2.011302422033623e-05, "event_term": 0.0}
{"mode": "p1_domain_adapt", "epoch": 6, "step": 700, "world_size": 1, "loss_total": -1.2341575622558594, "loss_latent_nll": -1.2515109777450562, "loss_cosine": 0.01735323667526245, "loss_calibration": 5.7046086112677585e-06, "event_term": 0.0}
{"mode": "p1_domain_adapt", "epoch": 7, "step": 750, "world_size": 1, "loss_total": -1.3264548778533936, "loss_latent_nll": -1.3406165838241577, "loss_cosine": 0.01416120957583189, "loss_calibration": 8.613824320491403e-06, "event_term": 0.0}
{"mode": "p1_domain_adapt", "epoch": 7, "step": 800, "world_size": 1, "loss_total": -1.3112627267837524, "loss_latent_nll": -1.3256980180740356, "loss_cosine": 0.014435052871704102, "loss_calibration": 4.162969162280206e-06, "event_term": 0.0}
{"mode": "p1_domain_adapt", "epoch": 8, "step": 850, "world_size": 1, "loss_total": -1.3867497444152832, "loss_latent_nll": -1.3993624448776245, "loss_cosine": 0.012612342834472656, "loss_calibration": 7.05968841430149e-06, "event_term": 0.0}
{"mode": "p1_domain_adapt", "epoch": 8, "step": 900, "world_size": 1, "loss_total": -1.4298440217971802, "loss_latent_nll": -1.4420225620269775, "loss_cosine": 0.01217834185808897, "loss_calibration": 3.660677521111211e-06, "event_term": 0.0}
{"mode": "p1_domain_adapt", "epoch": 9, "step": 950, "world_size": 1, "loss_total": -1.4104695320129395, "loss_latent_nll": -1.42311692237854, "loss_cosine": 0.012646864168345928, "loss_calibration": 8.517165952071082e-06, "event_term": 0.0}
{"mode": "p1_domain_adapt", "epoch": 9, "step": 1000, "world_size": 1, "loss_total": -1.3878315687179565, "loss_latent_nll": -1.400679349899292, "loss_cosine": 0.01284752320498228, "loss_calibration": 4.5981832954566926e-06, "event_term": 0.0}
{"mode": "p1_domain_adapt", "epoch": 10, "step": 1050, "world_size": 1, "loss_total": -1.5541815757751465, "loss_latent_nll": -1.563138723373413, "loss_cosine": 0.008956353180110455, "loss_calibration": 1.5961244571371935e-05, "event_term": 0.0}
{"mode": "p1_domain_adapt", "epoch": 10, "step": 1100, "world_size": 1, "loss_total": -1.4655712842941284, "loss_latent_nll": -1.4767297506332397, "loss_cosine": 0.011158257722854614, "loss_calibration": 5.415137820818927e-06, "event_term": 0.0}
{"mode": "p1_domain_adapt", "epoch": 11, "step": 1150, "world_size": 1, "loss_total": -1.5241835117340088, "loss_latent_nll": -1.5340535640716553, "loss_cosine": 0.009869635105133057, "loss_calibration": 8.369421266252175e-06, "event_term": 0.0}
{"mode": "p1_domain_adapt", "epoch": 11, "step": 1200, "world_size": 1, "loss_total": -1.448035478591919, "loss_latent_nll": -1.4595321416854858, "loss_cosine": 0.01149634551256895, "loss_calibration": 8.027557669265661e-06, "event_term": 0.0}
{"mode": "p1_domain_adapt", "epoch": 12, "step": 1250, "world_size": 1, "loss_total": -1.4250285625457764, "loss_latent_nll": -1.4368336200714111, "loss_cosine": 0.011804481968283653, "loss_calibration": 1.2298954970901832e-05, "event_term": 0.0}
{"mode": "p1_domain_adapt", "epoch": 12, "step": 1300, "world_size": 1, "loss_total": -1.5696587562561035, "loss_latent_nll": -1.5790003538131714, "loss_cosine": 0.009341439232230186, "loss_calibration": 2.140880269507761e-06, "event_term": 0.0}
{"mode": "p1_domain_adapt", "epoch": 13, "step": 1350, "world_size": 1, "loss_total": -1.550484538078308, "loss_latent_nll": -1.559975028038025, "loss_cosine": 0.009490321390330791, "loss_calibration": 2.9785169317619875e-06, "event_term": 0.0}
{"mode": "p1_domain_adapt", "epoch": 13, "step": 1400, "world_size": 1, "loss_total": -1.544258952140808, "loss_latent_nll": -1.5539191961288452, "loss_cosine": 0.009659916162490845, "loss_calibration": 6.846514224889688e-06, "event_term": 0.0}
{"mode": "p1_domain_adapt", "epoch": 14, "step": 1450, "world_size": 1, "loss_total": -1.5691637992858887, "loss_latent_nll": -1.578209638595581, "loss_cosine": 0.009045591577887535, "loss_calibration": 4.792032541445224e-06, "event_term": 0.0}
{"mode": "p1_domain_adapt", "epoch": 14, "step": 1500, "world_size": 1, "loss_total": -1.5618001222610474, "loss_latent_nll": -1.5713682174682617, "loss_cosine": 0.00956803560256958, "loss_calibration": 1.3268727343529463e-06, "event_term": 0.0}
{"mode": "p1_domain_adapt", "epoch": 15, "step": 1550, "world_size": 1, "loss_total": -1.6278760433197021, "loss_latent_nll": -1.6363205909729004, "loss_cosine": 0.008444299921393394, "loss_calibration": 4.562995400192449e-06, "event_term": 0.0}
{"mode": "p1_domain_adapt", "epoch": 15, "step": 1600, "world_size": 1, "loss_total": -1.5143218040466309, "loss_latent_nll": -1.5244970321655273, "loss_cosine": 0.010174602270126343, "loss_calibration": 1.2500207958510146e-05, "event_term": 0.0}
{"mode": "p1_domain_adapt", "epoch": 16, "step": 1650, "world_size": 1, "loss_total": -1.6384541988372803, "loss_latent_nll": -1.6463181972503662, "loss_cosine": 0.007863879203796387, "loss_calibration": 1.2661780601774808e-06, "event_term": 0.0}
{"mode": "p1_domain_adapt", "epoch": 16, "step": 1700, "world_size": 1, "loss_total": -1.6027348041534424, "loss_latent_nll": -1.6115726232528687, "loss_cosine": 0.008837561123073101, "loss_calibration": 3.7568352126982063e-06, "event_term": 0.0}
{"mode": "p1_domain_adapt", "epoch": 17, "step": 1750, "world_size": 1, "loss_total": -1.6721200942993164, "loss_latent_nll": -1.6795891523361206, "loss_cosine": 0.007468849420547485, "loss_calibration": 4.197851467324654e-06, "event_term": 0.0}
{"mode": "p1_domain_adapt", "epoch": 17, "step": 1800, "world_size": 1, "loss_total": -1.641705870628357, "loss_latent_nll": -1.6498770713806152, "loss_cosine": 0.008170872926712036, "loss_calibration": 7.215185178210959e-06, "event_term": 0.0}
{"mode": "p1_domain_adapt", "epoch": 18, "step": 1850, "world_size": 1, "loss_total": -1.69245183467865, "loss_latent_nll": -1.6999220848083496, "loss_cosine": 0.007470130920410156, "loss_calibration": 2.112164111167658e-06, "event_term": 0.0}
{"mode": "p1_domain_adapt", "epoch": 18, "step": 1900, "world_size": 1, "loss_total": -1.586005687713623, "loss_latent_nll": -1.5950467586517334, "loss_cosine": 0.009040783159434795, "loss_calibration": 5.215641976974439e-06, "event_term": 0.0}
{"mode": "p1_domain_adapt", "epoch": 19, "step": 1950, "world_size": 1, "loss_total": -1.7443126440048218, "loss_latent_nll": -1.7508896589279175, "loss_cosine": 0.006576597690582275, "loss_calibration": 6.5166677813977e-06, "event_term": 0.0}
{"mode": "p1_domain_adapt", "epoch": 19, "step": 2000, "world_size": 1, "loss_total": -1.6798758506774902, "loss_latent_nll": -1.6876585483551025, "loss_cosine": 0.007782240863889456, "loss_calibration": 8.878369044396095e-06, "event_term": 0.0}
{"mode": "p1_domain_adapt", "epoch": 20, "step": 2050, "world_size": 1, "loss_total": -1.7028090953826904, "loss_latent_nll": -1.710221290588379, "loss_cosine": 0.00741190742701292, "loss_calibration": 3.87476347896154e-06, "event_term": 0.0}
{"mode": "p1_domain_adapt", "epoch": 20, "step": 2100, "world_size": 1, "loss_total": -1.5570635795593262, "loss_latent_nll": -1.566322684288025, "loss_cosine": 0.009258529171347618, "loss_calibration": 1.2641008652281016e-05, "event_term": 0.0}
{"mode": "p1_domain_adapt", "epoch": 21, "step": 2150, "world_size": 1, "loss_total": -1.6337885856628418, "loss_latent_nll": -1.6422080993652344, "loss_cosine": 0.00841875933110714, "loss_calibration": 1.377346688968828e-05, "event_term": 0.0}
{"mode": "p1_domain_adapt", "epoch": 21, "step": 2200, "world_size": 1, "loss_total": -1.7049429416656494, "loss_latent_nll": -1.7123311758041382, "loss_cosine": 0.007387956138700247, "loss_calibration": 4.354586053523235e-06, "event_term": 0.0}
{"mode": "p1_domain_adapt", "epoch": 22, "step": 2250, "world_size": 1, "loss_total": -1.6366461515426636, "loss_latent_nll": -1.644871711730957, "loss_cosine": 0.008225401863455772, "loss_calibration": 2.9265356715768576e-06, "event_term": 0.0}
{"mode": "p1_domain_adapt", "epoch": 22, "step": 2300, "world_size": 1, "loss_total": -1.718509554862976, "loss_latent_nll": -1.725675344467163, "loss_cosine": 0.007165481802076101, "loss_calibration": 6.800902156101074e-06, "event_term": 0.0}
{"mode": "p1_domain_adapt", "epoch": 23, "step": 2350, "world_size": 1, "loss_total": -1.6913862228393555, "loss_latent_nll": -1.6987900733947754, "loss_cosine": 0.0074036819860339165, "loss_calibration": 2.4261141788883833e-06, "event_term": 0.0}
{"mode": "p1_domain_adapt", "epoch": 23, "step": 2400, "world_size": 1, "loss_total": -1.7530757188796997, "loss_latent_nll": -1.7599210739135742, "loss_cosine": 0.006845235824584961, "loss_calibration": 2.9709858608839568e-06, "event_term": 0.0}
{"mode": "p1_domain_adapt", "epoch": 24, "step": 2450, "world_size": 1, "loss_total": -1.7131422758102417, "loss_latent_nll": -1.7202781438827515, "loss_cosine": 0.0071356892585754395, "loss_calibration": 1.5542012761216029e-06, "event_term": 0.0}
{"mode": "p1_domain_adapt", "epoch": 24, "step": 2500, "world_size": 1, "loss_total": -1.719785213470459, "loss_latent_nll": -1.726750135421753, "loss_cosine": 0.006964743137359619, "loss_calibration": 5.728531959903194e-06, "event_term": 0.0}
{"mode": "p1_domain_adapt", "epoch": 25, "step": 2550, "world_size": 1, "loss_total": -1.772010087966919, "loss_latent_nll": -1.7785279750823975, "loss_cosine": 0.006517778150737286, "loss_calibration": 2.6037591851491015e-06, "event_term": 0.0}
{"mode": "p1_domain_adapt", "epoch": 25, "step": 2600, "world_size": 1, "loss_total": -1.7967292070388794, "loss_latent_nll": -1.8026950359344482, "loss_cosine": 0.005965670105069876, "loss_calibration": 3.569828550098464e-06, "event_term": 0.0}
{"mode": "p1_domain_adapt", "epoch": 26, "step": 2650, "world_size": 1, "loss_total": -1.7742130756378174, "loss_latent_nll": -1.7803807258605957, "loss_cosine": 0.0061674220487475395, "loss_calibration": 3.833958089671796e-06, "event_term": 0.0}
{"mode": "p1_domain_adapt", "epoch": 26, "step": 2700, "world_size": 1, "loss_total": -1.7490407228469849, "loss_latent_nll": -1.7556527853012085, "loss_cosine": 0.006611883640289307, "loss_calibration": 1.5924505305520142e-06, "event_term": 0.0}
{"mode": "p1_domain_adapt", "epoch": 27, "step": 2750, "world_size": 1, "loss_total": -1.7975889444351196, "loss_latent_nll": -1.8037713766098022, "loss_cosine": 0.0061821043491363525, "loss_calibration": 6.220555405889172e-06, "event_term": 0.0}
{"mode": "p1_domain_adapt", "epoch": 27, "step": 2800, "world_size": 1, "loss_total": -1.7659112215042114, "loss_latent_nll": -1.7723736763000488, "loss_cosine": 0.006462345831096172, "loss_calibration": 1.5715817198724835e-06, "event_term": 0.0}
{"mode": "p1_domain_adapt", "epoch": 28, "step": 2850, "world_size": 1, "loss_total": -1.7291553020477295, "loss_latent_nll": -1.736104965209961, "loss_cosine": 0.006948868744075298, "loss_calibration": 1.6116535334731452e-05, "event_term": 0.0}
{"mode": "p1_domain_adapt", "epoch": 28, "step": 2900, "world_size": 1, "loss_total": -1.6910841464996338, "loss_latent_nll": -1.6985540390014648, "loss_cosine": 0.007469674106687307, "loss_calibration": 4.515885393630015e-06, "event_term": 0.0}
{"mode": "p1_domain_adapt", "epoch": 29, "step": 2950, "world_size": 1, "loss_total": -1.6241623163223267, "loss_latent_nll": -1.6324398517608643, "loss_cosine": 0.008276700973510742, "loss_calibration": 1.6114936443045735e-05, "event_term": 0.0}
{"mode": "p1_domain_adapt", "epoch": 29, "step": 3000, "world_size": 1, "loss_total": -1.7368806600570679, "loss_latent_nll": -1.7439731359481812, "loss_cosine": 0.007092188112437725, "loss_calibration": 5.8168297982774675e-06, "event_term": 0.0}
