[vjepa_backbone] HF load report: loaded=391/395 skipped=12 missing=4 (predictor head dims differ; encoder keys fully covered)
{"checkpoint": "/root/autodl-tmp/acvjepa-project/weights/vjepa2.1-vitb-fpc64-384/model.safetensors", "init": "vjepa2hf", "loaded_keys": 391, "mode": "frozen", "skipped_keys": 12, "strict_ok": false}
{"epochs": 30, "init_from": "vjepa2hf:/root/autodl-tmp/acvjepa-project/weights/vjepa2.1-vitb-fpc64-384/model.safetensors:frozen", "manifest": "/root/autodl-tmp/acvjepa-project/demo_ddp_data_800/manifest.jsonl", "mode": "p1_domain_adapt", "windows": 800, "world_size": 1}
{"mode": "p1_domain_adapt", "epoch": 0, "step": 50, "world_size": 1, "loss_total": 0.4325762391090393, "loss_latent_nll": 0.18725159764289856, "loss_cosine": 0.23982422053813934, "loss_calibration": 0.11000882089138031, "event_term": 0.0}
{"mode": "p1_domain_adapt", "epoch": 0, "step": 100, "world_size": 1, "loss_total": 0.24860957264900208, "loss_latent_nll": 0.05904950946569443, "loss_cosine": 0.18560105562210083, "loss_calibration": 0.07917986810207367, "event_term": 0.0}
{"mode": "p1_domain_adapt", "epoch": 1, "step": 150, "world_size": 1, "loss_total": 0.06313718855381012, "loss_latent_nll": -0.0843723937869072, "loss_cosine": 0.14574626088142395, "loss_calibration": 0.03526649624109268, "event_term": 0.0}
{"mode": "p1_domain_adapt", "epoch": 1, "step": 200, "world_size": 1, "loss_total": -0.264145165681839, "loss_latent_nll": -0.35180291533470154, "loss_cosine": 0.08716415613889694, "loss_calibration": 0.009871737100183964, "event_term": 0.0}
{"mode": "p1_domain_adapt", "epoch": 2, "step": 250, "world_size": 1, "loss_total": -0.4729715585708618, "loss_latent_nll": -0.5393722057342529, "loss_cosine": 0.06630900502204895, "loss_calibration": 0.0018330642487853765, "event_term": 0.0}
{"mode": "p1_domain_adapt", "epoch": 2, "step": 300, "world_size": 1, "loss_total": -0.7447744607925415, "loss_latent_nll": -0.7844292521476746, "loss_cosine": 0.03959996625781059, "loss_calibration": 0.0010963069507852197, "event_term": 0.0}
{"mode": "p1_domain_adapt", "epoch": 3, "step": 350, "world_size": 1, "loss_total": -0.8793243765830994, "loss_latent_nll": -0.910091757774353, "loss_cosine": 0.03073018789291382, "loss_calibration": 0.0007435629959218204, "event_term": 0.0}
{"mode": "p1_domain_adapt", "epoch": 3, "step": 400, "world_size": 1, "loss_total": -0.9874251484870911, "loss_latent_nll": -1.0142059326171875, "loss_cosine": 0.02676866576075554, "loss_calibration": 0.00024160381872206926, "event_term": 0.0}
{"mode": "p1_domain_adapt", "epoch": 4, "step": 450, "world_size": 1, "loss_total": -1.0783438682556152, "loss_latent_nll": -1.1008684635162354, "loss_cosine": 0.022520950064063072, "loss_calibration": 7.36192159820348e-05, "event_term": 0.0}
{"mode": "p1_domain_adapt", "epoch": 4, "step": 500, "world_size": 1, "loss_total": -1.2782081365585327, "loss_latent_nll": -1.2918579578399658, "loss_cosine": 0.013640811666846275, "loss_calibration": 0.00018017110414803028, "event_term": 0.0}
{"mode": "p1_domain_adapt", "epoch": 5, "step": 550, "world_size": 1, "loss_total": -1.261492371559143, "loss_latent_nll": -1.277043104171753, "loss_cosine": 0.015549153089523315, "loss_calibration": 3.1694180506747216e-05, "event_term": 0.0}
{"mode": "p1_domain_adapt", "epoch": 5, "step": 600, "world_size": 1, "loss_total": -1.3141279220581055, "loss_latent_nll": -1.328864336013794, "loss_cosine": 0.014734923839569092, "loss_calibration": 2.8527369067887776e-05, "event_term": 0.0}
{"mode": "p1_domain_adapt", "epoch": 6, "step": 650, "world_size": 1, "loss_total": -1.490742564201355, "loss_latent_nll": -1.5004510879516602, "loss_cosine": 0.00970735214650631, "loss_calibration": 2.3311535187531263e-05, "event_term": 0.0}
{"mode": "p1_domain_adapt", "epoch": 6, "step": 700, "world_size": 1, "loss_total": -1.6158268451690674, "loss_latent_nll": -1.6235917806625366, "loss_cosine": 0.00776285957545042, "loss_calibration": 4.021980566903949e-05, "event_term": 0.0}
{"mode": "p1_domain_adapt", "epoch": 7, "step": 750, "world_size": 1, "loss_total": -1.6856110095977783, "loss_latent_nll": -1.6926815509796143, "loss_cosine": 0.007068832870572805, "loss_calibration": 3.303070116089657e-05, "event_term": 0.0}
{"mode": "p1_domain_adapt", "epoch": 7, "step": 800, "world_size": 1, "loss_total": -1.7513870000839233, "loss_latent_nll": -1.757171630859375, "loss_cosine": 0.005783637519925833, "loss_calibration": 1.88975300261518e-05, "event_term": 0.0}
{"mode": "p1_domain_adapt", "epoch": 8, "step": 850, "world_size": 1, "loss_total": -1.790298342704773, "loss_latent_nll": -1.7954577207565308, "loss_cosine": 0.005158851854503155, "loss_calibration": 1.0672145435819402e-05, "event_term": 0.0}
{"mode": "p1_domain_adapt", "epoch": 8, "step": 900, "world_size": 1, "loss_total": -1.8245666027069092, "loss_latent_nll": -1.8298238515853882, "loss_cosine": 0.005256990902125835, "loss_calibration": 5.509378297574585e-06, "event_term": 0.0}
{"mode": "p1_domain_adapt", "epoch": 9, "step": 950, "world_size": 1, "loss_total": -1.8862364292144775, "loss_latent_nll": -1.8903717994689941, "loss_cosine": 0.00413494324311614, "loss_calibration": 8.61240187077783e-06, "event_term": 0.0}
{"mode": "p1_domain_adapt", "epoch": 9, "step": 1000, "world_size": 1, "loss_total": -1.950822114944458, "loss_latent_nll": -1.9547288417816162, "loss_cosine": 0.003906458616256714, "loss_calibration": 5.9449721447890624e-06, "event_term": 0.0}
{"mode": "p1_domain_adapt", "epoch": 10, "step": 1050, "world_size": 1, "loss_total": -1.9930692911148071, "loss_latent_nll": -1.9966797828674316, "loss_cosine": 0.0036101541481912136, "loss_calibration": 6.044237125024665e-06, "event_term": 0.0}
{"mode": "p1_domain_adapt", "epoch": 10, "step": 1100, "world_size": 1, "loss_total": -2.085967779159546, "loss_latent_nll": -2.0889439582824707, "loss_cosine": 0.0029760203324258327, "loss_calibration": 5.552006768994033e-06, "event_term": 0.0}
{"mode": "p1_domain_adapt", "epoch": 11, "step": 1150, "world_size": 1, "loss_total": -2.0504848957061768, "loss_latent_nll": -2.0538811683654785, "loss_cosine": 0.0033959548454731703, "loss_calibration": 3.916516106983181e-06, "event_term": 0.0}
{"mode": "p1_domain_adapt", "epoch": 11, "step": 1200, "world_size": 1, "loss_total": -1.9703744649887085, "loss_latent_nll": -1.974548101425171, "loss_cosine": 0.004173398017883301, "loss_calibration": 5.5787254495953675e-06, "event_term": 0.0}
{"mode": "p1_domain_adapt", "epoch": 12, "step": 1250, "world_size": 1, "loss_total": -2.183671474456787, "loss_latent_nll": -2.1862106323242188, "loss_cosine": 0.002539058681577444, "loss_calibration": 6.710597517667338e-07, "event_term": 0.0}
{"mode": "p1_domain_adapt", "epoch": 12, "step": 1300, "world_size": 1, "loss_total": -2.217472791671753, "loss_latent_nll": -2.2198848724365234, "loss_cosine": 0.002412090776488185, "loss_calibration": 1.7455976148994523e-06, "event_term": 0.0}
{"mode": "p1_domain_adapt", "epoch": 13, "step": 1350, "world_size": 1, "loss_total": -2.2599806785583496, "loss_latent_nll": -2.262179374694824, "loss_cosine": 0.0021986565552651882, "loss_calibration": 7.612777608301258e-07, "event_term": 0.0}
{"mode": "p1_domain_adapt", "epoch": 13, "step": 1400, "world_size": 1, "loss_total": -2.329441785812378, "loss_latent_nll": -2.331240177154541, "loss_cosine": 0.0017982920398935676, "loss_calibration": 1.3178030258131912e-06, "event_term": 0.0}
{"mode": "p1_domain_adapt", "epoch": 14, "step": 1450, "world_size": 1, "loss_total": -2.363557815551758, "loss_latent_nll": -2.3653831481933594, "loss_cosine": 0.0018252532463520765, "loss_calibration": 4.837603455598583e-07, "event_term": 0.0}
{"mode": "p1_domain_adapt", "epoch": 14, "step": 1500, "world_size": 1, "loss_total": -2.361715793609619, "loss_latent_nll": -2.363434314727783, "loss_cosine": 0.0017184715252369642, "loss_calibration": 2.009472609643126e-06, "event_term": 0.0}
{"mode": "p1_domain_adapt", "epoch": 15, "step": 1550, "world_size": 1, "loss_total": -2.539395570755005, "loss_latent_nll": -2.5406506061553955, "loss_cosine": 0.0012551348190754652, "loss_calibration": 1.1649784710243694e-06, "event_term": 0.0}
{"mode": "p1_domain_adapt", "epoch": 15, "step": 1600, "world_size": 1, "loss_total": -2.440459728240967, "loss_latent_nll": -2.4421327114105225, "loss_cosine": 0.0016730527859181166, "loss_calibration": 9.126894724431622e-07, "event_term": 0.0}
{"mode": "p1_domain_adapt", "epoch": 16, "step": 1650, "world_size": 1, "loss_total": -2.5940375328063965, "loss_latent_nll": -2.5950980186462402, "loss_cosine": 0.0010605951538309455, "loss_calibration": 8.461166771667195e-07, "event_term": 0.0}
{"mode": "p1_domain_adapt", "epoch": 16, "step": 1700, "world_size": 1, "loss_total": -2.569362163543701, "loss_latent_nll": -2.5706119537353516, "loss_cosine": 0.0012497504940256476, "loss_calibration": 3.876040182149154e-07, "event_term": 0.0}
{"mode": "p1_domain_adapt", "epoch": 17, "step": 1750, "world_size": 1, "loss_total": -2.683546543121338, "loss_latent_nll": -2.684377670288086, "loss_cosine": 0.0008311569690704346, "loss_calibration": 1.1987428933935007e-06, "event_term": 0.0}
{"mode": "p1_domain_adapt", "epoch": 17, "step": 1800, "world_size": 1, "loss_total": -2.677177906036377, "loss_latent_nll": -2.6780717372894287, "loss_cosine": 0.0008938511600717902, "loss_calibration": 3.4111758395738434e-07, "event_term": 0.0}
{"mode": "p1_domain_adapt", "epoch": 18, "step": 1850, "world_size": 1, "loss_total": -2.7128326892852783, "loss_latent_nll": -2.7138047218322754, "loss_cosine": 0.0009720524540171027, "loss_calibration": 2.0431320990610402e-07, "event_term": 0.0}
{"mode": "p1_domain_adapt", "epoch": 18, "step": 1900, "world_size": 1, "loss_total": -2.7107760906219482, "loss_latent_nll": -2.711805820465088, "loss_cosine": 0.0010297298431396484, "loss_calibration": 1.6141908076861e-07, "event_term": 0.0}
{"mode": "p1_domain_adapt", "epoch": 19, "step": 1950, "world_size": 1, "loss_total": -2.6609833240509033, "loss_latent_nll": -2.6621503829956055, "loss_cosine": 0.0011671583633869886, "loss_calibration": 2.0351285456854384e-07, "event_term": 0.0}
{"mode": "p1_domain_adapt", "epoch": 19, "step": 2000, "world_size": 1, "loss_total": -2.7478227615356445, "loss_latent_nll": -2.7487761974334717, "loss_cosine": 0.0009535352583043277, "loss_calibration": 2.1841455577487068e-07, "event_term": 0.0}
{"mode": "p1_domain_adapt", "epoch": 20, "step": 2050, "world_size": 1, "loss_total": -2.866425037384033, "loss_latent_nll": -2.867074489593506, "loss_cosine": 0.0006494025583378971, "loss_calibration": 2.581599858331174e-07, "event_term": 0.0}
{"mode": "p1_domain_adapt", "epoch": 20, "step": 2100, "world_size": 1, "loss_total": -2.795926809310913, "loss_latent_nll": -2.796751022338867, "loss_cosine": 0.0008241931791417301, "loss_calibration": 2.5032602479768684e-07, "event_term": 0.0}
{"mode": "p1_domain_adapt", "epoch": 21, "step": 2150, "world_size": 1, "loss_total": -2.881328582763672, "loss_latent_nll": -2.882037878036499, "loss_cosine": 0.0007093548774719238, "loss_calibration": 5.83589745417612e-08, "event_term": 0.0}
{"mode": "p1_domain_adapt", "epoch": 21, "step": 2200, "world_size": 1, "loss_total": -2.8248462677001953, "loss_latent_nll": -2.8257670402526855, "loss_cosine": 0.0009208917617797852, "loss_calibration": 2.67787726215829e-07, "event_term": 0.0}
{"mode": "p1_domain_adapt", "epoch": 22, "step": 2250, "world_size": 1, "loss_total": -2.9465460777282715, "loss_latent_nll": -2.9471096992492676, "loss_cosine": 0.0005636215209960938, "loss_calibration": 9.079664664568554e-08, "event_term": 0.0}
{"mode": "p1_domain_adapt", "epoch": 22, "step": 2300, "world_size": 1, "loss_total": -2.9912211894989014, "loss_latent_nll": -2.9917478561401367, "loss_cosine": 0.0005267560482025146, "loss_calibration": 7.326039508370741e-08, "event_term": 0.0}
{"mode": "p1_domain_adapt", "epoch": 23, "step": 2350, "world_size": 1, "loss_total": -3.0625624656677246, "loss_latent_nll": -3.063046932220459, "loss_cosine": 0.0004843870992772281, "loss_calibration": 1.1238966379778503e-07, "event_term": 0.0}
{"mode": "p1_domain_adapt", "epoch": 23, "step": 2400, "world_size": 1, "loss_total": -3.099724054336548, "loss_latent_nll": -3.1001908779144287, "loss_cosine": 0.0004668037290684879, "loss_calibration": 9.804199407881242e-08, "event_term": 0.0}
{"mode": "p1_domain_adapt", "epoch": 24, "step": 2450, "world_size": 1, "loss_total": -3.1247284412384033, "loss_latent_nll": -3.125120162963867, "loss_cosine": 0.0003917515277862549, "loss_calibration": 4.304413891986769e-08, "event_term": 0.0}
{"mode": "p1_domain_adapt", "epoch": 24, "step": 2500, "world_size": 1, "loss_total": -3.1127326488494873, "loss_latent_nll": -3.1131763458251953, "loss_cosine": 0.0004436771268956363, "loss_calibration": 8.743894852614176e-08, "event_term": 0.0}
{"mode": "p1_domain_adapt", "epoch": 25, "step": 2550, "world_size": 1, "loss_total": -3.2447385787963867, "loss_latent_nll": -3.2450215816497803, "loss_cosine": 0.0002830922603607178, "loss_calibration": 8.154228225976112e-08, "event_term": 0.0}
{"mode": "p1_domain_adapt", "epoch": 25, "step": 2600, "world_size": 1, "loss_total": -3.238176107406616, "loss_latent_nll": -3.238523483276367, "loss_cosine": 0.00034727653837762773, "loss_calibration": 3.7603953728648776e-08, "event_term": 0.0}
{"mode": "p1_domain_adapt", "epoch": 26, "step": 2650, "world_size": 1, "loss_total": -3.2727866172790527, "loss_latent_nll": -3.2730937004089355, "loss_cosine": 0.00030698379850946367, "loss_calibration": 1.2522903602985025e-07, "event_term": 0.0}
{"mode": "p1_domain_adapt", "epoch": 26, "step": 2700, "world_size": 1, "loss_total": -3.3372724056243896, "loss_latent_nll": -3.337549924850464, "loss_cosine": 0.00027745962142944336, "loss_calibration": 3.691800998240069e-08, "event_term": 0.0}
{"mode": "p1_domain_adapt", "epoch": 27, "step": 2750, "world_size": 1, "loss_total": -3.350944995880127, "loss_latent_nll": -3.3512134552001953, "loss_cosine": 0.000268509000306949, "loss_calibration": 3.858794883626615e-08, "event_term": 0.0}
{"mode": "p1_domain_adapt", "epoch": 27, "step": 2800, "world_size": 1, "loss_total": -3.3633604049682617, "loss_latent_nll": -3.363636016845703, "loss_cosine": 0.00027568143559619784, "loss_calibration": 2.7224455578789275e-08, "event_term": 0.0}
{"mode": "p1_domain_adapt", "epoch": 28, "step": 2850, "world_size": 1, "loss_total": -3.379096508026123, "loss_latent_nll": -3.3793416023254395, "loss_cosine": 0.00024500489234924316, "loss_calibration": 6.914728345464027e-08, "event_term": 0.0}
{"mode": "p1_domain_adapt", "epoch": 28, "step": 2900, "world_size": 1, "loss_total": -3.409987688064575, "loss_latent_nll": -3.4102389812469482, "loss_cosine": 0.0002512335777282715, "loss_calibration": 2.3419834960236585e-08, "event_term": 0.0}
{"mode": "p1_domain_adapt", "epoch": 29, "step": 2950, "world_size": 1, "loss_total": -3.512892723083496, "loss_latent_nll": -3.5130510330200195, "loss_cosine": 0.00015830001211725175, "loss_calibration": 3.789734392967148e-08, "event_term": 0.0}
{"mode": "p1_domain_adapt", "epoch": 29, "step": 3000, "world_size": 1, "loss_total": -3.5350091457366943, "loss_latent_nll": -3.535165548324585, "loss_cosine": 0.00015635292220395058, "loss_calibration": 3.854393781921317e-08, "event_term": 0.0}
