[vjepa_backbone] HF load report: loaded=391/395 skipped=12 missing=4 (predictor head dims differ; encoder keys fully covered)
{"checkpoint": "/root/autodl-tmp/acvjepa-project/weights/vjepa2.1-vitb-fpc64-384/model.safetensors", "init": "vjepa2hf", "loaded_keys": 391, "mode": "frozen", "skipped_keys": 12, "strict_ok": false}
{"epochs": 30, "init_from": "vjepa2hf:/root/autodl-tmp/acvjepa-project/weights/vjepa2.1-vitb-fpc64-384/model.safetensors:frozen", "manifest": "/root/autodl-tmp/acvjepa-project/demo_ddp_data_800/manifest.jsonl", "mode": "p1_domain_adapt", "windows": 800, "world_size": 1}
{"mode": "p1_domain_adapt", "epoch": 0, "step": 50, "world_size": 1, "loss_total": 0.45754432678222656, "loss_latent_nll": 0.200548455119133, "loss_cosine": 0.25230905413627625, "loss_calibration": 0.09373661130666733, "event_term": 0.0}
{"mode": "p1_domain_adapt", "epoch": 0, "step": 100, "world_size": 1, "loss_total": 0.18030712008476257, "loss_latent_nll": 0.023402418941259384, "loss_cosine": 0.1521850973367691, "loss_calibration": 0.09439188241958618, "event_term": 0.0}
{"mode": "p1_domain_adapt", "epoch": 1, "step": 150, "world_size": 1, "loss_total": -0.01891186460852623, "loss_latent_nll": -0.13864579796791077, "loss_cosine": 0.11799450218677521, "loss_calibration": 0.03478863835334778, "event_term": 0.0}
{"mode": "p1_domain_adapt", "epoch": 1, "step": 200, "world_size": 1, "loss_total": -0.11735492199659348, "loss_latent_nll": -0.23231196403503418, "loss_cosine": 0.1147722527384758, "loss_calibration": 0.0036957119591534138, "event_term": 0.0}
{"mode": "p1_domain_adapt", "epoch": 2, "step": 250, "world_size": 1, "loss_total": -0.5064390897750854, "loss_latent_nll": -0.5611523389816284, "loss_cosine": 0.054503004997968674, "loss_calibration": 0.0042048972100019455, "event_term": 0.0}
{"mode": "p1_domain_adapt", "epoch": 2, "step": 300, "world_size": 1, "loss_total": -0.5662431120872498, "loss_latent_nll": -0.6218571662902832, "loss_cosine": 0.05557560920715332, "loss_calibration": 0.0007689732010476291, "event_term": 0.0}
{"mode": "p1_domain_adapt", "epoch": 3, "step": 350, "world_size": 1, "loss_total": -0.7204691767692566, "loss_latent_nll": -0.7622184753417969, "loss_cosine": 0.04174138233065605, "loss_calibration": 0.00015846992027945817, "event_term": 0.0}
{"mode": "p1_domain_adapt", "epoch": 3, "step": 400, "world_size": 1, "loss_total": -0.9700698256492615, "loss_latent_nll": -0.9945719242095947, "loss_cosine": 0.024489223957061768, "loss_calibration": 0.00025695786462165415, "event_term": 0.0}
{"mode": "p1_domain_adapt", "epoch": 4, "step": 450, "world_size": 1, "loss_total": -1.017552375793457, "loss_latent_nll": -1.0417367219924927, "loss_cosine": 0.02417856454849243, "loss_calibration": 0.00011392586748115718, "event_term": 0.0}
{"mode": "p1_domain_adapt", "epoch": 4, "step": 500, "world_size": 1, "loss_total": -1.1506011486053467, "loss_latent_nll": -1.1686049699783325, "loss_cosine": 0.018000692129135132, "loss_calibration": 6.09784692642279e-05, "event_term": 0.0}
{"mode": "p1_domain_adapt", "epoch": 5, "step": 550, "world_size": 1, "loss_total": -1.267164945602417, "loss_latent_nll": -1.2808055877685547, "loss_cosine": 0.013638168573379517, "loss_calibration": 4.9202353693544865e-05, "event_term": 0.0}
{"mode": "p1_domain_adapt", "epoch": 5, "step": 600, "world_size": 1, "loss_total": -1.3869448900222778, "loss_latent_nll": -1.397993803024292, "loss_cosine": 0.011047731153666973, "loss_calibration": 2.322533691767603e-05, "event_term": 0.0}
{"mode": "p1_domain_adapt", "epoch": 6, "step": 650, "world_size": 1, "loss_total": -1.5526195764541626, "loss_latent_nll": -1.5601327419281006, "loss_cosine": 0.007511327974498272, "loss_calibration": 3.563494101399556e-05, "event_term": 0.0}
{"mode": "p1_domain_adapt", "epoch": 6, "step": 700, "world_size": 1, "loss_total": -1.558850646018982, "loss_latent_nll": -1.5661678314208984, "loss_cosine": 0.0073163313791155815, "loss_calibration": 1.585517566127237e-05, "event_term": 0.0}
{"mode": "p1_domain_adapt", "epoch": 7, "step": 750, "world_size": 1, "loss_total": -1.665126919746399, "loss_latent_nll": -1.6714718341827393, "loss_cosine": 0.006344348192214966, "loss_calibration": 1.1723426723619923e-05, "event_term": 0.0}
{"mode": "p1_domain_adapt", "epoch": 7, "step": 800, "world_size": 1, "loss_total": -1.6368213891983032, "loss_latent_nll": -1.6441795825958252, "loss_cosine": 0.0073576075956225395, "loss_calibration": 1.2109658200643025e-05, "event_term": 0.0}
{"mode": "p1_domain_adapt", "epoch": 8, "step": 850, "world_size": 1, "loss_total": -1.7511550188064575, "loss_latent_nll": -1.7564243078231812, "loss_cosine": 0.00526901101693511, "loss_calibration": 5.031437467550859e-06, "event_term": 0.0}
{"mode": "p1_domain_adapt", "epoch": 8, "step": 900, "world_size": 1, "loss_total": -1.798631191253662, "loss_latent_nll": -1.8030918836593628, "loss_cosine": 0.004460394382476807, "loss_calibration": 4.98322742714663e-06, "event_term": 0.0}
{"mode": "p1_domain_adapt", "epoch": 9, "step": 950, "world_size": 1, "loss_total": -1.8810018301010132, "loss_latent_nll": -1.885373830795288, "loss_cosine": 0.004371672868728638, "loss_calibration": 6.337827471725177e-06, "event_term": 0.0}
{"mode": "p1_domain_adapt", "epoch": 9, "step": 1000, "world_size": 1, "loss_total": -1.9313914775848389, "loss_latent_nll": -1.934938669204712, "loss_cosine": 0.003547072410583496, "loss_calibration": 1.5329062534874538e-06, "event_term": 0.0}
{"mode": "p1_domain_adapt", "epoch": 10, "step": 1050, "world_size": 1, "loss_total": -2.0858821868896484, "loss_latent_nll": -2.0883865356445312, "loss_cosine": 0.0025041899643838406, "loss_calibration": 6.162049885460874e-06, "event_term": 0.0}
{"mode": "p1_domain_adapt", "epoch": 10, "step": 1100, "world_size": 1, "loss_total": -2.135178804397583, "loss_latent_nll": -2.1375317573547363, "loss_cosine": 0.0023527941666543484, "loss_calibration": 3.480281520751305e-06, "event_term": 0.0}
{"mode": "p1_domain_adapt", "epoch": 11, "step": 1150, "world_size": 1, "loss_total": -2.109837532043457, "loss_latent_nll": -2.1124348640441895, "loss_cosine": 0.0025971035938709974, "loss_calibration": 2.6909383450401947e-06, "event_term": 0.0}
{"mode": "p1_domain_adapt", "epoch": 11, "step": 1200, "world_size": 1, "loss_total": -2.2018887996673584, "loss_latent_nll": -2.204033374786377, "loss_cosine": 0.0021443567238748074, "loss_calibration": 3.2767820812296122e-06, "event_term": 0.0}
{"mode": "p1_domain_adapt", "epoch": 12, "step": 1250, "world_size": 1, "loss_total": -2.2460408210754395, "loss_latent_nll": -2.2480103969573975, "loss_cosine": 0.001969635486602783, "loss_calibration": 1.2901958825750626e-06, "event_term": 0.0}
{"mode": "p1_domain_adapt", "epoch": 12, "step": 1300, "world_size": 1, "loss_total": -2.307739734649658, "loss_latent_nll": -2.3094348907470703, "loss_cosine": 0.0016952257137745619, "loss_calibration": 9.208332585330936e-07, "event_term": 0.0}
{"mode": "p1_domain_adapt", "epoch": 13, "step": 1350, "world_size": 1, "loss_total": -2.203925371170044, "loss_latent_nll": -2.2060837745666504, "loss_cosine": 0.002158045768737793, "loss_calibration": 2.999238404299831e-06, "event_term": 0.0}
{"mode": "p1_domain_adapt", "epoch": 13, "step": 1400, "world_size": 1, "loss_total": -2.3546693325042725, "loss_latent_nll": -2.356093168258667, "loss_cosine": 0.001423875568434596, "loss_calibration": 1.8239368273498258e-06, "event_term": 0.0}
{"mode": "p1_domain_adapt", "epoch": 14, "step": 1450, "world_size": 1, "loss_total": -2.4612393379211426, "loss_latent_nll": -2.4624805450439453, "loss_cosine": 0.0012411376228556037, "loss_calibration": 8.987396427073691e-07, "event_term": 0.0}
{"mode": "p1_domain_adapt", "epoch": 14, "step": 1500, "world_size": 1, "loss_total": -2.4382426738739014, "loss_latent_nll": -2.4396777153015137, "loss_cosine": 0.0014349024277180433, "loss_calibration": 2.686759671632899e-06, "event_term": 0.0}
{"mode": "p1_domain_adapt", "epoch": 15, "step": 1550, "world_size": 1, "loss_total": -2.546849250793457, "loss_latent_nll": -2.5478789806365967, "loss_cosine": 0.0010297000408172607, "loss_calibration": 5.732073304898222e-07, "event_term": 0.0}
{"mode": "p1_domain_adapt", "epoch": 15, "step": 1600, "world_size": 1, "loss_total": -2.6137747764587402, "loss_latent_nll": -2.614652633666992, "loss_cosine": 0.0008777379989624023, "loss_calibration": 5.130739282321883e-07, "event_term": 0.0}
{"mode": "p1_domain_adapt", "epoch": 16, "step": 1650, "world_size": 1, "loss_total": -2.567185401916504, "loss_latent_nll": -2.56813645362854, "loss_cosine": 0.0009511312237009406, "loss_calibration": 1.810073797514633e-07, "event_term": 0.0}
{"mode": "p1_domain_adapt", "epoch": 16, "step": 1700, "world_size": 1, "loss_total": -2.6575841903686523, "loss_latent_nll": -2.658478021621704, "loss_cosine": 0.0008937617531046271, "loss_calibration": 4.820344088329875e-07, "event_term": 0.0}
{"mode": "p1_domain_adapt", "epoch": 17, "step": 1750, "world_size": 1, "loss_total": -2.596592664718628, "loss_latent_nll": -2.5976529121398926, "loss_cosine": 0.0010602574329823256, "loss_calibration": 3.467880276275537e-07, "event_term": 0.0}
{"mode": "p1_domain_adapt", "epoch": 17, "step": 1800, "world_size": 1, "loss_total": -2.638371467590332, "loss_latent_nll": -2.639312267303467, "loss_cosine": 0.0009407997131347656, "loss_calibration": 4.2273330791431363e-07, "event_term": 0.0}
{"mode": "p1_domain_adapt", "epoch": 18, "step": 1850, "world_size": 1, "loss_total": -2.7321293354034424, "loss_latent_nll": -2.732933759689331, "loss_cosine": 0.000804344832431525, "loss_calibration": 2.935743168563931e-07, "event_term": 0.0}
{"mode": "p1_domain_adapt", "epoch": 18, "step": 1900, "world_size": 1, "loss_total": -2.884096622467041, "loss_latent_nll": -2.884640693664551, "loss_cosine": 0.0005440711975097656, "loss_calibration": 3.027998332072457e-07, "event_term": 0.0}
{"mode": "p1_domain_adapt", "epoch": 19, "step": 1950, "world_size": 1, "loss_total": -2.648313045501709, "loss_latent_nll": -2.649369478225708, "loss_cosine": 0.0010563831310719252, "loss_calibration": 1.1144686595798703e-06, "event_term": 0.0}
{"mode": "p1_domain_adapt", "epoch": 19, "step": 2000, "world_size": 1, "loss_total": -2.798656940460205, "loss_latent_nll": -2.799386978149414, "loss_cosine": 0.0007299184799194336, "loss_calibration": 3.1357694751932286e-07, "event_term": 0.0}
{"mode": "p1_domain_adapt", "epoch": 20, "step": 2050, "world_size": 1, "loss_total": -2.8777921199798584, "loss_latent_nll": -2.8784632682800293, "loss_cosine": 0.0006710588932037354, "loss_calibration": 5.078645131106896e-07, "event_term": 0.0}
{"mode": "p1_domain_adapt", "epoch": 20, "step": 2100, "world_size": 1, "loss_total": -2.7985827922821045, "loss_latent_nll": -2.79931902885437, "loss_cosine": 0.0007363160839304328, "loss_calibration": 2.0310321247052343e-07, "event_term": 0.0}
{"mode": "p1_domain_adapt", "epoch": 21, "step": 2150, "world_size": 1, "loss_total": -2.9952733516693115, "loss_latent_nll": -2.995741367340088, "loss_cosine": 0.0004680156707763672, "loss_calibration": 7.739819096741485e-08, "event_term": 0.0}
{"mode": "p1_domain_adapt", "epoch": 21, "step": 2200, "world_size": 1, "loss_total": -3.017103672027588, "loss_latent_nll": -3.0175626277923584, "loss_cosine": 0.0004589259624481201, "loss_calibration": 3.919623168258113e-07, "event_term": 0.0}
{"mode": "p1_domain_adapt", "epoch": 22, "step": 2250, "world_size": 1, "loss_total": -3.1521692276000977, "loss_latent_nll": -3.152477264404297, "loss_cosine": 0.00030803680419921875, "loss_calibration": 1.6514081835339312e-07, "event_term": 0.0}
{"mode": "p1_domain_adapt", "epoch": 22, "step": 2300, "world_size": 1, "loss_total": -3.040189504623413, "loss_latent_nll": -3.040634870529175, "loss_cosine": 0.00044528645230457187, "loss_calibration": 5.966270322232958e-08, "event_term": 0.0}
{"mode": "p1_domain_adapt", "epoch": 23, "step": 2350, "world_size": 1, "loss_total": -3.0552194118499756, "loss_latent_nll": -3.055734395980835, "loss_cosine": 0.0005150139331817627, "loss_calibration": 7.237521515435219e-08, "event_term": 0.0}
{"mode": "p1_domain_adapt", "epoch": 23, "step": 2400, "world_size": 1, "loss_total": -3.228267192840576, "loss_latent_nll": -3.2285475730895996, "loss_cosine": 0.00028037032461725175, "loss_calibration": 1.8303886406556558e-07, "event_term": 0.0}
{"mode": "p1_domain_adapt", "epoch": 24, "step": 2450, "world_size": 1, "loss_total": -3.3030972480773926, "loss_latent_nll": -3.3032689094543457, "loss_cosine": 0.0001717209815979004, "loss_calibration": 2.2199481009010924e-07, "event_term": 0.0}
{"mode": "p1_domain_adapt", "epoch": 24, "step": 2500, "world_size": 1, "loss_total": -3.1702513694763184, "loss_latent_nll": -3.170610189437866, "loss_cosine": 0.0003587305545806885, "loss_calibration": 1.3011521104999701e-07, "event_term": 0.0}
{"mode": "p1_domain_adapt", "epoch": 25, "step": 2550, "world_size": 1, "loss_total": -3.231281042098999, "loss_latent_nll": -3.2316112518310547, "loss_cosine": 0.0003301600809209049, "loss_calibration": 1.3294629752635956e-07, "event_term": 0.0}
{"mode": "p1_domain_adapt", "epoch": 25, "step": 2600, "world_size": 1, "loss_total": -3.296884775161743, "loss_latent_nll": -3.2971267700195312, "loss_cosine": 0.00024210414267145097, "loss_calibration": 7.241958144277305e-08, "event_term": 0.0}
{"mode": "p1_domain_adapt", "epoch": 26, "step": 2650, "world_size": 1, "loss_total": -3.3871331214904785, "loss_latent_nll": -3.387362003326416, "loss_cosine": 0.0002288520336151123, "loss_calibration": 6.874134328427317e-08, "event_term": 0.0}
{"mode": "p1_domain_adapt", "epoch": 26, "step": 2700, "world_size": 1, "loss_total": -3.3722994327545166, "loss_latent_nll": -3.372514486312866, "loss_cosine": 0.00021495422697626054, "loss_calibration": 7.12469656605208e-08, "event_term": 0.0}
{"mode": "p1_domain_adapt", "epoch": 27, "step": 2750, "world_size": 1, "loss_total": -3.2441141605377197, "loss_latent_nll": -3.244457244873047, "loss_cosine": 0.0003431836958043277, "loss_calibration": 1.493738750468765e-07, "event_term": 0.0}
{"mode": "p1_domain_adapt", "epoch": 27, "step": 2800, "world_size": 1, "loss_total": -3.3634395599365234, "loss_latent_nll": -3.3636603355407715, "loss_cosine": 0.00022080540657043457, "loss_calibration": 4.696178024232722e-08, "event_term": 0.0}
{"mode": "p1_domain_adapt", "epoch": 28, "step": 2850, "world_size": 1, "loss_total": -3.4789810180664062, "loss_latent_nll": -3.4791507720947266, "loss_cosine": 0.00016963481903076172, "loss_calibration": 6.428719245832326e-08, "event_term": 0.0}
{"mode": "p1_domain_adapt", "epoch": 28, "step": 2900, "world_size": 1, "loss_total": -3.4611518383026123, "loss_latent_nll": -3.4613404273986816, "loss_cosine": 0.00018855929374694824, "loss_calibration": 5.137702174806691e-08, "event_term": 0.0}
{"mode": "p1_domain_adapt", "epoch": 29, "step": 2950, "world_size": 1, "loss_total": -3.2997665405273438, "loss_latent_nll": -3.3000717163085938, "loss_cosine": 0.0003050565719604492, "loss_calibration": 8.325230282935081e-08, "event_term": 0.0}
{"mode": "p1_domain_adapt", "epoch": 29, "step": 3000, "world_size": 1, "loss_total": -3.545158863067627, "loss_latent_nll": -3.5452964305877686, "loss_cosine": 0.00013768672943115234, "loss_calibration": 7.385042266605524e-08, "event_term": 0.0}
