[vjepa_backbone] HF load report: loaded=391/395 skipped=12 missing=4 (predictor head dims differ; encoder keys fully covered)
{"checkpoint": "/root/autodl-tmp/acvjepa-project/weights/vjepa2.1-vitb-fpc64-384/model.safetensors", "init": "vjepa2hf", "loaded_keys": 391, "mode": "frozen", "skipped_keys": 12, "strict_ok": false}
{"epochs": 30, "init_from": "vjepa2hf:/root/autodl-tmp/acvjepa-project/weights/vjepa2.1-vitb-fpc64-384/model.safetensors:frozen", "manifest": "/root/autodl-tmp/acvjepa-project/demo_ddp_data_800/manifest.jsonl", "mode": "p1_domain_adapt", "windows": 800, "world_size": 1}
{"mode": "p1_domain_adapt", "epoch": 0, "step": 50, "world_size": 1, "loss_total": 0.5224630832672119, "loss_latent_nll": 0.22766292095184326, "loss_cosine": 0.29126811027526855, "loss_calibration": 0.07064111530780792, "event_term": 0.0}
{"mode": "p1_domain_adapt", "epoch": 0, "step": 100, "world_size": 1, "loss_total": 0.2563325762748718, "loss_latent_nll": 0.06017213314771652, "loss_cosine": 0.19313058257102966, "loss_calibration": 0.06059716269373894, "event_term": 0.0}
{"mode": "p1_domain_adapt", "epoch": 1, "step": 150, "world_size": 1, "loss_total": -0.042045339941978455, "loss_latent_nll": -0.15865465998649597, "loss_cosine": 0.11522388458251953, "loss_calibration": 0.027708707377314568, "event_term": 0.0}
{"mode": "p1_domain_adapt", "epoch": 1, "step": 200, "world_size": 1, "loss_total": -0.21572646498680115, "loss_latent_nll": -0.3149487376213074, "loss_cosine": 0.09905211627483368, "loss_calibration": 0.003403180046007037, "event_term": 0.0}
{"mode": "p1_domain_adapt", "epoch": 2, "step": 250, "world_size": 1, "loss_total": -0.5054507255554199, "loss_latent_nll": -0.5630074739456177, "loss_cosine": 0.05743034929037094, "loss_calibration": 0.0025285552255809307, "event_term": 0.0}
{"mode": "p1_domain_adapt", "epoch": 2, "step": 300, "world_size": 1, "loss_total": -0.6572904586791992, "loss_latent_nll": -0.7024452090263367, "loss_cosine": 0.04512295126914978, "loss_calibration": 0.0006364213186316192, "event_term": 0.0}
{"mode": "p1_domain_adapt", "epoch": 3, "step": 350, "world_size": 1, "loss_total": -0.816459596157074, "loss_latent_nll": -0.8497926592826843, "loss_cosine": 0.033315133303403854, "loss_calibration": 0.0003582968784030527, "event_term": 0.0}
{"mode": "p1_domain_adapt", "epoch": 3, "step": 400, "world_size": 1, "loss_total": -0.8955294489860535, "loss_latent_nll": -0.9252033233642578, "loss_cosine": 0.029669344425201416, "loss_calibration": 9.071320528164506e-05, "event_term": 0.0}
{"mode": "p1_domain_adapt", "epoch": 4, "step": 450, "world_size": 1, "loss_total": -1.0881497859954834, "loss_latent_nll": -1.107680082321167, "loss_cosine": 0.019524624571204185, "loss_calibration": 0.00011427421122789383, "event_term": 0.0}
{"mode": "p1_domain_adapt", "epoch": 4, "step": 500, "world_size": 1, "loss_total": -1.223616600036621, "loss_latent_nll": -1.2382718324661255, "loss_cosine": 0.0146489841863513, "loss_calibration": 0.00012466538464650512, "event_term": 0.0}
{"mode": "p1_domain_adapt", "epoch": 5, "step": 550, "world_size": 1, "loss_total": -1.2030253410339355, "loss_latent_nll": -1.218282699584961, "loss_cosine": 0.015255670063197613, "loss_calibration": 3.435420512687415e-05, "event_term": 0.0}
{"mode": "p1_domain_adapt", "epoch": 5, "step": 600, "world_size": 1, "loss_total": -1.3887581825256348, "loss_latent_nll": -1.3996667861938477, "loss_cosine": 0.0109061598777771, "loss_calibration": 4.8855927161639556e-05, "event_term": 0.0}
{"mode": "p1_domain_adapt", "epoch": 6, "step": 650, "world_size": 1, "loss_total": -1.5185760259628296, "loss_latent_nll": -1.5266759395599365, "loss_cosine": 0.008098195306956768, "loss_calibration": 3.3803262340370566e-05, "event_term": 0.0}
{"mode": "p1_domain_adapt", "epoch": 6, "step": 700, "world_size": 1, "loss_total": -1.554463267326355, "loss_latent_nll": -1.561991572380066, "loss_cosine": 0.007527272216975689, "loss_calibration": 2.0790932467207313e-05, "event_term": 0.0}
{"mode": "p1_domain_adapt", "epoch": 7, "step": 750, "world_size": 1, "loss_total": -1.5836528539657593, "loss_latent_nll": -1.5906398296356201, "loss_cosine": 0.0069862306118011475, "loss_calibration": 1.4428367649088614e-05, "event_term": 0.0}
{"mode": "p1_domain_adapt", "epoch": 7, "step": 800, "world_size": 1, "loss_total": -1.6674407720565796, "loss_latent_nll": -1.6737284660339355, "loss_cosine": 0.006287197582423687, "loss_calibration": 9.935179150488693e-06, "event_term": 0.0}
{"mode": "p1_domain_adapt", "epoch": 8, "step": 850, "world_size": 1, "loss_total": -1.6961522102355957, "loss_latent_nll": -1.7020263671875, "loss_cosine": 0.005874027963727713, "loss_calibration": 2.5727263164299075e-06, "event_term": 0.0}
{"mode": "p1_domain_adapt", "epoch": 8, "step": 900, "world_size": 1, "loss_total": -1.8112969398498535, "loss_latent_nll": -1.8160604238510132, "loss_cosine": 0.004763295408338308, "loss_calibration": 4.1068451537285e-06, "event_term": 0.0}
{"mode": "p1_domain_adapt", "epoch": 9, "step": 950, "world_size": 1, "loss_total": -1.847334861755371, "loss_latent_nll": -1.8516454696655273, "loss_cosine": 0.004310478921979666, "loss_calibration": 2.0256925381545443e-06, "event_term": 0.0}
{"mode": "p1_domain_adapt", "epoch": 9, "step": 1000, "world_size": 1, "loss_total": -1.8744007349014282, "loss_latent_nll": -1.878300428390503, "loss_cosine": 0.0038994252681732178, "loss_calibration": 3.974988885602215e-06, "event_term": 0.0}
{"mode": "p1_domain_adapt", "epoch": 10, "step": 1050, "world_size": 1, "loss_total": -1.9129482507705688, "loss_latent_nll": -1.9166476726531982, "loss_cosine": 0.003699183464050293, "loss_calibration": 4.616278147295816e-06, "event_term": 0.0}
{"mode": "p1_domain_adapt", "epoch": 10, "step": 1100, "world_size": 1, "loss_total": -1.9850246906280518, "loss_latent_nll": -1.988300085067749, "loss_cosine": 0.0032752554398030043, "loss_calibration": 1.9568894913390977e-06, "event_term": 0.0}
{"mode": "p1_domain_adapt", "epoch": 11, "step": 1150, "world_size": 1, "loss_total": -2.138408899307251, "loss_latent_nll": -2.140892744064331, "loss_cosine": 0.00248350715264678, "loss_calibration": 2.72218471764063e-06, "event_term": 0.0}
{"mode": "p1_domain_adapt", "epoch": 11, "step": 1200, "world_size": 1, "loss_total": -2.215836524963379, "loss_latent_nll": -2.217761278152466, "loss_cosine": 0.001924753189086914, "loss_calibration": 2.0225629668857437e-06, "event_term": 0.0}
{"mode": "p1_domain_adapt", "epoch": 12, "step": 1250, "world_size": 1, "loss_total": -2.2811200618743896, "loss_latent_nll": -2.2828826904296875, "loss_cosine": 0.0017625292530283332, "loss_calibration": 1.8921136870631017e-06, "event_term": 0.0}
{"mode": "p1_domain_adapt", "epoch": 12, "step": 1300, "world_size": 1, "loss_total": -2.1266281604766846, "loss_latent_nll": -2.1291441917419434, "loss_cosine": 0.0025158426724374294, "loss_calibration": 2.7443072667665547e-06, "event_term": 0.0}
{"mode": "p1_domain_adapt", "epoch": 13, "step": 1350, "world_size": 1, "loss_total": -2.258880376815796, "loss_latent_nll": -2.260908842086792, "loss_cosine": 0.0020283362828195095, "loss_calibration": 2.5716853997437283e-06, "event_term": 0.0}
{"mode": "p1_domain_adapt", "epoch": 13, "step": 1400, "world_size": 1, "loss_total": -2.2862071990966797, "loss_latent_nll": -2.2880349159240723, "loss_cosine": 0.0018276771297678351, "loss_calibration": 9.594784842192894e-07, "event_term": 0.0}
{"mode": "p1_domain_adapt", "epoch": 14, "step": 1450, "world_size": 1, "loss_total": -2.416151762008667, "loss_latent_nll": -2.417461395263672, "loss_cosine": 0.001309732673689723, "loss_calibration": 6.917938435435644e-07, "event_term": 0.0}
{"mode": "p1_domain_adapt", "epoch": 14, "step": 1500, "world_size": 1, "loss_total": -2.5205891132354736, "loss_latent_nll": -2.5216665267944336, "loss_cosine": 0.001077334163710475, "loss_calibration": 1.2047719337715534e-06, "event_term": 0.0}
{"mode": "p1_domain_adapt", "epoch": 15, "step": 1550, "world_size": 1, "loss_total": -2.534113883972168, "loss_latent_nll": -2.5351967811584473, "loss_cosine": 0.001082777976989746, "loss_calibration": 6.275677719713713e-07, "event_term": 0.0}
{"mode": "p1_domain_adapt", "epoch": 15, "step": 1600, "world_size": 1, "loss_total": -2.433872938156128, "loss_latent_nll": -2.4352731704711914, "loss_cosine": 0.0014002423267811537, "loss_calibration": 2.3637068125026417e-07, "event_term": 0.0}
{"mode": "p1_domain_adapt", "epoch": 16, "step": 1650, "world_size": 1, "loss_total": -2.5122573375701904, "loss_latent_nll": -2.5133700370788574, "loss_cosine": 0.0011127691250294447, "loss_calibration": 1.5726998014997662e-07, "event_term": 0.0}
{"mode": "p1_domain_adapt", "epoch": 16, "step": 1700, "world_size": 1, "loss_total": -2.656087636947632, "loss_latent_nll": -2.6569113731384277, "loss_cosine": 0.0008237759466283023, "loss_calibration": 5.276883712213021e-07, "event_term": 0.0}
{"mode": "p1_domain_adapt", "epoch": 17, "step": 1750, "world_size": 1, "loss_total": -2.658970594406128, "loss_latent_nll": -2.6598453521728516, "loss_cosine": 0.0008748372783884406, "loss_calibration": 2.14602181358714e-07, "event_term": 0.0}
{"mode": "p1_domain_adapt", "epoch": 17, "step": 1800, "world_size": 1, "loss_total": -2.618450403213501, "loss_latent_nll": -2.6194491386413574, "loss_cosine": 0.0009987752418965101, "loss_calibration": 8.683161922817817e-08, "event_term": 0.0}
{"mode": "p1_domain_adapt", "epoch": 18, "step": 1850, "world_size": 1, "loss_total": -2.6661901473999023, "loss_latent_nll": -2.667139768600464, "loss_cosine": 0.0009496510028839111, "loss_calibration": 4.0896165387493966e-07, "event_term": 0.0}
{"mode": "p1_domain_adapt", "epoch": 18, "step": 1900, "world_size": 1, "loss_total": -2.71832275390625, "loss_latent_nll": -2.71914005279541, "loss_cosine": 0.0008173882961273193, "loss_calibration": 1.8071277452236245e-07, "event_term": 0.0}
{"mode": "p1_domain_adapt", "epoch": 19, "step": 1950, "world_size": 1, "loss_total": -2.734236717224121, "loss_latent_nll": -2.7350735664367676, "loss_cosine": 0.0008367300033569336, "loss_calibration": 7.959577885685576e-08, "event_term": 0.0}
{"mode": "p1_domain_adapt", "epoch": 19, "step": 2000, "world_size": 1, "loss_total": -2.7736597061157227, "loss_latent_nll": -2.774397611618042, "loss_cosine": 0.0007379850139841437, "loss_calibration": 2.031542152280963e-07, "event_term": 0.0}
{"mode": "p1_domain_adapt", "epoch": 20, "step": 2050, "world_size": 1, "loss_total": -2.9300687313079834, "loss_latent_nll": -2.9305598735809326, "loss_cosine": 0.0004911224241368473, "loss_calibration": 3.4156749961766764e-07, "event_term": 0.0}
{"mode": "p1_domain_adapt", "epoch": 20, "step": 2100, "world_size": 1, "loss_total": -2.943337917327881, "loss_latent_nll": -2.9438934326171875, "loss_cosine": 0.0005554358358494937, "loss_calibration": 1.8202888441010145e-07, "event_term": 0.0}
{"mode": "p1_domain_adapt", "epoch": 21, "step": 2150, "world_size": 1, "loss_total": -2.893202304840088, "loss_latent_nll": -2.893815517425537, "loss_cosine": 0.0006132423877716064, "loss_calibration": 3.9034134147186705e-07, "event_term": 0.0}
{"mode": "p1_domain_adapt", "epoch": 21, "step": 2200, "world_size": 1, "loss_total": -2.9829318523406982, "loss_latent_nll": -2.983405590057373, "loss_cosine": 0.0004736781120300293, "loss_calibration": 1.0899482560944307e-07, "event_term": 0.0}
{"mode": "p1_domain_adapt", "epoch": 22, "step": 2250, "world_size": 1, "loss_total": -2.804769515991211, "loss_latent_nll": -2.805551052093506, "loss_cosine": 0.0007815560093149543, "loss_calibration": 2.2983508074503334e-07, "event_term": 0.0}
{"mode": "p1_domain_adapt", "epoch": 22, "step": 2300, "world_size": 1, "loss_total": -2.9699761867523193, "loss_latent_nll": -2.970484495162964, "loss_cosine": 0.0005082091083750129, "loss_calibration": 1.9493231206979544e-07, "event_term": 0.0}
{"mode": "p1_domain_adapt", "epoch": 23, "step": 2350, "world_size": 1, "loss_total": -2.9087464809417725, "loss_latent_nll": -2.909381866455078, "loss_cosine": 0.0006353954668156803, "loss_calibration": 5.20589935604221e-07, "event_term": 0.0}
{"mode": "p1_domain_adapt", "epoch": 23, "step": 2400, "world_size": 1, "loss_total": -3.096930503845215, "loss_latent_nll": -3.0973422527313232, "loss_cosine": 0.00041168928146362305, "loss_calibration": 8.456470368400915e-08, "event_term": 0.0}
{"mode": "p1_domain_adapt", "epoch": 24, "step": 2450, "world_size": 1, "loss_total": -3.193976402282715, "loss_latent_nll": -3.194251537322998, "loss_cosine": 0.00027524432516656816, "loss_calibration": 1.1267184163443744e-07, "event_term": 0.0}
{"mode": "p1_domain_adapt", "epoch": 24, "step": 2500, "world_size": 1, "loss_total": -3.206822633743286, "loss_latent_nll": -3.2071471214294434, "loss_cosine": 0.00032457709312438965, "loss_calibration": 8.808120099956795e-08, "event_term": 0.0}
{"mode": "p1_domain_adapt", "epoch": 25, "step": 2550, "world_size": 1, "loss_total": -3.124742031097412, "loss_latent_nll": -3.125166893005371, "loss_cosine": 0.0004248817858751863, "loss_calibration": 9.750257135010543e-08, "event_term": 0.0}
{"mode": "p1_domain_adapt", "epoch": 25, "step": 2600, "world_size": 1, "loss_total": -3.2278871536254883, "loss_latent_nll": -3.228210210800171, "loss_cosine": 0.0003231267328374088, "loss_calibration": 4.340189363460922e-08, "event_term": 0.0}
{"mode": "p1_domain_adapt", "epoch": 26, "step": 2650, "world_size": 1, "loss_total": -3.283175468444824, "loss_latent_nll": -3.283454656600952, "loss_cosine": 0.0002792974410112947, "loss_calibration": 5.7816262000187635e-08, "event_term": 0.0}
{"mode": "p1_domain_adapt", "epoch": 26, "step": 2700, "world_size": 1, "loss_total": -3.3141024112701416, "loss_latent_nll": -3.3143365383148193, "loss_cosine": 0.00023402771330438554, "loss_calibration": 7.349858321958891e-08, "event_term": 0.0}
{"mode": "p1_domain_adapt", "epoch": 27, "step": 2750, "world_size": 1, "loss_total": -3.439785957336426, "loss_latent_nll": -3.4399449825286865, "loss_cosine": 0.00015894572425168008, "loss_calibration": 8.661936590215191e-08, "event_term": 0.0}
{"mode": "p1_domain_adapt", "epoch": 27, "step": 2800, "world_size": 1, "loss_total": -3.364675521850586, "loss_latent_nll": -3.364896535873413, "loss_cosine": 0.00022113323211669922, "loss_calibration": 3.907706869199501e-08, "event_term": 0.0}
{"mode": "p1_domain_adapt", "epoch": 28, "step": 2850, "world_size": 1, "loss_total": -3.3011929988861084, "loss_latent_nll": -3.301462173461914, "loss_cosine": 0.0002691348490770906, "loss_calibration": 7.691264158893318e-08, "event_term": 0.0}
{"mode": "p1_domain_adapt", "epoch": 28, "step": 2900, "world_size": 1, "loss_total": -3.461247682571411, "loss_latent_nll": -3.461430311203003, "loss_cosine": 0.00018262863159179688, "loss_calibration": 2.652722130846996e-08, "event_term": 0.0}
{"mode": "p1_domain_adapt", "epoch": 29, "step": 2950, "world_size": 1, "loss_total": -3.4819746017456055, "loss_latent_nll": -3.4821581840515137, "loss_cosine": 0.00018347303557675332, "loss_calibration": 2.1049398668537833e-08, "event_term": 0.0}
{"mode": "p1_domain_adapt", "epoch": 29, "step": 3000, "world_size": 1, "loss_total": -3.435045003890991, "loss_latent_nll": -3.435248851776123, "loss_cosine": 0.0002037783560808748, "loss_calibration": 3.74665631852622e-08, "event_term": 0.0}
