[vjepa_backbone] HF load report: loaded=391/395 skipped=12 missing=4 (predictor head dims differ; encoder keys fully covered)
{"checkpoint": "/root/autodl-tmp/acvjepa-project/weights/vjepa2.1-vitb-fpc64-384/model.safetensors", "init": "vjepa2hf", "loaded_keys": 391, "mode": "frozen", "skipped_keys": 12, "strict_ok": false}
{"epochs": 30, "init_from": "vjepa2hf:/root/autodl-tmp/acvjepa-project/weights/vjepa2.1-vitb-fpc64-384/model.safetensors:frozen", "manifest": "/root/autodl-tmp/acvjepa-project/demo_ddp_data_800/manifest.jsonl", "mode": "p1_domain_adapt", "windows": 800, "world_size": 1}
{"mode": "p1_domain_adapt", "epoch": 0, "step": 50, "world_size": 1, "loss_total": 0.3632378876209259, "loss_latent_nll": 0.10745149850845337, "loss_cosine": 0.2548941373825073, "loss_calibration": 0.01784496195614338, "event_term": 0.0}
{"mode": "p1_domain_adapt", "epoch": 0, "step": 100, "world_size": 1, "loss_total": 0.08144336193799973, "loss_latent_nll": -0.09311898797750473, "loss_cosine": 0.1743609607219696, "loss_calibration": 0.00402778759598732, "event_term": 0.0}
{"mode": "p1_domain_adapt", "epoch": 1, "step": 150, "world_size": 1, "loss_total": -0.1025814563035965, "loss_latent_nll": -0.23437532782554626, "loss_cosine": 0.1317073404788971, "loss_calibration": 0.0017306393710896373, "event_term": 0.0}
{"mode": "p1_domain_adapt", "epoch": 1, "step": 200, "world_size": 1, "loss_total": -0.2957770824432373, "loss_latent_nll": -0.3908572196960449, "loss_cosine": 0.09505005925893784, "loss_calibration": 0.0006013353122398257, "event_term": 0.0}
{"mode": "p1_domain_adapt", "epoch": 2, "step": 250, "world_size": 1, "loss_total": -0.512104868888855, "loss_latent_nll": -0.5761388540267944, "loss_cosine": 0.06402485072612762, "loss_calibration": 0.00018181074119638652, "event_term": 0.0}
{"mode": "p1_domain_adapt", "epoch": 2, "step": 300, "world_size": 1, "loss_total": -0.713238000869751, "loss_latent_nll": -0.7574188113212585, "loss_cosine": 0.044159065932035446, "loss_calibration": 0.0004351826792117208, "event_term": 0.0}
{"mode": "p1_domain_adapt", "epoch": 3, "step": 350, "world_size": 1, "loss_total": -0.8414075374603271, "loss_latent_nll": -0.8765770792961121, "loss_cosine": 0.035163067281246185, "loss_calibration": 0.0001303787576034665, "event_term": 0.0}
{"mode": "p1_domain_adapt", "epoch": 3, "step": 400, "world_size": 1, "loss_total": -0.8565506935119629, "loss_latent_nll": -0.8919069170951843, "loss_cosine": 0.03534553572535515, "loss_calibration": 0.00021318309882190078, "event_term": 0.0}
{"mode": "p1_domain_adapt", "epoch": 4, "step": 450, "world_size": 1, "loss_total": -1.0364251136779785, "loss_latent_nll": -1.0616973638534546, "loss_cosine": 0.02526971697807312, "loss_calibration": 5.007930303690955e-05, "event_term": 0.0}
{"mode": "p1_domain_adapt", "epoch": 4, "step": 500, "world_size": 1, "loss_total": -1.1533902883529663, "loss_latent_nll": -1.1727203130722046, "loss_cosine": 0.01932768151164055, "loss_calibration": 4.81198585475795e-05, "event_term": 0.0}
{"mode": "p1_domain_adapt", "epoch": 5, "step": 550, "world_size": 1, "loss_total": -1.1209239959716797, "loss_latent_nll": -1.1417043209075928, "loss_cosine": 0.020779263228178024, "loss_calibration": 2.0590041458490305e-05, "event_term": 0.0}
{"mode": "p1_domain_adapt", "epoch": 5, "step": 600, "world_size": 1, "loss_total": -1.3381885290145874, "loss_latent_nll": -1.352156639099121, "loss_cosine": 0.013967027887701988, "loss_calibration": 2.2468046154244803e-05, "event_term": 0.0}
{"mode": "p1_domain_adapt", "epoch": 6, "step": 650, "world_size": 1, "loss_total": -1.413806438446045, "loss_latent_nll": -1.4255807399749756, "loss_cosine": 0.011773467063903809, "loss_calibration": 1.7111291526816785e-05, "event_term": 0.0}
{"mode": "p1_domain_adapt", "epoch": 6, "step": 700, "world_size": 1, "loss_total": -1.4332928657531738, "loss_latent_nll": -1.4450666904449463, "loss_cosine": 0.011773467063903809, "loss_calibration": 7.027501851553097e-06, "event_term": 0.0}
{"mode": "p1_domain_adapt", "epoch": 7, "step": 750, "world_size": 1, "loss_total": -1.5052998065948486, "loss_latent_nll": -1.5158658027648926, "loss_cosine": 0.010565241798758507, "loss_calibration": 1.3459561159834266e-05, "event_term": 0.0}
{"mode": "p1_domain_adapt", "epoch": 7, "step": 800, "world_size": 1, "loss_total": -1.5034393072128296, "loss_latent_nll": -1.5140432119369507, "loss_cosine": 0.010603129863739014, "loss_calibration": 1.7213591490872204e-05, "event_term": 0.0}
{"mode": "p1_domain_adapt", "epoch": 8, "step": 850, "world_size": 1, "loss_total": -1.6279027462005615, "loss_latent_nll": -1.6357355117797852, "loss_cosine": 0.007832607254385948, "loss_calibration": 3.4577492442622315e-06, "event_term": 0.0}
{"mode": "p1_domain_adapt", "epoch": 8, "step": 900, "world_size": 1, "loss_total": -1.6344901323318481, "loss_latent_nll": -1.6426246166229248, "loss_cosine": 0.008134186267852783, "loss_calibration": 6.219082479219651e-06, "event_term": 0.0}
{"mode": "p1_domain_adapt", "epoch": 9, "step": 950, "world_size": 1, "loss_total": -1.732990026473999, "loss_latent_nll": -1.7397630214691162, "loss_cosine": 0.0067726969718933105, "loss_calibration": 4.065845132572576e-06, "event_term": 0.0}
{"mode": "p1_domain_adapt", "epoch": 9, "step": 1000, "world_size": 1, "loss_total": -1.7751123905181885, "loss_latent_nll": -1.7813220024108887, "loss_cosine": 0.006209522485733032, "loss_calibration": 1.789888301573228e-06, "event_term": 0.0}
{"mode": "p1_domain_adapt", "epoch": 10, "step": 1050, "world_size": 1, "loss_total": -1.7914868593215942, "loss_latent_nll": -1.797626256942749, "loss_cosine": 0.006139268632978201, "loss_calibration": 1.2950157497471082e-06, "event_term": 0.0}
{"mode": "p1_domain_adapt", "epoch": 10, "step": 1100, "world_size": 1, "loss_total": -1.9238662719726562, "loss_latent_nll": -1.928281307220459, "loss_cosine": 0.004414777271449566, "loss_calibration": 3.8165539990586694e-06, "event_term": 0.0}
{"mode": "p1_domain_adapt", "epoch": 11, "step": 1150, "world_size": 1, "loss_total": -1.917945384979248, "loss_latent_nll": -1.9224424362182617, "loss_cosine": 0.0044968826696276665, "loss_calibration": 1.698849473541486e-06, "event_term": 0.0}
{"mode": "p1_domain_adapt", "epoch": 11, "step": 1200, "world_size": 1, "loss_total": -1.9603850841522217, "loss_latent_nll": -1.9648773670196533, "loss_cosine": 0.004492064472287893, "loss_calibration": 3.577273673727177e-06, "event_term": 0.0}
{"mode": "p1_domain_adapt", "epoch": 12, "step": 1250, "world_size": 1, "loss_total": -1.9242852926254272, "loss_latent_nll": -1.9290612936019897, "loss_cosine": 0.0047760410234332085, "loss_calibration": 6.243096777325263e-07, "event_term": 0.0}
{"mode": "p1_domain_adapt", "epoch": 12, "step": 1300, "world_size": 1, "loss_total": -1.9849884510040283, "loss_latent_nll": -1.9891713857650757, "loss_cosine": 0.004182766191661358, "loss_calibration": 1.3425508313957835e-06, "event_term": 0.0}
{"mode": "p1_domain_adapt", "epoch": 13, "step": 1350, "world_size": 1, "loss_total": -1.9914625883102417, "loss_latent_nll": -1.9955499172210693, "loss_cosine": 0.004087348934262991, "loss_calibration": 2.191500669823654e-07, "event_term": 0.0}
{"mode": "p1_domain_adapt", "epoch": 13, "step": 1400, "world_size": 1, "loss_total": -2.0177178382873535, "loss_latent_nll": -2.0218000411987305, "loss_cosine": 0.0040820143185555935, "loss_calibration": 3.2503037346032215e-06, "event_term": 0.0}
{"mode": "p1_domain_adapt", "epoch": 14, "step": 1450, "world_size": 1, "loss_total": -2.0294876098632812, "loss_latent_nll": -2.0332188606262207, "loss_cosine": 0.003730982542037964, "loss_calibration": 2.9591180918941973e-06, "event_term": 0.0}
{"mode": "p1_domain_adapt", "epoch": 14, "step": 1500, "world_size": 1, "loss_total": -2.180558919906616, "loss_latent_nll": -2.1834933757781982, "loss_cosine": 0.0029345154762268066, "loss_calibration": 9.866489563137293e-07, "event_term": 0.0}
{"mode": "p1_domain_adapt", "epoch": 15, "step": 1550, "world_size": 1, "loss_total": -2.2020163536071777, "loss_latent_nll": -2.204528570175171, "loss_cosine": 0.0025121173821389675, "loss_calibration": 1.1824116654679528e-06, "event_term": 0.0}
{"mode": "p1_domain_adapt", "epoch": 15, "step": 1600, "world_size": 1, "loss_total": -2.1306192874908447, "loss_latent_nll": -2.134026527404785, "loss_cosine": 0.003407210111618042, "loss_calibration": 5.730466341447027e-07, "event_term": 0.0}
{"mode": "p1_domain_adapt", "epoch": 16, "step": 1650, "world_size": 1, "loss_total": -2.2388417720794678, "loss_latent_nll": -2.241415023803711, "loss_cosine": 0.002573202131316066, "loss_calibration": 4.2943528910655004e-07, "event_term": 0.0}
{"mode": "p1_domain_adapt", "epoch": 16, "step": 1700, "world_size": 1, "loss_total": -2.3139591217041016, "loss_latent_nll": -2.316213607788086, "loss_cosine": 0.0022546052932739258, "loss_calibration": 6.233810836420162e-07, "event_term": 0.0}
{"mode": "p1_domain_adapt", "epoch": 17, "step": 1750, "world_size": 1, "loss_total": -2.251462936401367, "loss_latent_nll": -2.2540645599365234, "loss_cosine": 0.002601663349196315, "loss_calibration": 4.0793338484945707e-07, "event_term": 0.0}
{"mode": "p1_domain_adapt", "epoch": 17, "step": 1800, "world_size": 1, "loss_total": -2.224987745285034, "loss_latent_nll": -2.227856397628784, "loss_cosine": 0.0028686425648629665, "loss_calibration": 4.5200746967566374e-07, "event_term": 0.0}
{"mode": "p1_domain_adapt", "epoch": 18, "step": 1850, "world_size": 1, "loss_total": -2.3054897785186768, "loss_latent_nll": -2.307882785797119, "loss_cosine": 0.002392977476119995, "loss_calibration": 4.826733857044019e-07, "event_term": 0.0}
{"mode": "p1_domain_adapt", "epoch": 18, "step": 1900, "world_size": 1, "loss_total": -2.3172457218170166, "loss_latent_nll": -2.319556713104248, "loss_cosine": 0.00231103110127151, "loss_calibration": 5.724212925883876e-08, "event_term": 0.0}
{"mode": "p1_domain_adapt", "epoch": 19, "step": 1950, "world_size": 1, "loss_total": -2.3644492626190186, "loss_latent_nll": -2.3664803504943848, "loss_cosine": 0.002031097887083888, "loss_calibration": 3.5660022490446863e-07, "event_term": 0.0}
{"mode": "p1_domain_adapt", "epoch": 19, "step": 2000, "world_size": 1, "loss_total": -2.4224979877471924, "loss_latent_nll": -2.424330472946167, "loss_cosine": 0.0018324952106922865, "loss_calibration": 4.7145508119683655e-07, "event_term": 0.0}
{"mode": "p1_domain_adapt", "epoch": 20, "step": 2050, "world_size": 1, "loss_total": -2.376974105834961, "loss_latent_nll": -2.3790769577026367, "loss_cosine": 0.0021028220653533936, "loss_calibration": 1.3546072068493231e-06, "event_term": 0.0}
{"mode": "p1_domain_adapt", "epoch": 20, "step": 2100, "world_size": 1, "loss_total": -2.296198844909668, "loss_latent_nll": -2.2986631393432617, "loss_cosine": 0.002464205026626587, "loss_calibration": 1.901471250675968e-06, "event_term": 0.0}
{"mode": "p1_domain_adapt", "epoch": 21, "step": 2150, "world_size": 1, "loss_total": -2.357255220413208, "loss_latent_nll": -2.35953950881958, "loss_cosine": 0.002284238813444972, "loss_calibration": 4.267906206223415e-07, "event_term": 0.0}
{"mode": "p1_domain_adapt", "epoch": 21, "step": 2200, "world_size": 1, "loss_total": -2.438843250274658, "loss_latent_nll": -2.440805196762085, "loss_cosine": 0.0019619266968220472, "loss_calibration": 3.7226331528472656e-07, "event_term": 0.0}
{"mode": "p1_domain_adapt", "epoch": 22, "step": 2250, "world_size": 1, "loss_total": -2.56551194190979, "loss_latent_nll": -2.5669617652893066, "loss_cosine": 0.0014498134842142463, "loss_calibration": 4.778361812896037e-07, "event_term": 0.0}
{"mode": "p1_domain_adapt", "epoch": 22, "step": 2300, "world_size": 1, "loss_total": -2.5093061923980713, "loss_latent_nll": -2.5109639167785645, "loss_cosine": 0.0016578237991780043, "loss_calibration": 2.939974024229741e-07, "event_term": 0.0}
{"mode": "p1_domain_adapt", "epoch": 23, "step": 2350, "world_size": 1, "loss_total": -2.518928050994873, "loss_latent_nll": -2.5205368995666504, "loss_cosine": 0.0016088287811726332, "loss_calibration": 2.0043363235799916e-07, "event_term": 0.0}
{"mode": "p1_domain_adapt", "epoch": 23, "step": 2400, "world_size": 1, "loss_total": -2.544637680053711, "loss_latent_nll": -2.546243906021118, "loss_cosine": 0.0016061961650848389, "loss_calibration": 1.1771773955615572e-07, "event_term": 0.0}
{"mode": "p1_domain_adapt", "epoch": 24, "step": 2450, "world_size": 1, "loss_total": -2.5728366374969482, "loss_latent_nll": -2.574347972869873, "loss_cosine": 0.0015113155823200941, "loss_calibration": 9.054831195953739e-08, "event_term": 0.0}
{"mode": "p1_domain_adapt", "epoch": 24, "step": 2500, "world_size": 1, "loss_total": -2.5392699241638184, "loss_latent_nll": -2.540846824645996, "loss_cosine": 0.0015769999008625746, "loss_calibration": 3.424182466460479e-07, "event_term": 0.0}
{"mode": "p1_domain_adapt", "epoch": 25, "step": 2550, "world_size": 1, "loss_total": -2.5832672119140625, "loss_latent_nll": -2.5847530364990234, "loss_cosine": 0.0014859040966257453, "loss_calibration": 6.000573762321437e-07, "event_term": 0.0}
{"mode": "p1_domain_adapt", "epoch": 25, "step": 2600, "world_size": 1, "loss_total": -2.57138729095459, "loss_latent_nll": -2.5728206634521484, "loss_cosine": 0.0014334421139210463, "loss_calibration": 4.892857532468042e-07, "event_term": 0.0}
{"mode": "p1_domain_adapt", "epoch": 26, "step": 2650, "world_size": 1, "loss_total": -2.60973858833313, "loss_latent_nll": -2.61106276512146, "loss_cosine": 0.0013242861023172736, "loss_calibration": 1.375375262568923e-07, "event_term": 0.0}
{"mode": "p1_domain_adapt", "epoch": 26, "step": 2700, "world_size": 1, "loss_total": -2.6527562141418457, "loss_latent_nll": -2.6540608406066895, "loss_cosine": 0.0013047357788309455, "loss_calibration": 3.223866542612086e-07, "event_term": 0.0}
{"mode": "p1_domain_adapt", "epoch": 27, "step": 2750, "world_size": 1, "loss_total": -2.568786382675171, "loss_latent_nll": -2.570255756378174, "loss_cosine": 0.0014693140983581543, "loss_calibration": 4.075554898008704e-07, "event_term": 0.0}
{"mode": "p1_domain_adapt", "epoch": 27, "step": 2800, "world_size": 1, "loss_total": -2.6660773754119873, "loss_latent_nll": -2.667357921600342, "loss_cosine": 0.0012804766884073615, "loss_calibration": 3.606166387726262e-07, "event_term": 0.0}
{"mode": "p1_domain_adapt", "epoch": 28, "step": 2850, "world_size": 1, "loss_total": -2.67049503326416, "loss_latent_nll": -2.671781063079834, "loss_cosine": 0.001286069629713893, "loss_calibration": 1.5475959003197204e-07, "event_term": 0.0}
{"mode": "p1_domain_adapt", "epoch": 28, "step": 2900, "world_size": 1, "loss_total": -2.594287395477295, "loss_latent_nll": -2.595787286758423, "loss_cosine": 0.0014999012928456068, "loss_calibration": 1.0209389245119382e-07, "event_term": 0.0}
{"mode": "p1_domain_adapt", "epoch": 29, "step": 2950, "world_size": 1, "loss_total": -2.559781312942505, "loss_latent_nll": -2.5613579750061035, "loss_cosine": 0.00157667207531631, "loss_calibration": 4.66233132101479e-07, "event_term": 0.0}
{"mode": "p1_domain_adapt", "epoch": 29, "step": 3000, "world_size": 1, "loss_total": -2.6566359996795654, "loss_latent_nll": -2.6580209732055664, "loss_cosine": 0.0013849139213562012, "loss_calibration": 1.5000267694631475e-07, "event_term": 0.0}
