[vjepa_backbone] HF load report: loaded=391/395 skipped=12 missing=4 (predictor head dims differ; encoder keys fully covered)
{"checkpoint": "/root/autodl-tmp/acvjepa-project/weights/vjepa2.1-vitb-fpc64-384/model.safetensors", "init": "vjepa2hf", "loaded_keys": 391, "mode": "frozen", "skipped_keys": 12, "strict_ok": false}
{"epochs": 30, "init_from": "vjepa2hf:/root/autodl-tmp/acvjepa-project/weights/vjepa2.1-vitb-fpc64-384/model.safetensors:frozen", "manifest": "/root/autodl-tmp/acvjepa-project/demo_ddp_data_800/manifest.jsonl", "mode": "p1_domain_adapt", "windows": 800, "world_size": 1}
{"mode": "p1_domain_adapt", "epoch": 0, "step": 50, "world_size": 1, "loss_total": 0.453714519739151, "loss_latent_nll": 0.18147805333137512, "loss_cosine": 0.2696693539619446, "loss_calibration": 0.05134226009249687, "event_term": 0.0}
{"mode": "p1_domain_adapt", "epoch": 0, "step": 100, "world_size": 1, "loss_total": 0.17707598209381104, "loss_latent_nll": -0.018662624061107635, "loss_cosine": 0.19515928626060486, "loss_calibration": 0.011586571112275124, "event_term": 0.0}
{"mode": "p1_domain_adapt", "epoch": 1, "step": 150, "world_size": 1, "loss_total": -0.10654618591070175, "loss_latent_nll": -0.23616069555282593, "loss_cosine": 0.12945756316184998, "loss_calibration": 0.003138868138194084, "event_term": 0.0}
{"mode": "p1_domain_adapt", "epoch": 1, "step": 200, "world_size": 1, "loss_total": -0.3777574598789215, "loss_latent_nll": -0.45671403408050537, "loss_cosine": 0.07889039814472198, "loss_calibration": 0.001323595643043518, "event_term": 0.0}
{"mode": "p1_domain_adapt", "epoch": 2, "step": 250, "world_size": 1, "loss_total": -0.44122427701950073, "loss_latent_nll": -0.5151787996292114, "loss_cosine": 0.07394149899482727, "loss_calibration": 0.00026022212114185095, "event_term": 0.0}
{"mode": "p1_domain_adapt", "epoch": 2, "step": 300, "world_size": 1, "loss_total": -0.6543198227882385, "loss_latent_nll": -0.7033495306968689, "loss_cosine": 0.049011193215847015, "loss_calibration": 0.00037064935895614326, "event_term": 0.0}
{"mode": "p1_domain_adapt", "epoch": 3, "step": 350, "world_size": 1, "loss_total": -0.8333196640014648, "loss_latent_nll": -0.8692554235458374, "loss_cosine": 0.03592266887426376, "loss_calibration": 0.00026217522099614143, "event_term": 0.0}
{"mode": "p1_domain_adapt", "epoch": 3, "step": 400, "world_size": 1, "loss_total": -0.9689952731132507, "loss_latent_nll": -0.9968162775039673, "loss_cosine": 0.02781335636973381, "loss_calibration": 0.00015226236428134143, "event_term": 0.0}
{"mode": "p1_domain_adapt", "epoch": 4, "step": 450, "world_size": 1, "loss_total": -1.0431321859359741, "loss_latent_nll": -1.0666884183883667, "loss_cosine": 0.023552577942609787, "loss_calibration": 7.286772597581148e-05, "event_term": 0.0}
{"mode": "p1_domain_adapt", "epoch": 4, "step": 500, "world_size": 1, "loss_total": -1.2559815645217896, "loss_latent_nll": -1.2717140913009644, "loss_cosine": 0.01572893187403679, "loss_calibration": 7.262834697030485e-05, "event_term": 0.0}
{"mode": "p1_domain_adapt", "epoch": 5, "step": 550, "world_size": 1, "loss_total": -1.2708576917648315, "loss_latent_nll": -1.2863317728042603, "loss_cosine": 0.015470733866095543, "loss_calibration": 6.767746526747942e-05, "event_term": 0.0}
{"mode": "p1_domain_adapt", "epoch": 5, "step": 600, "world_size": 1, "loss_total": -1.4644911289215088, "loss_latent_nll": -1.4751358032226562, "loss_cosine": 0.010643492452800274, "loss_calibration": 2.4231077986769378e-05, "event_term": 0.0}
{"mode": "p1_domain_adapt", "epoch": 6, "step": 650, "world_size": 1, "loss_total": -1.4770413637161255, "loss_latent_nll": -1.4876508712768555, "loss_cosine": 0.010608653537929058, "loss_calibration": 1.6636158761684783e-05, "event_term": 0.0}
{"mode": "p1_domain_adapt", "epoch": 6, "step": 700, "world_size": 1, "loss_total": -1.5393965244293213, "loss_latent_nll": -1.5482549667358398, "loss_cosine": 0.008857945911586285, "loss_calibration": 1.0142174687644001e-05, "event_term": 0.0}
{"mode": "p1_domain_adapt", "epoch": 7, "step": 750, "world_size": 1, "loss_total": -1.604161262512207, "loss_latent_nll": -1.6120589971542358, "loss_cosine": 0.007896880619227886, "loss_calibration": 1.611546758795157e-05, "event_term": 0.0}
{"mode": "p1_domain_adapt", "epoch": 7, "step": 800, "world_size": 1, "loss_total": -1.6620633602142334, "loss_latent_nll": -1.6691491603851318, "loss_cosine": 0.007085244171321392, "loss_calibration": 1.2649415111809503e-05, "event_term": 0.0}
{"mode": "p1_domain_adapt", "epoch": 8, "step": 850, "world_size": 1, "loss_total": -1.8496479988098145, "loss_latent_nll": -1.8545684814453125, "loss_cosine": 0.004919548984616995, "loss_calibration": 1.89260008482961e-05, "event_term": 0.0}
{"mode": "p1_domain_adapt", "epoch": 8, "step": 900, "world_size": 1, "loss_total": -1.620984435081482, "loss_latent_nll": -1.6288113594055176, "loss_cosine": 0.007825772278010845, "loss_calibration": 2.347020199522376e-05, "event_term": 0.0}
{"mode": "p1_domain_adapt", "epoch": 9, "step": 950, "world_size": 1, "loss_total": -1.85543954372406, "loss_latent_nll": -1.8607453107833862, "loss_cosine": 0.005305658094584942, "loss_calibration": 2.855263574019773e-06, "event_term": 0.0}
{"mode": "p1_domain_adapt", "epoch": 9, "step": 1000, "world_size": 1, "loss_total": -1.8841196298599243, "loss_latent_nll": -1.8889732360839844, "loss_cosine": 0.0048531098291277885, "loss_calibration": 9.568627319822554e-06, "event_term": 0.0}
{"mode": "p1_domain_adapt", "epoch": 10, "step": 1050, "world_size": 1, "loss_total": -2.0452346801757812, "loss_latent_nll": -2.0486607551574707, "loss_cosine": 0.0034257571678608656, "loss_calibration": 2.490927727194503e-06, "event_term": 0.0}
{"mode": "p1_domain_adapt", "epoch": 10, "step": 1100, "world_size": 1, "loss_total": -1.9972386360168457, "loss_latent_nll": -2.0011472702026367, "loss_cosine": 0.00390865420922637, "loss_calibration": 6.488785402325448e-07, "event_term": 0.0}
{"mode": "p1_domain_adapt", "epoch": 11, "step": 1150, "world_size": 1, "loss_total": -2.1504039764404297, "loss_latent_nll": -2.153238534927368, "loss_cosine": 0.0028344891034066677, "loss_calibration": 2.1464720703079365e-06, "event_term": 0.0}
{"mode": "p1_domain_adapt", "epoch": 11, "step": 1200, "world_size": 1, "loss_total": -2.126967430114746, "loss_latent_nll": -2.1301980018615723, "loss_cosine": 0.003230661153793335, "loss_calibration": 1.905636736410088e-06, "event_term": 0.0}
{"mode": "p1_domain_adapt", "epoch": 12, "step": 1250, "world_size": 1, "loss_total": -2.241051197052002, "loss_latent_nll": -2.2435855865478516, "loss_cosine": 0.0025343101006001234, "loss_calibration": 1.633193619454687e-06, "event_term": 0.0}
{"mode": "p1_domain_adapt", "epoch": 12, "step": 1300, "world_size": 1, "loss_total": -2.219151258468628, "loss_latent_nll": -2.2217488288879395, "loss_cosine": 0.0025975704193115234, "loss_calibration": 9.684215456218226e-07, "event_term": 0.0}
{"mode": "p1_domain_adapt", "epoch": 13, "step": 1350, "world_size": 1, "loss_total": -2.2331879138946533, "loss_latent_nll": -2.2356371879577637, "loss_cosine": 0.002449294086545706, "loss_calibration": 9.218169338964799e-07, "event_term": 0.0}
{"mode": "p1_domain_adapt", "epoch": 13, "step": 1400, "world_size": 1, "loss_total": -2.158771276473999, "loss_latent_nll": -2.161966323852539, "loss_cosine": 0.0031949381809681654, "loss_calibration": 2.1033306438766886e-06, "event_term": 0.0}
{"mode": "p1_domain_adapt", "epoch": 14, "step": 1450, "world_size": 1, "loss_total": -2.317296266555786, "loss_latent_nll": -2.3194704055786133, "loss_cosine": 0.00217408942990005, "loss_calibration": 7.468476042049588e-07, "event_term": 0.0}
{"mode": "p1_domain_adapt", "epoch": 14, "step": 1500, "world_size": 1, "loss_total": -2.4202229976654053, "loss_latent_nll": -2.421985626220703, "loss_cosine": 0.0017626583576202393, "loss_calibration": 8.094527288449171e-07, "event_term": 0.0}
{"mode": "p1_domain_adapt", "epoch": 15, "step": 1550, "world_size": 1, "loss_total": -2.4885549545288086, "loss_latent_nll": -2.490079402923584, "loss_cosine": 0.0015243490925058722, "loss_calibration": 7.796190857334295e-07, "event_term": 0.0}
{"mode": "p1_domain_adapt", "epoch": 15, "step": 1600, "world_size": 1, "loss_total": -2.4926083087921143, "loss_latent_nll": -2.4941554069519043, "loss_cosine": 0.0015470882644876838, "loss_calibration": 6.785070922887826e-07, "event_term": 0.0}
{"mode": "p1_domain_adapt", "epoch": 16, "step": 1650, "world_size": 1, "loss_total": -2.4923436641693115, "loss_latent_nll": -2.49397611618042, "loss_cosine": 0.0016324123134836555, "loss_calibration": 9.203535000779084e-07, "event_term": 0.0}
{"mode": "p1_domain_adapt", "epoch": 16, "step": 1700, "world_size": 1, "loss_total": -2.586456537246704, "loss_latent_nll": -2.587815999984741, "loss_cosine": 0.0013594826450571418, "loss_calibration": 2.0938881561960443e-07, "event_term": 0.0}
{"mode": "p1_domain_adapt", "epoch": 17, "step": 1750, "world_size": 1, "loss_total": -2.5451951026916504, "loss_latent_nll": -2.5468039512634277, "loss_cosine": 0.0016088684787973762, "loss_calibration": 8.330611649398634e-07, "event_term": 0.0}
{"mode": "p1_domain_adapt", "epoch": 17, "step": 1800, "world_size": 1, "loss_total": -2.642979145050049, "loss_latent_nll": -2.64422607421875, "loss_cosine": 0.0012468894710764289, "loss_calibration": 6.628495157201542e-07, "event_term": 0.0}
{"mode": "p1_domain_adapt", "epoch": 18, "step": 1850, "world_size": 1, "loss_total": -2.7057931423187256, "loss_latent_nll": -2.7067861557006836, "loss_cosine": 0.0009930729866027832, "loss_calibration": 2.6771482453114004e-07, "event_term": 0.0}
{"mode": "p1_domain_adapt", "epoch": 18, "step": 1900, "world_size": 1, "loss_total": -2.7334561347961426, "loss_latent_nll": -2.734415054321289, "loss_cosine": 0.0009588897228240967, "loss_calibration": 4.0948484070213453e-07, "event_term": 0.0}
{"mode": "p1_domain_adapt", "epoch": 19, "step": 1950, "world_size": 1, "loss_total": -2.7519607543945312, "loss_latent_nll": -2.753002882003784, "loss_cosine": 0.0010420879116281867, "loss_calibration": 1.2454529496608302e-07, "event_term": 0.0}
{"mode": "p1_domain_adapt", "epoch": 19, "step": 2000, "world_size": 1, "loss_total": -2.6692378520965576, "loss_latent_nll": -2.670396566390991, "loss_cosine": 0.0011587440967559814, "loss_calibration": 2.6324124746679445e-07, "event_term": 0.0}
{"mode": "p1_domain_adapt", "epoch": 20, "step": 2050, "world_size": 1, "loss_total": -2.8281173706054688, "loss_latent_nll": -2.8289954662323, "loss_cosine": 0.0008781453361734748, "loss_calibration": 1.846189832122036e-07, "event_term": 0.0}
{"mode": "p1_domain_adapt", "epoch": 20, "step": 2100, "world_size": 1, "loss_total": -2.7519376277923584, "loss_latent_nll": -2.7529983520507812, "loss_cosine": 0.001060833572410047, "loss_calibration": 1.1070039107607954e-07, "event_term": 0.0}
{"mode": "p1_domain_adapt", "epoch": 21, "step": 2150, "world_size": 1, "loss_total": -2.937326669692993, "loss_latent_nll": -2.937978744506836, "loss_cosine": 0.0006521841278299689, "loss_calibration": 3.6401519309947616e-07, "event_term": 0.0}
{"mode": "p1_domain_adapt", "epoch": 21, "step": 2200, "world_size": 1, "loss_total": -2.8069465160369873, "loss_latent_nll": -2.807955503463745, "loss_cosine": 0.0010090371361002326, "loss_calibration": 2.5758447463886114e-07, "event_term": 0.0}
{"mode": "p1_domain_adapt", "epoch": 22, "step": 2250, "world_size": 1, "loss_total": -2.9293649196624756, "loss_latent_nll": -2.9300270080566406, "loss_cosine": 0.0006619791383855045, "loss_calibration": 9.205137985190959e-08, "event_term": 0.0}
{"mode": "p1_domain_adapt", "epoch": 22, "step": 2300, "world_size": 1, "loss_total": -2.908571720123291, "loss_latent_nll": -2.909322738647461, "loss_cosine": 0.0007509092683903873, "loss_calibration": 6.335076818686503e-08, "event_term": 0.0}
{"mode": "p1_domain_adapt", "epoch": 23, "step": 2350, "world_size": 1, "loss_total": -2.9579081535339355, "loss_latent_nll": -2.958657741546631, "loss_cosine": 0.000749697326682508, "loss_calibration": 3.9548577746018054e-08, "event_term": 0.0}
{"mode": "p1_domain_adapt", "epoch": 23, "step": 2400, "world_size": 1, "loss_total": -2.9929802417755127, "loss_latent_nll": -2.99363112449646, "loss_cosine": 0.0006508728256449103, "loss_calibration": 8.352134273081901e-08, "event_term": 0.0}
{"mode": "p1_domain_adapt", "epoch": 24, "step": 2450, "world_size": 1, "loss_total": -2.9417130947113037, "loss_latent_nll": -2.942354917526245, "loss_cosine": 0.0006417831173166633, "loss_calibration": 7.167306392830142e-08, "event_term": 0.0}
{"mode": "p1_domain_adapt", "epoch": 24, "step": 2500, "world_size": 1, "loss_total": -3.1174044609069824, "loss_latent_nll": -3.1179091930389404, "loss_cosine": 0.0005048513412475586, "loss_calibration": 4.492130045719023e-08, "event_term": 0.0}
{"mode": "p1_domain_adapt", "epoch": 25, "step": 2550, "world_size": 1, "loss_total": -3.1609103679656982, "loss_latent_nll": -3.1613473892211914, "loss_cosine": 0.00043692192411981523, "loss_calibration": 8.290699327062612e-08, "event_term": 0.0}
{"mode": "p1_domain_adapt", "epoch": 25, "step": 2600, "world_size": 1, "loss_total": -3.1643052101135254, "loss_latent_nll": -3.1647536754608154, "loss_cosine": 0.00044847530080005527, "loss_calibration": 3.1784168186277384e-08, "event_term": 0.0}
{"mode": "p1_domain_adapt", "epoch": 26, "step": 2650, "world_size": 1, "loss_total": -3.1068663597106934, "loss_latent_nll": -3.1074044704437256, "loss_cosine": 0.0005382200470194221, "loss_calibration": 1.1351324324948564e-08, "event_term": 0.0}
{"mode": "p1_domain_adapt", "epoch": 26, "step": 2700, "world_size": 1, "loss_total": -3.165161609649658, "loss_latent_nll": -3.165635108947754, "loss_cosine": 0.000473539053928107, "loss_calibration": 2.3503487156517622e-08, "event_term": 0.0}
{"mode": "p1_domain_adapt", "epoch": 27, "step": 2750, "world_size": 1, "loss_total": -3.2058956623077393, "loss_latent_nll": -3.2063395977020264, "loss_cosine": 0.00044396519660949707, "loss_calibration": 9.554293001201586e-08, "event_term": 0.0}
{"mode": "p1_domain_adapt", "epoch": 27, "step": 2800, "world_size": 1, "loss_total": -3.2578556537628174, "loss_latent_nll": -3.2582569122314453, "loss_cosine": 0.0004011790151707828, "loss_calibration": 2.8260558337933617e-08, "event_term": 0.0}
{"mode": "p1_domain_adapt", "epoch": 28, "step": 2850, "world_size": 1, "loss_total": -3.249861240386963, "loss_latent_nll": -3.2502570152282715, "loss_cosine": 0.0003957053122576326, "loss_calibration": 3.4647662516817945e-08, "event_term": 0.0}
{"mode": "p1_domain_adapt", "epoch": 28, "step": 2900, "world_size": 1, "loss_total": -3.32377290725708, "loss_latent_nll": -3.3240926265716553, "loss_cosine": 0.0003196497855242342, "loss_calibration": 2.1838104657945223e-08, "event_term": 0.0}
{"mode": "p1_domain_adapt", "epoch": 29, "step": 2950, "world_size": 1, "loss_total": -3.398500919342041, "loss_latent_nll": -3.3988113403320312, "loss_cosine": 0.00031032165861688554, "loss_calibration": 3.874095710898473e-08, "event_term": 0.0}
{"mode": "p1_domain_adapt", "epoch": 29, "step": 3000, "world_size": 1, "loss_total": -3.357273578643799, "loss_latent_nll": -3.3576059341430664, "loss_cosine": 0.00033226609230041504, "loss_calibration": 4.083202043148049e-08, "event_term": 0.0}
