[vjepa_backbone] HF load report: loaded=391/395 skipped=12 missing=4 (predictor head dims differ; encoder keys fully covered)
{"checkpoint": "/root/autodl-tmp/acvjepa-project/weights/vjepa2.1-vitb-fpc64-384/model.safetensors", "init": "vjepa2hf", "loaded_keys": 391, "mode": "frozen", "skipped_keys": 12, "strict_ok": false}
{"epochs": 30, "init_from": "vjepa2hf:/root/autodl-tmp/acvjepa-project/weights/vjepa2.1-vitb-fpc64-384/model.safetensors:frozen", "manifest": "/root/autodl-tmp/acvjepa-project/demo_ddp_data_800/manifest.jsonl", "mode": "p1_domain_adapt", "windows": 800, "world_size": 1}
{"mode": "p1_domain_adapt", "epoch": 0, "step": 50, "world_size": 1, "loss_total": 0.3169916868209839, "loss_latent_nll": 0.07747379690408707, "loss_cosine": 0.23847268521785736, "loss_calibration": 0.02090422809123993, "event_term": 0.0}
{"mode": "p1_domain_adapt", "epoch": 0, "step": 100, "world_size": 1, "loss_total": 0.1055033728480339, "loss_latent_nll": -0.08289049565792084, "loss_cosine": 0.1882798671722412, "loss_calibration": 0.0022800068836659193, "event_term": 0.0}
{"mode": "p1_domain_adapt", "epoch": 1, "step": 150, "world_size": 1, "loss_total": -0.12700429558753967, "loss_latent_nll": -0.2567119002342224, "loss_cosine": 0.12962885200977325, "loss_calibration": 0.0015751209575682878, "event_term": 0.0}
{"mode": "p1_domain_adapt", "epoch": 1, "step": 200, "world_size": 1, "loss_total": -0.352884978055954, "loss_latent_nll": -0.43962764739990234, "loss_cosine": 0.08672426640987396, "loss_calibration": 0.0003679068759083748, "event_term": 0.0}
{"mode": "p1_domain_adapt", "epoch": 2, "step": 250, "world_size": 1, "loss_total": -0.5692147016525269, "loss_latent_nll": -0.6292662620544434, "loss_cosine": 0.06003900617361069, "loss_calibration": 0.0002509477490093559, "event_term": 0.0}
{"mode": "p1_domain_adapt", "epoch": 2, "step": 300, "world_size": 1, "loss_total": -0.678991973400116, "loss_latent_nll": -0.7292527556419373, "loss_cosine": 0.050252288579940796, "loss_calibration": 0.00017034332267940044, "event_term": 0.0}
{"mode": "p1_domain_adapt", "epoch": 3, "step": 350, "world_size": 1, "loss_total": -0.8086602687835693, "loss_latent_nll": -0.8479008674621582, "loss_cosine": 0.03923457860946655, "loss_calibration": 0.00012017862172797322, "event_term": 0.0}
{"mode": "p1_domain_adapt", "epoch": 3, "step": 400, "world_size": 1, "loss_total": -0.9198375940322876, "loss_latent_nll": -0.9515697360038757, "loss_cosine": 0.0317239984869957, "loss_calibration": 0.0001627595629543066, "event_term": 0.0}
{"mode": "p1_domain_adapt", "epoch": 4, "step": 450, "world_size": 1, "loss_total": -1.0269078016281128, "loss_latent_nll": -1.0522276163101196, "loss_cosine": 0.025316577404737473, "loss_calibration": 6.545609357999638e-05, "event_term": 0.0}
{"mode": "p1_domain_adapt", "epoch": 4, "step": 500, "world_size": 1, "loss_total": -1.1149646043777466, "loss_latent_nll": -1.137243628501892, "loss_cosine": 0.02227500081062317, "loss_calibration": 8.130354399327189e-05, "event_term": 0.0}
{"mode": "p1_domain_adapt", "epoch": 5, "step": 550, "world_size": 1, "loss_total": -1.1659584045410156, "loss_latent_nll": -1.1857260465621948, "loss_cosine": 0.01976628229022026, "loss_calibration": 2.6700985472416505e-05, "event_term": 0.0}
{"mode": "p1_domain_adapt", "epoch": 5, "step": 600, "world_size": 1, "loss_total": -1.2450273036956787, "loss_latent_nll": -1.262730360031128, "loss_cosine": 0.017702043056488037, "loss_calibration": 1.8811490008374676e-05, "event_term": 0.0}
{"mode": "p1_domain_adapt", "epoch": 6, "step": 650, "world_size": 1, "loss_total": -1.435809850692749, "loss_latent_nll": -1.4474496841430664, "loss_cosine": 0.011638820171356201, "loss_calibration": 1.8444636225467548e-05, "event_term": 0.0}
{"mode": "p1_domain_adapt", "epoch": 6, "step": 700, "world_size": 1, "loss_total": -1.490250825881958, "loss_latent_nll": -1.500891089439392, "loss_cosine": 0.010639876127243042, "loss_calibration": 7.4412869253137615e-06, "event_term": 0.0}
{"mode": "p1_domain_adapt", "epoch": 7, "step": 750, "world_size": 1, "loss_total": -1.4606599807739258, "loss_latent_nll": -1.4719877243041992, "loss_cosine": 0.011327167972922325, "loss_calibration": 1.191189767268952e-05, "event_term": 0.0}
{"mode": "p1_domain_adapt", "epoch": 7, "step": 800, "world_size": 1, "loss_total": -1.5810182094573975, "loss_latent_nll": -1.5901124477386475, "loss_cosine": 0.00909397006034851, "loss_calibration": 5.091103048471268e-06, "event_term": 0.0}
{"mode": "p1_domain_adapt", "epoch": 8, "step": 850, "world_size": 1, "loss_total": -1.7609161138534546, "loss_latent_nll": -1.7671866416931152, "loss_cosine": 0.006270210258662701, "loss_calibration": 7.541787454101723e-06, "event_term": 0.0}
{"mode": "p1_domain_adapt", "epoch": 8, "step": 900, "world_size": 1, "loss_total": -1.7435115575790405, "loss_latent_nll": -1.7503814697265625, "loss_cosine": 0.006869723554700613, "loss_calibration": 5.417633474280592e-06, "event_term": 0.0}
{"mode": "p1_domain_adapt", "epoch": 9, "step": 950, "world_size": 1, "loss_total": -1.7635945081710815, "loss_latent_nll": -1.7699817419052124, "loss_cosine": 0.006387184374034405, "loss_calibration": 1.0967668231387506e-06, "event_term": 0.0}
{"mode": "p1_domain_adapt", "epoch": 9, "step": 1000, "world_size": 1, "loss_total": -1.8041465282440186, "loss_latent_nll": -1.810103416442871, "loss_cosine": 0.005956610199064016, "loss_calibration": 4.727556643047137e-06, "event_term": 0.0}
{"mode": "p1_domain_adapt", "epoch": 10, "step": 1050, "world_size": 1, "loss_total": -1.934677243232727, "loss_latent_nll": -1.9391400814056396, "loss_cosine": 0.00446269940584898, "loss_calibration": 2.753651642706245e-06, "event_term": 0.0}
{"mode": "p1_domain_adapt", "epoch": 10, "step": 1100, "world_size": 1, "loss_total": -1.86422860622406, "loss_latent_nll": -1.8694360256195068, "loss_cosine": 0.005207230802625418, "loss_calibration": 4.128440195927396e-06, "event_term": 0.0}
{"mode": "p1_domain_adapt", "epoch": 11, "step": 1150, "world_size": 1, "loss_total": -1.9663199186325073, "loss_latent_nll": -1.9706621170043945, "loss_cosine": 0.004342039581388235, "loss_calibration": 1.7813706563174492e-06, "event_term": 0.0}
{"mode": "p1_domain_adapt", "epoch": 11, "step": 1200, "world_size": 1, "loss_total": -2.030473470687866, "loss_latent_nll": -2.0344645977020264, "loss_cosine": 0.003990819212049246, "loss_calibration": 2.392745955148712e-06, "event_term": 0.0}
{"mode": "p1_domain_adapt", "epoch": 12, "step": 1250, "world_size": 1, "loss_total": -1.9927257299423218, "loss_latent_nll": -1.9970306158065796, "loss_cosine": 0.004304707050323486, "loss_calibration": 2.2799085854785517e-06, "event_term": 0.0}
{"mode": "p1_domain_adapt", "epoch": 12, "step": 1300, "world_size": 1, "loss_total": -2.023387908935547, "loss_latent_nll": -2.0274553298950195, "loss_cosine": 0.00406732177361846, "loss_calibration": 1.1940644526475808e-06, "event_term": 0.0}
{"mode": "p1_domain_adapt", "epoch": 13, "step": 1350, "world_size": 1, "loss_total": -2.1364307403564453, "loss_latent_nll": -2.1396138668060303, "loss_cosine": 0.0031830868683755398, "loss_calibration": 8.250382848018489e-07, "event_term": 0.0}
{"mode": "p1_domain_adapt", "epoch": 13, "step": 1400, "world_size": 1, "loss_total": -2.1921966075897217, "loss_latent_nll": -2.1949803829193115, "loss_cosine": 0.002783864736557007, "loss_calibration": 6.795576155127492e-07, "event_term": 0.0}
{"mode": "p1_domain_adapt", "epoch": 14, "step": 1450, "world_size": 1, "loss_total": -2.2089123725891113, "loss_latent_nll": -2.2116506099700928, "loss_cosine": 0.0027381579857319593, "loss_calibration": 7.645323307770013e-07, "event_term": 0.0}
{"mode": "p1_domain_adapt", "epoch": 14, "step": 1500, "world_size": 1, "loss_total": -2.1285626888275146, "loss_latent_nll": -2.1320652961730957, "loss_cosine": 0.003502706764265895, "loss_calibration": 7.990647645783611e-07, "event_term": 0.0}
{"mode": "p1_domain_adapt", "epoch": 15, "step": 1550, "world_size": 1, "loss_total": -2.2517898082733154, "loss_latent_nll": -2.2544703483581543, "loss_cosine": 0.0026804308872669935, "loss_calibration": 6.393241847035824e-07, "event_term": 0.0}
{"mode": "p1_domain_adapt", "epoch": 15, "step": 1600, "world_size": 1, "loss_total": -2.178703546524048, "loss_latent_nll": -2.1818456649780273, "loss_cosine": 0.0031422278843820095, "loss_calibration": 2.003271220019087e-06, "event_term": 0.0}
{"mode": "p1_domain_adapt", "epoch": 16, "step": 1650, "world_size": 1, "loss_total": -2.307800054550171, "loss_latent_nll": -2.310222625732422, "loss_cosine": 0.002422551391646266, "loss_calibration": 9.475006663706154e-07, "event_term": 0.0}
{"mode": "p1_domain_adapt", "epoch": 16, "step": 1700, "world_size": 1, "loss_total": -2.2886862754821777, "loss_latent_nll": -2.2912306785583496, "loss_cosine": 0.0025445222854614258, "loss_calibration": 3.1990779802981706e-07, "event_term": 0.0}
{"mode": "p1_domain_adapt", "epoch": 17, "step": 1750, "world_size": 1, "loss_total": -2.3430917263031006, "loss_latent_nll": -2.3452796936035156, "loss_cosine": 0.0021879971027374268, "loss_calibration": 3.553966507752193e-07, "event_term": 0.0}
{"mode": "p1_domain_adapt", "epoch": 17, "step": 1800, "world_size": 1, "loss_total": -2.413419485092163, "loss_latent_nll": -2.4153308868408203, "loss_cosine": 0.0019115011673420668, "loss_calibration": 5.600189183496695e-07, "event_term": 0.0}
{"mode": "p1_domain_adapt", "epoch": 18, "step": 1850, "world_size": 1, "loss_total": -2.4788427352905273, "loss_latent_nll": -2.4806559085845947, "loss_cosine": 0.0018131535034626722, "loss_calibration": 6.6173100776723e-07, "event_term": 0.0}
{"mode": "p1_domain_adapt", "epoch": 18, "step": 1900, "world_size": 1, "loss_total": -2.434859037399292, "loss_latent_nll": -2.4367566108703613, "loss_cosine": 0.0018976529827341437, "loss_calibration": 4.162062055002025e-07, "event_term": 0.0}
{"mode": "p1_domain_adapt", "epoch": 19, "step": 1950, "world_size": 1, "loss_total": -2.4946908950805664, "loss_latent_nll": -2.496389865875244, "loss_cosine": 0.0016989409923553467, "loss_calibration": 6.874504379084101e-07, "event_term": 0.0}
{"mode": "p1_domain_adapt", "epoch": 19, "step": 2000, "world_size": 1, "loss_total": -2.453322172164917, "loss_latent_nll": -2.455165147781372, "loss_cosine": 0.0018429756164550781, "loss_calibration": 3.757912168111943e-07, "event_term": 0.0}
{"mode": "p1_domain_adapt", "epoch": 20, "step": 2050, "world_size": 1, "loss_total": -2.512317419052124, "loss_latent_nll": -2.514007568359375, "loss_cosine": 0.0016900798073038459, "loss_calibration": 3.72828139916237e-07, "event_term": 0.0}
{"mode": "p1_domain_adapt", "epoch": 20, "step": 2100, "world_size": 1, "loss_total": -2.6034839153289795, "loss_latent_nll": -2.6048874855041504, "loss_cosine": 0.0014036198845133185, "loss_calibration": 3.3254104891966563e-07, "event_term": 0.0}
{"mode": "p1_domain_adapt", "epoch": 21, "step": 2150, "world_size": 1, "loss_total": -2.6252923011779785, "loss_latent_nll": -2.626579761505127, "loss_cosine": 0.0012874206295236945, "loss_calibration": 3.23491974540957e-07, "event_term": 0.0}
{"mode": "p1_domain_adapt", "epoch": 21, "step": 2200, "world_size": 1, "loss_total": -2.61197566986084, "loss_latent_nll": -2.613373279571533, "loss_cosine": 0.001397550106048584, "loss_calibration": 7.29282092493122e-08, "event_term": 0.0}
{"mode": "p1_domain_adapt", "epoch": 22, "step": 2250, "world_size": 1, "loss_total": -2.5756676197052, "loss_latent_nll": -2.577136754989624, "loss_cosine": 0.0014691551914438605, "loss_calibration": 7.516717914768378e-08, "event_term": 0.0}
{"mode": "p1_domain_adapt", "epoch": 22, "step": 2300, "world_size": 1, "loss_total": -2.696011781692505, "loss_latent_nll": -2.697183132171631, "loss_cosine": 0.0011713902931660414, "loss_calibration": 5.70817974221427e-07, "event_term": 0.0}
{"mode": "p1_domain_adapt", "epoch": 23, "step": 2350, "world_size": 1, "loss_total": -2.6472933292388916, "loss_latent_nll": -2.64863920211792, "loss_cosine": 0.0013458927860483527, "loss_calibration": 9.580833193467697e-08, "event_term": 0.0}
{"mode": "p1_domain_adapt", "epoch": 23, "step": 2400, "world_size": 1, "loss_total": -2.6409952640533447, "loss_latent_nll": -2.642369270324707, "loss_cosine": 0.001373976469039917, "loss_calibration": 1.8763817877243127e-07, "event_term": 0.0}
{"mode": "p1_domain_adapt", "epoch": 24, "step": 2450, "world_size": 1, "loss_total": -2.635321617126465, "loss_latent_nll": -2.6367292404174805, "loss_cosine": 0.0014076828956604004, "loss_calibration": 1.0612929912667823e-07, "event_term": 0.0}
{"mode": "p1_domain_adapt", "epoch": 24, "step": 2500, "world_size": 1, "loss_total": -2.747645378112793, "loss_latent_nll": -2.7487616539001465, "loss_cosine": 0.001116295694373548, "loss_calibration": 2.4959996380857774e-07, "event_term": 0.0}
{"mode": "p1_domain_adapt", "epoch": 25, "step": 2550, "world_size": 1, "loss_total": -2.6863462924957275, "loss_latent_nll": -2.6876323223114014, "loss_cosine": 0.001286109327338636, "loss_calibration": 1.2464573728721007e-07, "event_term": 0.0}
{"mode": "p1_domain_adapt", "epoch": 25, "step": 2600, "world_size": 1, "loss_total": -2.8019402027130127, "loss_latent_nll": -2.8029582500457764, "loss_cosine": 0.0010179579257965088, "loss_calibration": 2.658250650711125e-07, "event_term": 0.0}
{"mode": "p1_domain_adapt", "epoch": 26, "step": 2650, "world_size": 1, "loss_total": -2.743924140930176, "loss_latent_nll": -2.745018720626831, "loss_cosine": 0.0010946294059976935, "loss_calibration": 1.469285422217581e-07, "event_term": 0.0}
{"mode": "p1_domain_adapt", "epoch": 26, "step": 2700, "world_size": 1, "loss_total": -2.808642625808716, "loss_latent_nll": -2.809735059738159, "loss_cosine": 0.0010924538364633918, "loss_calibration": 8.081852342911588e-08, "event_term": 0.0}
{"mode": "p1_domain_adapt", "epoch": 27, "step": 2750, "world_size": 1, "loss_total": -2.8296620845794678, "loss_latent_nll": -2.8306503295898438, "loss_cosine": 0.0009881854057312012, "loss_calibration": 1.7820166675619475e-08, "event_term": 0.0}
{"mode": "p1_domain_adapt", "epoch": 27, "step": 2800, "world_size": 1, "loss_total": -2.877919912338257, "loss_latent_nll": -2.878732204437256, "loss_cosine": 0.0008123219013214111, "loss_calibration": 1.3658754483003577e-07, "event_term": 0.0}
{"mode": "p1_domain_adapt", "epoch": 28, "step": 2850, "world_size": 1, "loss_total": -2.7815492153167725, "loss_latent_nll": -2.782614231109619, "loss_cosine": 0.0010650157928466797, "loss_calibration": 1.9167808318343305e-07, "event_term": 0.0}
{"mode": "p1_domain_adapt", "epoch": 28, "step": 2900, "world_size": 1, "loss_total": -2.9080426692962646, "loss_latent_nll": -2.9089057445526123, "loss_cosine": 0.0008630156517028809, "loss_calibration": 2.029630508104674e-07, "event_term": 0.0}
{"mode": "p1_domain_adapt", "epoch": 29, "step": 2950, "world_size": 1, "loss_total": -2.8682823181152344, "loss_latent_nll": -2.8692595958709717, "loss_cosine": 0.0009773671627044678, "loss_calibration": 1.9029965869776788e-07, "event_term": 0.0}
{"mode": "p1_domain_adapt", "epoch": 29, "step": 3000, "world_size": 1, "loss_total": -2.877915143966675, "loss_latent_nll": -2.8788132667541504, "loss_cosine": 0.0008981923456303775, "loss_calibration": 5.593518892510474e-08, "event_term": 0.0}
