[vjepa_backbone] HF load report: loaded=391/395 skipped=12 missing=4 (predictor head dims differ; encoder keys fully covered)
{"checkpoint": "/root/autodl-tmp/acvjepa-project/weights/vjepa2.1-vitb-fpc64-384/model.safetensors", "init": "vjepa2hf", "loaded_keys": 391, "mode": "frozen", "skipped_keys": 12, "strict_ok": false}
{"epochs": 30, "init_from": "vjepa2hf:/root/autodl-tmp/acvjepa-project/weights/vjepa2.1-vitb-fpc64-384/model.safetensors:frozen", "manifest": "/root/autodl-tmp/acvjepa-project/demo_ddp_data_800/manifest.jsonl", "mode": "p1_domain_adapt", "windows": 800, "world_size": 1}
{"mode": "p1_domain_adapt", "epoch": 0, "step": 50, "world_size": 1, "loss_total": 0.38072270154953003, "loss_latent_nll": 0.12293323129415512, "loss_cosine": 0.2569941282272339, "loss_calibration": 0.015906725078821182, "event_term": 0.0}
{"mode": "p1_domain_adapt", "epoch": 0, "step": 100, "world_size": 1, "loss_total": 0.13810308277606964, "loss_latent_nll": -0.06049260497093201, "loss_cosine": 0.19847345352172852, "loss_calibration": 0.0024447995238006115, "event_term": 0.0}
{"mode": "p1_domain_adapt", "epoch": 1, "step": 150, "world_size": 1, "loss_total": -0.16380427777767181, "loss_latent_nll": -0.2817802131175995, "loss_cosine": 0.11784029006958008, "loss_calibration": 0.0027128555811941624, "event_term": 0.0}
{"mode": "p1_domain_adapt", "epoch": 1, "step": 200, "world_size": 1, "loss_total": -0.2751694321632385, "loss_latent_nll": -0.373394250869751, "loss_cosine": 0.09816068410873413, "loss_calibration": 0.001282590557821095, "event_term": 0.0}
{"mode": "p1_domain_adapt", "epoch": 2, "step": 250, "world_size": 1, "loss_total": -0.5414782166481018, "loss_latent_nll": -0.6026062965393066, "loss_cosine": 0.06110050529241562, "loss_calibration": 0.0005523818545043468, "event_term": 0.0}
{"mode": "p1_domain_adapt", "epoch": 2, "step": 300, "world_size": 1, "loss_total": -0.5854886174201965, "loss_latent_nll": -0.6418657302856445, "loss_cosine": 0.05636324733495712, "loss_calibration": 0.0002782070077955723, "event_term": 0.0}
{"mode": "p1_domain_adapt", "epoch": 3, "step": 350, "world_size": 1, "loss_total": -0.8575059771537781, "loss_latent_nll": -0.8913989067077637, "loss_cosine": 0.033883702009916306, "loss_calibration": 0.0001852982386481017, "event_term": 0.0}
{"mode": "p1_domain_adapt", "epoch": 3, "step": 400, "world_size": 1, "loss_total": -0.8055323362350464, "loss_latent_nll": -0.8443483114242554, "loss_cosine": 0.03880804032087326, "loss_calibration": 0.00015832087956368923, "event_term": 0.0}
{"mode": "p1_domain_adapt", "epoch": 4, "step": 450, "world_size": 1, "loss_total": -0.9830896258354187, "loss_latent_nll": -1.0100281238555908, "loss_cosine": 0.026935279369354248, "loss_calibration": 6.434325769077986e-05, "event_term": 0.0}
{"mode": "p1_domain_adapt", "epoch": 4, "step": 500, "world_size": 1, "loss_total": -1.1046130657196045, "loss_latent_nll": -1.1263456344604492, "loss_cosine": 0.021729301661252975, "loss_calibration": 6.334996578516439e-05, "event_term": 0.0}
{"mode": "p1_domain_adapt", "epoch": 5, "step": 550, "world_size": 1, "loss_total": -1.2336095571517944, "loss_latent_nll": -1.25043523311615, "loss_cosine": 0.016824474558234215, "loss_calibration": 2.290811244165525e-05, "event_term": 0.0}
{"mode": "p1_domain_adapt", "epoch": 5, "step": 600, "world_size": 1, "loss_total": -1.3037664890289307, "loss_latent_nll": -1.3197615146636963, "loss_cosine": 0.015994559973478317, "loss_calibration": 1.0414158168714494e-05, "event_term": 0.0}
{"mode": "p1_domain_adapt", "epoch": 6, "step": 650, "world_size": 1, "loss_total": -1.3711472749710083, "loss_latent_nll": -1.3839023113250732, "loss_cosine": 0.012754748575389385, "loss_calibration": 5.423758011602331e-06, "event_term": 0.0}
{"mode": "p1_domain_adapt", "epoch": 6, "step": 700, "world_size": 1, "loss_total": -1.4406671524047852, "loss_latent_nll": -1.452033519744873, "loss_cosine": 0.011365622282028198, "loss_calibration": 1.4793952686886769e-05, "event_term": 0.0}
{"mode": "p1_domain_adapt", "epoch": 7, "step": 750, "world_size": 1, "loss_total": -1.5518980026245117, "loss_latent_nll": -1.561279296875, "loss_cosine": 0.009381085634231567, "loss_calibration": 5.940083610767033e-06, "event_term": 0.0}
{"mode": "p1_domain_adapt", "epoch": 7, "step": 800, "world_size": 1, "loss_total": -1.5513018369674683, "loss_latent_nll": -1.5608724355697632, "loss_cosine": 0.009570400230586529, "loss_calibration": 5.7499250942782965e-06, "event_term": 0.0}
{"mode": "p1_domain_adapt", "epoch": 8, "step": 850, "world_size": 1, "loss_total": -1.62812077999115, "loss_latent_nll": -1.636101484298706, "loss_cosine": 0.007980585098266602, "loss_calibration": 3.182845830451697e-06, "event_term": 0.0}
{"mode": "p1_domain_adapt", "epoch": 8, "step": 900, "world_size": 1, "loss_total": -1.673930048942566, "loss_latent_nll": -1.6813621520996094, "loss_cosine": 0.007431964389979839, "loss_calibration": 2.396057425357867e-06, "event_term": 0.0}
{"mode": "p1_domain_adapt", "epoch": 9, "step": 950, "world_size": 1, "loss_total": -1.6620469093322754, "loss_latent_nll": -1.6692171096801758, "loss_cosine": 0.007169644348323345, "loss_calibration": 1.2624564988072962e-05, "event_term": 0.0}
{"mode": "p1_domain_adapt", "epoch": 9, "step": 1000, "world_size": 1, "loss_total": -1.7951065301895142, "loss_latent_nll": -1.8007858991622925, "loss_cosine": 0.005679409019649029, "loss_calibration": 7.558945753771695e-07, "event_term": 0.0}
{"mode": "p1_domain_adapt", "epoch": 10, "step": 1050, "world_size": 1, "loss_total": -1.8951287269592285, "loss_latent_nll": -1.8998116254806519, "loss_cosine": 0.004682610742747784, "loss_calibration": 3.7647903354809387e-06, "event_term": 0.0}
{"mode": "p1_domain_adapt", "epoch": 10, "step": 1100, "world_size": 1, "loss_total": -1.7734495401382446, "loss_latent_nll": -1.7792572975158691, "loss_cosine": 0.00580759858712554, "loss_calibration": 1.2051883686581277e-06, "event_term": 0.0}
{"mode": "p1_domain_adapt", "epoch": 11, "step": 1150, "world_size": 1, "loss_total": -1.9014878273010254, "loss_latent_nll": -1.9064042568206787, "loss_cosine": 0.004916191101074219, "loss_calibration": 4.203216576570412e-06, "event_term": 0.0}
{"mode": "p1_domain_adapt", "epoch": 11, "step": 1200, "world_size": 1, "loss_total": -1.9252694845199585, "loss_latent_nll": -1.9298138618469238, "loss_cosine": 0.004544377326965332, "loss_calibration": 1.6162823612830834e-07, "event_term": 0.0}
{"mode": "p1_domain_adapt", "epoch": 12, "step": 1250, "world_size": 1, "loss_total": -1.9449015855789185, "loss_latent_nll": -1.949346899986267, "loss_cosine": 0.004445175640285015, "loss_calibration": 2.1966238819004502e-06, "event_term": 0.0}
{"mode": "p1_domain_adapt", "epoch": 12, "step": 1300, "world_size": 1, "loss_total": -2.047030448913574, "loss_latent_nll": -2.0505127906799316, "loss_cosine": 0.0034824113827198744, "loss_calibration": 1.932326540554641e-06, "event_term": 0.0}
{"mode": "p1_domain_adapt", "epoch": 13, "step": 1350, "world_size": 1, "loss_total": -1.9739222526550293, "loss_latent_nll": -1.97794508934021, "loss_cosine": 0.004022817127406597, "loss_calibration": 9.837069683271693e-07, "event_term": 0.0}
{"mode": "p1_domain_adapt", "epoch": 13, "step": 1400, "world_size": 1, "loss_total": -2.141280174255371, "loss_latent_nll": -2.144482135772705, "loss_cosine": 0.003202041145414114, "loss_calibration": 1.709682237560628e-06, "event_term": 0.0}
{"mode": "p1_domain_adapt", "epoch": 14, "step": 1450, "world_size": 1, "loss_total": -2.0571186542510986, "loss_latent_nll": -2.06063175201416, "loss_cosine": 0.0035130283795297146, "loss_calibration": 5.866043011337752e-07, "event_term": 0.0}
{"mode": "p1_domain_adapt", "epoch": 14, "step": 1500, "world_size": 1, "loss_total": -2.1016483306884766, "loss_latent_nll": -2.105120897293091, "loss_cosine": 0.003472447395324707, "loss_calibration": 1.1109198112535523e-06, "event_term": 0.0}
{"mode": "p1_domain_adapt", "epoch": 15, "step": 1550, "world_size": 1, "loss_total": -2.212466239929199, "loss_latent_nll": -2.215163469314575, "loss_cosine": 0.0026971499901264906, "loss_calibration": 4.538358098216122e-07, "event_term": 0.0}
{"mode": "p1_domain_adapt", "epoch": 15, "step": 1600, "world_size": 1, "loss_total": -2.1347973346710205, "loss_latent_nll": -2.1379497051239014, "loss_cosine": 0.003152360673993826, "loss_calibration": 1.491702960265684e-06, "event_term": 0.0}
{"mode": "p1_domain_adapt", "epoch": 16, "step": 1650, "world_size": 1, "loss_total": -2.136383056640625, "loss_latent_nll": -2.139728307723999, "loss_cosine": 0.0033452908974140882, "loss_calibration": 1.6960606217253371e-06, "event_term": 0.0}
{"mode": "p1_domain_adapt", "epoch": 16, "step": 1700, "world_size": 1, "loss_total": -2.22676944732666, "loss_latent_nll": -2.2292885780334473, "loss_cosine": 0.002519200323149562, "loss_calibration": 6.3331259525512e-07, "event_term": 0.0}
{"mode": "p1_domain_adapt", "epoch": 17, "step": 1750, "world_size": 1, "loss_total": -2.2063043117523193, "loss_latent_nll": -2.20918345451355, "loss_cosine": 0.002879232168197632, "loss_calibration": 6.84781298332382e-07, "event_term": 0.0}
{"mode": "p1_domain_adapt", "epoch": 17, "step": 1800, "world_size": 1, "loss_total": -2.278782606124878, "loss_latent_nll": -2.281259775161743, "loss_cosine": 0.0024772784672677517, "loss_calibration": 2.8586072176040034e-07, "event_term": 0.0}
{"mode": "p1_domain_adapt", "epoch": 18, "step": 1850, "world_size": 1, "loss_total": -2.32060170173645, "loss_latent_nll": -2.322770595550537, "loss_cosine": 0.002168933628126979, "loss_calibration": 5.376490435082815e-07, "event_term": 0.0}
{"mode": "p1_domain_adapt", "epoch": 18, "step": 1900, "world_size": 1, "loss_total": -2.3158137798309326, "loss_latent_nll": -2.3181257247924805, "loss_cosine": 0.0023119847755879164, "loss_calibration": 4.2447635451026144e-07, "event_term": 0.0}
{"mode": "p1_domain_adapt", "epoch": 19, "step": 1950, "world_size": 1, "loss_total": -2.320161819458008, "loss_latent_nll": -2.3225317001342773, "loss_cosine": 0.002369791269302368, "loss_calibration": 2.1279747386415693e-07, "event_term": 0.0}
{"mode": "p1_domain_adapt", "epoch": 19, "step": 2000, "world_size": 1, "loss_total": -2.386026620864868, "loss_latent_nll": -2.387986421585083, "loss_cosine": 0.001959910150617361, "loss_calibration": 3.1540122336082277e-07, "event_term": 0.0}
{"mode": "p1_domain_adapt", "epoch": 20, "step": 2050, "world_size": 1, "loss_total": -2.4325010776519775, "loss_latent_nll": -2.434382200241089, "loss_cosine": 0.0018811027985066175, "loss_calibration": 4.6002807607692375e-07, "event_term": 0.0}
{"mode": "p1_domain_adapt", "epoch": 20, "step": 2100, "world_size": 1, "loss_total": -2.349825620651245, "loss_latent_nll": -2.352172374725342, "loss_cosine": 0.0023466944694519043, "loss_calibration": 7.962023005347874e-07, "event_term": 0.0}
{"mode": "p1_domain_adapt", "epoch": 21, "step": 2150, "world_size": 1, "loss_total": -2.325805902481079, "loss_latent_nll": -2.3282411098480225, "loss_cosine": 0.002435108181089163, "loss_calibration": 8.091922154562781e-07, "event_term": 0.0}
{"mode": "p1_domain_adapt", "epoch": 21, "step": 2200, "world_size": 1, "loss_total": -2.5218214988708496, "loss_latent_nll": -2.523242950439453, "loss_cosine": 0.0014213522663339972, "loss_calibration": 4.764980872096203e-07, "event_term": 0.0}
{"mode": "p1_domain_adapt", "epoch": 22, "step": 2250, "world_size": 1, "loss_total": -2.411807060241699, "loss_latent_nll": -2.413817882537842, "loss_cosine": 0.0020108025055378675, "loss_calibration": 1.720137561278534e-07, "event_term": 0.0}
{"mode": "p1_domain_adapt", "epoch": 22, "step": 2300, "world_size": 1, "loss_total": -2.4789228439331055, "loss_latent_nll": -2.4806814193725586, "loss_cosine": 0.0017584562301635742, "loss_calibration": 1.7501217541848746e-07, "event_term": 0.0}
{"mode": "p1_domain_adapt", "epoch": 23, "step": 2350, "world_size": 1, "loss_total": -2.557528495788574, "loss_latent_nll": -2.5590133666992188, "loss_cosine": 0.0014848113059997559, "loss_calibration": 2.0905210362798243e-07, "event_term": 0.0}
{"mode": "p1_domain_adapt", "epoch": 23, "step": 2400, "world_size": 1, "loss_total": -2.466859817504883, "loss_latent_nll": -2.4685840606689453, "loss_cosine": 0.00172429287340492, "loss_calibration": 2.357374739858642e-07, "event_term": 0.0}
{"mode": "p1_domain_adapt", "epoch": 24, "step": 2450, "world_size": 1, "loss_total": -2.4958574771881104, "loss_latent_nll": -2.497441291809082, "loss_cosine": 0.0015837650280445814, "loss_calibration": 2.333882207494753e-07, "event_term": 0.0}
{"mode": "p1_domain_adapt", "epoch": 24, "step": 2500, "world_size": 1, "loss_total": -2.5912258625030518, "loss_latent_nll": -2.592543125152588, "loss_cosine": 0.0013172328472137451, "loss_calibration": 4.054428188737802e-07, "event_term": 0.0}
{"mode": "p1_domain_adapt", "epoch": 25, "step": 2550, "world_size": 1, "loss_total": -2.50767183303833, "loss_latent_nll": -2.5094990730285645, "loss_cosine": 0.0018272598972544074, "loss_calibration": 2.3298639462154824e-07, "event_term": 0.0}
{"mode": "p1_domain_adapt", "epoch": 25, "step": 2600, "world_size": 1, "loss_total": -2.643800735473633, "loss_latent_nll": -2.645082473754883, "loss_cosine": 0.0012818376999348402, "loss_calibration": 1.9823619368253276e-07, "event_term": 0.0}
{"mode": "p1_domain_adapt", "epoch": 26, "step": 2650, "world_size": 1, "loss_total": -2.598020315170288, "loss_latent_nll": -2.5994391441345215, "loss_cosine": 0.0014188289642333984, "loss_calibration": 1.2641467606044898e-07, "event_term": 0.0}
{"mode": "p1_domain_adapt", "epoch": 26, "step": 2700, "world_size": 1, "loss_total": -2.640807628631592, "loss_latent_nll": -2.6420273780822754, "loss_cosine": 0.0012198587646707892, "loss_calibration": 2.9641839205396536e-07, "event_term": 0.0}
{"mode": "p1_domain_adapt", "epoch": 27, "step": 2750, "world_size": 1, "loss_total": -2.6499547958374023, "loss_latent_nll": -2.6512246131896973, "loss_cosine": 0.0012698372593149543, "loss_calibration": 1.7588301659543504e-07, "event_term": 0.0}
{"mode": "p1_domain_adapt", "epoch": 27, "step": 2800, "world_size": 1, "loss_total": -2.5770761966705322, "loss_latent_nll": -2.5784802436828613, "loss_cosine": 0.001404027221724391, "loss_calibration": 1.7287577236402285e-07, "event_term": 0.0}
{"mode": "p1_domain_adapt", "epoch": 28, "step": 2850, "world_size": 1, "loss_total": -2.533642292022705, "loss_latent_nll": -2.5352401733398438, "loss_cosine": 0.0015978118171915412, "loss_calibration": 2.733020778578066e-07, "event_term": 0.0}
{"mode": "p1_domain_adapt", "epoch": 28, "step": 2900, "world_size": 1, "loss_total": -2.664813280105591, "loss_latent_nll": -2.666114330291748, "loss_cosine": 0.001301070093177259, "loss_calibration": 2.9936882128822617e-07, "event_term": 0.0}
{"mode": "p1_domain_adapt", "epoch": 29, "step": 2950, "world_size": 1, "loss_total": -2.639674663543701, "loss_latent_nll": -2.641068458557129, "loss_cosine": 0.0013937652111053467, "loss_calibration": 1.6490427867665858e-07, "event_term": 0.0}
{"mode": "p1_domain_adapt", "epoch": 29, "step": 3000, "world_size": 1, "loss_total": -2.618525266647339, "loss_latent_nll": -2.6199517250061035, "loss_cosine": 0.001426567672751844, "loss_calibration": 1.5214811810437823e-07, "event_term": 0.0}
