[vjepa_backbone] HF load report: loaded=391/395 skipped=12 missing=4 (predictor head dims differ; encoder keys fully covered)
{"checkpoint": "/root/autodl-tmp/acvjepa-project/weights/vjepa2.1-vitb-fpc64-384/model.safetensors", "init": "vjepa2hf", "loaded_keys": 391, "mode": "frozen", "skipped_keys": 12, "strict_ok": false}
{"epochs": 30, "init_from": "vjepa2hf:/root/autodl-tmp/acvjepa-project/weights/vjepa2.1-vitb-fpc64-384/model.safetensors:frozen", "manifest": "/root/autodl-tmp/acvjepa-project/demo_ddp_data_800/manifest.jsonl", "mode": "p1_domain_adapt", "windows": 800, "world_size": 1}
{"mode": "p1_domain_adapt", "epoch": 0, "step": 50, "world_size": 1, "loss_total": 0.5371789932250977, "loss_latent_nll": 0.22476646304130554, "loss_cosine": 0.31042712926864624, "loss_calibration": 0.03970872610807419, "event_term": 0.0}
{"mode": "p1_domain_adapt", "epoch": 0, "step": 100, "world_size": 1, "loss_total": 0.10955369472503662, "loss_latent_nll": -0.04946446418762207, "loss_cosine": 0.1573333442211151, "loss_calibration": 0.033696290105581284, "event_term": 0.0}
{"mode": "p1_domain_adapt", "epoch": 1, "step": 150, "world_size": 1, "loss_total": -0.1048726737499237, "loss_latent_nll": -0.2334490716457367, "loss_cosine": 0.128380686044693, "loss_calibration": 0.003914238419383764, "event_term": 0.0}
{"mode": "p1_domain_adapt", "epoch": 1, "step": 200, "world_size": 1, "loss_total": -0.29789018630981445, "loss_latent_nll": -0.38876253366470337, "loss_cosine": 0.0907997190952301, "loss_calibration": 0.0014523647259920835, "event_term": 0.0}
{"mode": "p1_domain_adapt", "epoch": 2, "step": 250, "world_size": 1, "loss_total": -0.4413532316684723, "loss_latent_nll": -0.5139495730400085, "loss_cosine": 0.07255271077156067, "loss_calibration": 0.000872674398124218, "event_term": 0.0}
{"mode": "p1_domain_adapt", "epoch": 2, "step": 300, "world_size": 1, "loss_total": -0.7191137075424194, "loss_latent_nll": -0.7641826868057251, "loss_cosine": 0.04505695030093193, "loss_calibration": 0.00024084432516247034, "event_term": 0.0}
{"mode": "p1_domain_adapt", "epoch": 3, "step": 350, "world_size": 1, "loss_total": -0.7246319055557251, "loss_latent_nll": -0.7700390815734863, "loss_cosine": 0.045396339148283005, "loss_calibration": 0.00021652871510013938, "event_term": 0.0}
{"mode": "p1_domain_adapt", "epoch": 3, "step": 400, "world_size": 1, "loss_total": -1.0113974809646606, "loss_latent_nll": -1.0353912115097046, "loss_cosine": 0.023983340710401535, "loss_calibration": 0.0002065985172521323, "event_term": 0.0}
{"mode": "p1_domain_adapt", "epoch": 4, "step": 450, "world_size": 1, "loss_total": -1.0415579080581665, "loss_latent_nll": -1.0652769804000854, "loss_cosine": 0.023712804540991783, "loss_calibration": 0.00012552690168377012, "event_term": 0.0}
{"mode": "p1_domain_adapt", "epoch": 4, "step": 500, "world_size": 1, "loss_total": -1.2221845388412476, "loss_latent_nll": -1.2383214235305786, "loss_cosine": 0.016134580597281456, "loss_calibration": 4.521871960605495e-05, "event_term": 0.0}
{"mode": "p1_domain_adapt", "epoch": 5, "step": 550, "world_size": 1, "loss_total": -1.24408757686615, "loss_latent_nll": -1.259930968284607, "loss_cosine": 0.015840670093894005, "loss_calibration": 5.364975004340522e-05, "event_term": 0.0}
{"mode": "p1_domain_adapt", "epoch": 5, "step": 600, "world_size": 1, "loss_total": -1.3525656461715698, "loss_latent_nll": -1.3657116889953613, "loss_cosine": 0.013144811615347862, "loss_calibration": 2.336547549930401e-05, "event_term": 0.0}
{"mode": "p1_domain_adapt", "epoch": 6, "step": 650, "world_size": 1, "loss_total": -1.4261128902435303, "loss_latent_nll": -1.4373109340667725, "loss_cosine": 0.011197229847311974, "loss_calibration": 1.7153937733382918e-05, "event_term": 0.0}
{"mode": "p1_domain_adapt", "epoch": 6, "step": 700, "world_size": 1, "loss_total": -1.4764317274093628, "loss_latent_nll": -1.4867420196533203, "loss_cosine": 0.010309746488928795, "loss_calibration": 1.2537384463939816e-05, "event_term": 0.0}
{"mode": "p1_domain_adapt", "epoch": 7, "step": 750, "world_size": 1, "loss_total": -1.6508207321166992, "loss_latent_nll": -1.6576852798461914, "loss_cosine": 0.006863822694867849, "loss_calibration": 1.493793934059795e-05, "event_term": 0.0}
{"mode": "p1_domain_adapt", "epoch": 7, "step": 800, "world_size": 1, "loss_total": -1.6980937719345093, "loss_latent_nll": -1.7048877477645874, "loss_cosine": 0.006792833562940359, "loss_calibration": 2.3985245206858963e-05, "event_term": 0.0}
{"mode": "p1_domain_adapt", "epoch": 8, "step": 850, "world_size": 1, "loss_total": -1.6464240550994873, "loss_latent_nll": -1.6537580490112305, "loss_cosine": 0.007333268877118826, "loss_calibration": 1.3578215657616965e-05, "event_term": 0.0}
{"mode": "p1_domain_adapt", "epoch": 8, "step": 900, "world_size": 1, "loss_total": -1.7881836891174316, "loss_latent_nll": -1.7939069271087646, "loss_cosine": 0.005722701549530029, "loss_calibration": 8.402982530242298e-06, "event_term": 0.0}
{"mode": "p1_domain_adapt", "epoch": 9, "step": 950, "world_size": 1, "loss_total": -1.7068709135055542, "loss_latent_nll": -1.713659644126892, "loss_cosine": 0.006788372993469238, "loss_calibration": 6.019012289470993e-06, "event_term": 0.0}
{"mode": "p1_domain_adapt", "epoch": 9, "step": 1000, "world_size": 1, "loss_total": -1.8434792757034302, "loss_latent_nll": -1.8487199544906616, "loss_cosine": 0.005240212194621563, "loss_calibration": 9.135245818470139e-06, "event_term": 0.0}
{"mode": "p1_domain_adapt", "epoch": 10, "step": 1050, "world_size": 1, "loss_total": -1.9171018600463867, "loss_latent_nll": -1.9215190410614014, "loss_cosine": 0.004417002201080322, "loss_calibration": 4.716243893199135e-06, "event_term": 0.0}
{"mode": "p1_domain_adapt", "epoch": 10, "step": 1100, "world_size": 1, "loss_total": -2.080301284790039, "loss_latent_nll": -2.083594799041748, "loss_cosine": 0.003293166635558009, "loss_calibration": 2.6376892492407933e-06, "event_term": 0.0}
{"mode": "p1_domain_adapt", "epoch": 11, "step": 1150, "world_size": 1, "loss_total": -2.1253533363342285, "loss_latent_nll": -2.1281838417053223, "loss_cosine": 0.0028304855804890394, "loss_calibration": 2.244677034468623e-06, "event_term": 0.0}
{"mode": "p1_domain_adapt", "epoch": 11, "step": 1200, "world_size": 1, "loss_total": -2.101020574569702, "loss_latent_nll": -2.1042261123657227, "loss_cosine": 0.0032054386101663113, "loss_calibration": 1.4422051890505827e-06, "event_term": 0.0}
{"mode": "p1_domain_adapt", "epoch": 12, "step": 1250, "world_size": 1, "loss_total": -2.0873286724090576, "loss_latent_nll": -2.0905723571777344, "loss_cosine": 0.0032436749897897243, "loss_calibration": 1.2996218856642372e-06, "event_term": 0.0}
{"mode": "p1_domain_adapt", "epoch": 12, "step": 1300, "world_size": 1, "loss_total": -2.1427035331726074, "loss_latent_nll": -2.1457326412200928, "loss_cosine": 0.0030288398265838623, "loss_calibration": 2.865656369976932e-06, "event_term": 0.0}
{"mode": "p1_domain_adapt", "epoch": 13, "step": 1350, "world_size": 1, "loss_total": -2.332348108291626, "loss_latent_nll": -2.3343372344970703, "loss_cosine": 0.0019891660194844007, "loss_calibration": 1.5101097687875153e-06, "event_term": 0.0}
{"mode": "p1_domain_adapt", "epoch": 13, "step": 1400, "world_size": 1, "loss_total": -2.3244400024414062, "loss_latent_nll": -2.32662034034729, "loss_cosine": 0.0021804175339639187, "loss_calibration": 6.039999220774916e-07, "event_term": 0.0}
{"mode": "p1_domain_adapt", "epoch": 14, "step": 1450, "world_size": 1, "loss_total": -2.188126564025879, "loss_latent_nll": -2.1908504962921143, "loss_cosine": 0.0027237534523010254, "loss_calibration": 2.8474382816057187e-06, "event_term": 0.0}
{"mode": "p1_domain_adapt", "epoch": 14, "step": 1500, "world_size": 1, "loss_total": -2.32889461517334, "loss_latent_nll": -2.3311703205108643, "loss_cosine": 0.002275745151564479, "loss_calibration": 4.902641990156553e-07, "event_term": 0.0}
{"mode": "p1_domain_adapt", "epoch": 15, "step": 1550, "world_size": 1, "loss_total": -2.319904088973999, "loss_latent_nll": -2.322054624557495, "loss_cosine": 0.0021504859905689955, "loss_calibration": 8.366018846572842e-07, "event_term": 0.0}
{"mode": "p1_domain_adapt", "epoch": 15, "step": 1600, "world_size": 1, "loss_total": -2.4574475288391113, "loss_latent_nll": -2.45904541015625, "loss_cosine": 0.0015978118171915412, "loss_calibration": 2.2667506982543273e-07, "event_term": 0.0}
{"mode": "p1_domain_adapt", "epoch": 16, "step": 1650, "world_size": 1, "loss_total": -2.412673234939575, "loss_latent_nll": -2.4144046306610107, "loss_cosine": 0.00173148512840271, "loss_calibration": 5.47826914498728e-07, "event_term": 0.0}
{"mode": "p1_domain_adapt", "epoch": 16, "step": 1700, "world_size": 1, "loss_total": -2.4940333366394043, "loss_latent_nll": -2.4956681728363037, "loss_cosine": 0.0016348462086170912, "loss_calibration": 4.778905235980346e-07, "event_term": 0.0}
{"mode": "p1_domain_adapt", "epoch": 17, "step": 1750, "world_size": 1, "loss_total": -2.5984082221984863, "loss_latent_nll": -2.599705219268799, "loss_cosine": 0.0012971162796020508, "loss_calibration": 4.338808992088161e-07, "event_term": 0.0}
{"mode": "p1_domain_adapt", "epoch": 17, "step": 1800, "world_size": 1, "loss_total": -2.5180563926696777, "loss_latent_nll": -2.519606113433838, "loss_cosine": 0.001549671171233058, "loss_calibration": 5.589229203906143e-07, "event_term": 0.0}
{"mode": "p1_domain_adapt", "epoch": 18, "step": 1850, "world_size": 1, "loss_total": -2.6934523582458496, "loss_latent_nll": -2.6944940090179443, "loss_cosine": 0.0010417501907795668, "loss_calibration": 3.780631629979325e-07, "event_term": 0.0}
{"mode": "p1_domain_adapt", "epoch": 18, "step": 1900, "world_size": 1, "loss_total": -2.6960456371307373, "loss_latent_nll": -2.6971871852874756, "loss_cosine": 0.001141627668403089, "loss_calibration": 4.037040923776658e-07, "event_term": 0.0}
{"mode": "p1_domain_adapt", "epoch": 19, "step": 1950, "world_size": 1, "loss_total": -2.7432548999786377, "loss_latent_nll": -2.744338035583496, "loss_cosine": 0.0010830959072336555, "loss_calibration": 1.8846688476514828e-07, "event_term": 0.0}
{"mode": "p1_domain_adapt", "epoch": 19, "step": 2000, "world_size": 1, "loss_total": -2.7683515548706055, "loss_latent_nll": -2.7693185806274414, "loss_cosine": 0.0009671251173131168, "loss_calibration": 2.668556362550589e-07, "event_term": 0.0}
{"mode": "p1_domain_adapt", "epoch": 20, "step": 2050, "world_size": 1, "loss_total": -2.7440595626831055, "loss_latent_nll": -2.745203733444214, "loss_cosine": 0.0011442601680755615, "loss_calibration": 1.3533741594073945e-07, "event_term": 0.0}
{"mode": "p1_domain_adapt", "epoch": 20, "step": 2100, "world_size": 1, "loss_total": -2.588653087615967, "loss_latent_nll": -2.5899453163146973, "loss_cosine": 0.0012921791058033705, "loss_calibration": 8.87811779648473e-07, "event_term": 0.0}
{"mode": "p1_domain_adapt", "epoch": 21, "step": 2150, "world_size": 1, "loss_total": -2.9246697425842285, "loss_latent_nll": -2.9253506660461426, "loss_cosine": 0.0006808936595916748, "loss_calibration": 2.6256856244799565e-07, "event_term": 0.0}
{"mode": "p1_domain_adapt", "epoch": 21, "step": 2200, "world_size": 1, "loss_total": -2.928129196166992, "loss_latent_nll": -2.9289064407348633, "loss_cosine": 0.0007771452656015754, "loss_calibration": 1.8368636744980904e-07, "event_term": 0.0}
{"mode": "p1_domain_adapt", "epoch": 22, "step": 2250, "world_size": 1, "loss_total": -2.9465317726135254, "loss_latent_nll": -2.9472644329071045, "loss_cosine": 0.0007326900959014893, "loss_calibration": 1.536249953915103e-07, "event_term": 0.0}
{"mode": "p1_domain_adapt", "epoch": 22, "step": 2300, "world_size": 1, "loss_total": -2.8128976821899414, "loss_latent_nll": -2.8139560222625732, "loss_cosine": 0.0010584096889942884, "loss_calibration": 1.0037979336630087e-06, "event_term": 0.0}
{"mode": "p1_domain_adapt", "epoch": 23, "step": 2350, "world_size": 1, "loss_total": -2.9198758602142334, "loss_latent_nll": -2.9206881523132324, "loss_cosine": 0.0008122622966766357, "loss_calibration": 2.0768217723343696e-07, "event_term": 0.0}
{"mode": "p1_domain_adapt", "epoch": 23, "step": 2400, "world_size": 1, "loss_total": -2.978109836578369, "loss_latent_nll": -2.978780746459961, "loss_cosine": 0.0006709297886118293, "loss_calibration": 1.0122232652065577e-07, "event_term": 0.0}
{"mode": "p1_domain_adapt", "epoch": 24, "step": 2450, "world_size": 1, "loss_total": -2.920931100845337, "loss_latent_nll": -2.921760320663452, "loss_cosine": 0.0008291900157928467, "loss_calibration": 5.3791907816957973e-08, "event_term": 0.0}
{"mode": "p1_domain_adapt", "epoch": 24, "step": 2500, "world_size": 1, "loss_total": -2.942694664001465, "loss_latent_nll": -2.9434638023376465, "loss_cosine": 0.0007691184873692691, "loss_calibration": 5.08251901010226e-07, "event_term": 0.0}
{"mode": "p1_domain_adapt", "epoch": 25, "step": 2550, "world_size": 1, "loss_total": -3.0407299995422363, "loss_latent_nll": -3.0413265228271484, "loss_cosine": 0.0005966424942016602, "loss_calibration": 8.796311590231198e-08, "event_term": 0.0}
{"mode": "p1_domain_adapt", "epoch": 25, "step": 2600, "world_size": 1, "loss_total": -3.080824375152588, "loss_latent_nll": -3.081399917602539, "loss_cosine": 0.0005755027523264289, "loss_calibration": 4.8401371799400295e-08, "event_term": 0.0}
{"mode": "p1_domain_adapt", "epoch": 26, "step": 2650, "world_size": 1, "loss_total": -3.1994166374206543, "loss_latent_nll": -3.199815273284912, "loss_cosine": 0.0003985862131230533, "loss_calibration": 6.184232859141048e-08, "event_term": 0.0}
{"mode": "p1_domain_adapt", "epoch": 26, "step": 2700, "world_size": 1, "loss_total": -3.1766180992126465, "loss_latent_nll": -3.1770780086517334, "loss_cosine": 0.00046002864837646484, "loss_calibration": 6.124080442759805e-08, "event_term": 0.0}
{"mode": "p1_domain_adapt", "epoch": 27, "step": 2750, "world_size": 1, "loss_total": -3.141359806060791, "loss_latent_nll": -3.1418673992156982, "loss_cosine": 0.0005075435037724674, "loss_calibration": 2.321447567510404e-08, "event_term": 0.0}
{"mode": "p1_domain_adapt", "epoch": 27, "step": 2800, "world_size": 1, "loss_total": -3.2576615810394287, "loss_latent_nll": -3.2580220699310303, "loss_cosine": 0.00036038956022821367, "loss_calibration": 4.4915033470260823e-08, "event_term": 0.0}
{"mode": "p1_domain_adapt", "epoch": 28, "step": 2850, "world_size": 1, "loss_total": -3.19502592086792, "loss_latent_nll": -3.195525884628296, "loss_cosine": 0.0004998743534088135, "loss_calibration": 5.2624027802039564e-08, "event_term": 0.0}
{"mode": "p1_domain_adapt", "epoch": 28, "step": 2900, "world_size": 1, "loss_total": -3.289186477661133, "loss_latent_nll": -3.2895450592041016, "loss_cosine": 0.00035866102552972734, "loss_calibration": 4.216261118017428e-08, "event_term": 0.0}
{"mode": "p1_domain_adapt", "epoch": 29, "step": 2950, "world_size": 1, "loss_total": -3.2916364669799805, "loss_latent_nll": -3.292020797729492, "loss_cosine": 0.00038443010998889804, "loss_calibration": 3.91325407633758e-08, "event_term": 0.0}
{"mode": "p1_domain_adapt", "epoch": 29, "step": 3000, "world_size": 1, "loss_total": -3.2661828994750977, "loss_latent_nll": -3.266587972640991, "loss_cosine": 0.0004050731658935547, "loss_calibration": 3.9887730451937387e-08, "event_term": 0.0}
