[vjepa_backbone] HF load report: loaded=391/395 skipped=12 missing=4 (predictor head dims differ; encoder keys fully covered)
{"checkpoint": "/root/autodl-tmp/acvjepa-project/weights/vjepa2.1-vitb-fpc64-384/model.safetensors", "init": "vjepa2hf", "loaded_keys": 391, "mode": "frozen", "skipped_keys": 12, "strict_ok": false}
{"epochs": 30, "init_from": "vjepa2hf:/root/autodl-tmp/acvjepa-project/weights/vjepa2.1-vitb-fpc64-384/model.safetensors:frozen", "manifest": "/root/autodl-tmp/acvjepa-project/demo_ddp_data_800/manifest.jsonl", "mode": "p1_domain_adapt", "windows": 800, "world_size": 1}
{"mode": "p1_domain_adapt", "epoch": 0, "step": 50, "world_size": 1, "loss_total": 0.31826505064964294, "loss_latent_nll": 0.06212758272886276, "loss_cosine": 0.2559454143047333, "loss_calibration": 0.003840658813714981, "event_term": 0.0}
{"mode": "p1_domain_adapt", "epoch": 0, "step": 100, "world_size": 1, "loss_total": 0.1889924257993698, "loss_latent_nll": -0.022106342017650604, "loss_cosine": 0.2109253853559494, "loss_calibration": 0.003467596834525466, "event_term": 0.0}
{"mode": "p1_domain_adapt", "epoch": 1, "step": 150, "world_size": 1, "loss_total": -0.0731249451637268, "loss_latent_nll": -0.21075432002544403, "loss_cosine": 0.13756608963012695, "loss_calibration": 0.0012656324543058872, "event_term": 0.0}
{"mode": "p1_domain_adapt", "epoch": 1, "step": 200, "world_size": 1, "loss_total": -0.24123096466064453, "loss_latent_nll": -0.3485678434371948, "loss_cosine": 0.10732941329479218, "loss_calibration": 0.0001493508752901107, "event_term": 0.0}
{"mode": "p1_domain_adapt", "epoch": 2, "step": 250, "world_size": 1, "loss_total": -0.4371230900287628, "loss_latent_nll": -0.5117791295051575, "loss_cosine": 0.07464568316936493, "loss_calibration": 0.00020681186288129538, "event_term": 0.0}
{"mode": "p1_domain_adapt", "epoch": 2, "step": 300, "world_size": 1, "loss_total": -0.533043622970581, "loss_latent_nll": -0.5965864062309265, "loss_cosine": 0.06353099644184113, "loss_calibration": 0.00023580872220918536, "event_term": 0.0}
{"mode": "p1_domain_adapt", "epoch": 3, "step": 350, "world_size": 1, "loss_total": -0.6709111332893372, "loss_latent_nll": -0.719937801361084, "loss_cosine": 0.04901954531669617, "loss_calibration": 0.00014237206778489053, "event_term": 0.0}
{"mode": "p1_domain_adapt", "epoch": 3, "step": 400, "world_size": 1, "loss_total": -0.7473918795585632, "loss_latent_nll": -0.7903181910514832, "loss_cosine": 0.0429234504699707, "loss_calibration": 5.715332736144774e-05, "event_term": 0.0}
{"mode": "p1_domain_adapt", "epoch": 4, "step": 450, "world_size": 1, "loss_total": -0.892439603805542, "loss_latent_nll": -0.9252607226371765, "loss_cosine": 0.032820235937833786, "loss_calibration": 1.771468305378221e-05, "event_term": 0.0}
{"mode": "p1_domain_adapt", "epoch": 4, "step": 500, "world_size": 1, "loss_total": -1.0047861337661743, "loss_latent_nll": -1.0307397842407227, "loss_cosine": 0.025952499359846115, "loss_calibration": 2.4098078938550316e-05, "event_term": 0.0}
{"mode": "p1_domain_adapt", "epoch": 5, "step": 550, "world_size": 1, "loss_total": -1.0534714460372925, "loss_latent_nll": -1.0782628059387207, "loss_cosine": 0.024788301438093185, "loss_calibration": 6.306747673079371e-05, "event_term": 0.0}
{"mode": "p1_domain_adapt", "epoch": 5, "step": 600, "world_size": 1, "loss_total": -1.0693339109420776, "loss_latent_nll": -1.0923523902893066, "loss_cosine": 0.023017605766654015, "loss_calibration": 1.5956657080096193e-05, "event_term": 0.0}
{"mode": "p1_domain_adapt", "epoch": 6, "step": 650, "world_size": 1, "loss_total": -1.106528878211975, "loss_latent_nll": -1.1275215148925781, "loss_cosine": 0.020991584286093712, "loss_calibration": 2.2426629584515467e-05, "event_term": 0.0}
{"mode": "p1_domain_adapt", "epoch": 6, "step": 700, "world_size": 1, "loss_total": -1.196648120880127, "loss_latent_nll": -1.2150968313217163, "loss_cosine": 0.01844794675707817, "loss_calibration": 1.4825301150267478e-05, "event_term": 0.0}
{"mode": "p1_domain_adapt", "epoch": 7, "step": 750, "world_size": 1, "loss_total": -1.2376760244369507, "loss_latent_nll": -1.2546409368515015, "loss_cosine": 0.016964247450232506, "loss_calibration": 1.4128198927210178e-05, "event_term": 0.0}
{"mode": "p1_domain_adapt", "epoch": 7, "step": 800, "world_size": 1, "loss_total": -1.258649468421936, "loss_latent_nll": -1.2749109268188477, "loss_cosine": 0.016261111944913864, "loss_calibration": 7.37568507247488e-06, "event_term": 0.0}
{"mode": "p1_domain_adapt", "epoch": 8, "step": 850, "world_size": 1, "loss_total": -1.3813942670822144, "loss_latent_nll": -1.3943021297454834, "loss_cosine": 0.012907247059047222, "loss_calibration": 1.2166931810497772e-05, "event_term": 0.0}
{"mode": "p1_domain_adapt", "epoch": 8, "step": 900, "world_size": 1, "loss_total": -1.2954871654510498, "loss_latent_nll": -1.3106606006622314, "loss_cosine": 0.015172700397670269, "loss_calibration": 1.4419160834222566e-05, "event_term": 0.0}
{"mode": "p1_domain_adapt", "epoch": 9, "step": 950, "world_size": 1, "loss_total": -1.413684606552124, "loss_latent_nll": -1.4257867336273193, "loss_cosine": 0.012101670727133751, "loss_calibration": 1.0551497325650416e-05, "event_term": 0.0}
{"mode": "p1_domain_adapt", "epoch": 9, "step": 1000, "world_size": 1, "loss_total": -1.4024945497512817, "loss_latent_nll": -1.4150012731552124, "loss_cosine": 0.01250617764890194, "loss_calibration": 1.1878869372594636e-05, "event_term": 0.0}
{"mode": "p1_domain_adapt", "epoch": 10, "step": 1050, "world_size": 1, "loss_total": -1.4562208652496338, "loss_latent_nll": -1.4675548076629639, "loss_cosine": 0.011333763599395752, "loss_calibration": 4.26012138632359e-06, "event_term": 0.0}
{"mode": "p1_domain_adapt", "epoch": 10, "step": 1100, "world_size": 1, "loss_total": -1.4257408380508423, "loss_latent_nll": -1.4377429485321045, "loss_cosine": 0.012001892551779747, "loss_calibration": 5.776260422862833e-06, "event_term": 0.0}
{"mode": "p1_domain_adapt", "epoch": 11, "step": 1150, "world_size": 1, "loss_total": -1.4610565900802612, "loss_latent_nll": -1.4720405340194702, "loss_cosine": 0.010982642881572247, "loss_calibration": 2.6109220925718546e-05, "event_term": 0.0}
{"mode": "p1_domain_adapt", "epoch": 11, "step": 1200, "world_size": 1, "loss_total": -1.4631381034851074, "loss_latent_nll": -1.4742625951766968, "loss_cosine": 0.011124253273010254, "loss_calibration": 5.500688985193847e-06, "event_term": 0.0}
{"mode": "p1_domain_adapt", "epoch": 12, "step": 1250, "world_size": 1, "loss_total": -1.513632893562317, "loss_latent_nll": -1.5234086513519287, "loss_cosine": 0.009775608777999878, "loss_calibration": 3.364911663084058e-06, "event_term": 0.0}
{"mode": "p1_domain_adapt", "epoch": 12, "step": 1300, "world_size": 1, "loss_total": -1.5236173868179321, "loss_latent_nll": -1.5332478284835815, "loss_cosine": 0.009630313143134117, "loss_calibration": 3.3837422961369157e-06, "event_term": 0.0}
{"mode": "p1_domain_adapt", "epoch": 13, "step": 1350, "world_size": 1, "loss_total": -1.5664646625518799, "loss_latent_nll": -1.5755183696746826, "loss_cosine": 0.009053459390997887, "loss_calibration": 4.49822073278483e-06, "event_term": 0.0}
{"mode": "p1_domain_adapt", "epoch": 13, "step": 1400, "world_size": 1, "loss_total": -1.5139617919921875, "loss_latent_nll": -1.5240371227264404, "loss_cosine": 0.010075251571834087, "loss_calibration": 2.083810159092536e-06, "event_term": 0.0}
{"mode": "p1_domain_adapt", "epoch": 14, "step": 1450, "world_size": 1, "loss_total": -1.5593341588974, "loss_latent_nll": -1.5685112476348877, "loss_cosine": 0.00917690061032772, "loss_calibration": 3.78524146071868e-06, "event_term": 0.0}
{"mode": "p1_domain_adapt", "epoch": 14, "step": 1500, "world_size": 1, "loss_total": -1.5921814441680908, "loss_latent_nll": -1.6010031700134277, "loss_cosine": 0.008821457624435425, "loss_calibration": 3.924409611499868e-06, "event_term": 0.0}
{"mode": "p1_domain_adapt", "epoch": 15, "step": 1550, "world_size": 1, "loss_total": -1.555198311805725, "loss_latent_nll": -1.564719557762146, "loss_cosine": 0.009520798921585083, "loss_calibration": 1.0302814189344645e-05, "event_term": 0.0}
{"mode": "p1_domain_adapt", "epoch": 15, "step": 1600, "world_size": 1, "loss_total": -1.5958703756332397, "loss_latent_nll": -1.6043994426727295, "loss_cosine": 0.008528878912329674, "loss_calibration": 5.869096185051603e-06, "event_term": 0.0}
{"mode": "p1_domain_adapt", "epoch": 16, "step": 1650, "world_size": 1, "loss_total": -1.6161677837371826, "loss_latent_nll": -1.6243233680725098, "loss_cosine": 0.008155356161296368, "loss_calibration": 4.347552021499723e-06, "event_term": 0.0}
{"mode": "p1_domain_adapt", "epoch": 16, "step": 1700, "world_size": 1, "loss_total": -1.6213184595108032, "loss_latent_nll": -1.6296900510787964, "loss_cosine": 0.00837138295173645, "loss_calibration": 3.890008883900009e-06, "event_term": 0.0}
{"mode": "p1_domain_adapt", "epoch": 17, "step": 1750, "world_size": 1, "loss_total": -1.542598009109497, "loss_latent_nll": -1.552172064781189, "loss_cosine": 0.009573757648468018, "loss_calibration": 4.922042535326909e-06, "event_term": 0.0}
{"mode": "p1_domain_adapt", "epoch": 17, "step": 1800, "world_size": 1, "loss_total": -1.5738986730575562, "loss_latent_nll": -1.5832608938217163, "loss_cosine": 0.009362141601741314, "loss_calibration": 3.1450006190425484e-06, "event_term": 0.0}
{"mode": "p1_domain_adapt", "epoch": 18, "step": 1850, "world_size": 1, "loss_total": -1.5855529308319092, "loss_latent_nll": -1.5942866802215576, "loss_cosine": 0.008733591064810753, "loss_calibration": 2.588401002867613e-06, "event_term": 0.0}
{"mode": "p1_domain_adapt", "epoch": 18, "step": 1900, "world_size": 1, "loss_total": -1.5719956159591675, "loss_latent_nll": -1.5813283920288086, "loss_cosine": 0.009331951849162579, "loss_calibration": 1.661981877987273e-05, "event_term": 0.0}
{"mode": "p1_domain_adapt", "epoch": 19, "step": 1950, "world_size": 1, "loss_total": -1.6692826747894287, "loss_latent_nll": -1.6768492460250854, "loss_cosine": 0.007566392421722412, "loss_calibration": 5.147498995938804e-06, "event_term": 0.0}
{"mode": "p1_domain_adapt", "epoch": 19, "step": 2000, "world_size": 1, "loss_total": -1.7014580965042114, "loss_latent_nll": -1.7087109088897705, "loss_cosine": 0.007252534385770559, "loss_calibration": 4.283830548956757e-06, "event_term": 0.0}
{"mode": "p1_domain_adapt", "epoch": 20, "step": 2050, "world_size": 1, "loss_total": -1.5675712823867798, "loss_latent_nll": -1.576633334159851, "loss_cosine": 0.009061247110366821, "loss_calibration": 1.5963028999976814e-05, "event_term": 0.0}
{"mode": "p1_domain_adapt", "epoch": 20, "step": 2100, "world_size": 1, "loss_total": -1.6162570714950562, "loss_latent_nll": -1.6244735717773438, "loss_cosine": 0.008215844631195068, "loss_calibration": 1.1331989298923872e-05, "event_term": 0.0}
{"mode": "p1_domain_adapt", "epoch": 21, "step": 2150, "world_size": 1, "loss_total": -1.6144373416900635, "loss_latent_nll": -1.622881293296814, "loss_cosine": 0.008443623781204224, "loss_calibration": 8.173808055289555e-06, "event_term": 0.0}
{"mode": "p1_domain_adapt", "epoch": 21, "step": 2200, "world_size": 1, "loss_total": -1.5945521593093872, "loss_latent_nll": -1.6031335592269897, "loss_cosine": 0.008580675348639488, "loss_calibration": 1.3495386156137101e-05, "event_term": 0.0}
{"mode": "p1_domain_adapt", "epoch": 22, "step": 2250, "world_size": 1, "loss_total": -1.6185221672058105, "loss_latent_nll": -1.6268361806869507, "loss_cosine": 0.008313735947012901, "loss_calibration": 5.132586920808535e-06, "event_term": 0.0}
{"mode": "p1_domain_adapt", "epoch": 22, "step": 2300, "world_size": 1, "loss_total": -1.6690969467163086, "loss_latent_nll": -1.676969051361084, "loss_cosine": 0.007871925830841064, "loss_calibration": 4.8966439862851985e-06, "event_term": 0.0}
{"mode": "p1_domain_adapt", "epoch": 23, "step": 2350, "world_size": 1, "loss_total": -1.631937026977539, "loss_latent_nll": -1.6399668455123901, "loss_cosine": 0.008029511198401451, "loss_calibration": 8.009064913494512e-06, "event_term": 0.0}
{"mode": "p1_domain_adapt", "epoch": 23, "step": 2400, "world_size": 1, "loss_total": -1.6517993211746216, "loss_latent_nll": -1.6598443984985352, "loss_cosine": 0.008044809103012085, "loss_calibration": 4.594661731971428e-06, "event_term": 0.0}
{"mode": "p1_domain_adapt", "epoch": 24, "step": 2450, "world_size": 1, "loss_total": -1.6601214408874512, "loss_latent_nll": -1.6679261922836304, "loss_cosine": 0.007804244756698608, "loss_calibration": 8.525194061803631e-06, "event_term": 0.0}
{"mode": "p1_domain_adapt", "epoch": 24, "step": 2500, "world_size": 1, "loss_total": -1.5583995580673218, "loss_latent_nll": -1.567758321762085, "loss_cosine": 0.009358326904475689, "loss_calibration": 9.495408448856324e-06, "event_term": 0.0}
{"mode": "p1_domain_adapt", "epoch": 25, "step": 2550, "world_size": 1, "loss_total": -1.6668322086334229, "loss_latent_nll": -1.674673080444336, "loss_cosine": 0.007840782403945923, "loss_calibration": 3.472748858257546e-06, "event_term": 0.0}
{"mode": "p1_domain_adapt", "epoch": 25, "step": 2600, "world_size": 1, "loss_total": -1.6472172737121582, "loss_latent_nll": -1.6553866863250732, "loss_cosine": 0.008169184438884258, "loss_calibration": 3.5944431147072464e-06, "event_term": 0.0}
{"mode": "p1_domain_adapt", "epoch": 26, "step": 2650, "world_size": 1, "loss_total": -1.6731767654418945, "loss_latent_nll": -1.6807632446289062, "loss_cosine": 0.00758640980347991, "loss_calibration": 2.6451270969118923e-06, "event_term": 0.0}
{"mode": "p1_domain_adapt", "epoch": 26, "step": 2700, "world_size": 1, "loss_total": -1.712603211402893, "loss_latent_nll": -1.7197489738464355, "loss_cosine": 0.007145623676478863, "loss_calibration": 2.2794436063122703e-06, "event_term": 0.0}
{"mode": "p1_domain_adapt", "epoch": 27, "step": 2750, "world_size": 1, "loss_total": -1.6861474514007568, "loss_latent_nll": -1.693808913230896, "loss_cosine": 0.007661491632461548, "loss_calibration": 1.137390427174978e-06, "event_term": 0.0}
{"mode": "p1_domain_adapt", "epoch": 27, "step": 2800, "world_size": 1, "loss_total": -1.7126173973083496, "loss_latent_nll": -1.719712257385254, "loss_cosine": 0.007094631902873516, "loss_calibration": 5.779924322268926e-06, "event_term": 0.0}
{"mode": "p1_domain_adapt", "epoch": 28, "step": 2850, "world_size": 1, "loss_total": -1.6878459453582764, "loss_latent_nll": -1.6953580379486084, "loss_cosine": 0.007511874195188284, "loss_calibration": 4.104878371435916e-06, "event_term": 0.0}
{"mode": "p1_domain_adapt", "epoch": 28, "step": 2900, "world_size": 1, "loss_total": -1.8018748760223389, "loss_latent_nll": -1.8078464269638062, "loss_cosine": 0.005971263162791729, "loss_calibration": 3.6638743949879427e-06, "event_term": 0.0}
{"mode": "p1_domain_adapt", "epoch": 29, "step": 2950, "world_size": 1, "loss_total": -1.6805427074432373, "loss_latent_nll": -1.6882632970809937, "loss_cosine": 0.007720321416854858, "loss_calibration": 4.481265932554379e-06, "event_term": 0.0}
{"mode": "p1_domain_adapt", "epoch": 29, "step": 3000, "world_size": 1, "loss_total": -1.7307606935501099, "loss_latent_nll": -1.737709403038025, "loss_cosine": 0.006948649883270264, "loss_calibration": 2.7332578156347154e-06, "event_term": 0.0}
