[vjepa_backbone] HF load report: loaded=391/395 skipped=12 missing=4 (predictor head dims differ; encoder keys fully covered)
{"checkpoint": "/root/autodl-tmp/acvjepa-project/weights/vjepa2.1-vitb-fpc64-384/model.safetensors", "init": "vjepa2hf", "loaded_keys": 391, "mode": "frozen", "skipped_keys": 12, "strict_ok": false}
{"epochs": 30, "init_from": "vjepa2hf:/root/autodl-tmp/acvjepa-project/weights/vjepa2.1-vitb-fpc64-384/model.safetensors:frozen", "manifest": "/root/autodl-tmp/acvjepa-project/demo_ddp_data_800/manifest.jsonl", "mode": "p1_domain_adapt", "windows": 800, "world_size": 1}
{"mode": "p1_domain_adapt", "epoch": 0, "step": 50, "world_size": 1, "loss_total": 0.4310302138328552, "loss_latent_nll": 0.1342187523841858, "loss_cosine": 0.2962179183959961, "loss_calibration": 0.011871114373207092, "event_term": 0.0}
{"mode": "p1_domain_adapt", "epoch": 0, "step": 100, "world_size": 1, "loss_total": 0.20990733802318573, "loss_latent_nll": -0.011110452935099602, "loss_cosine": 0.22081515192985535, "loss_calibration": 0.004052822943776846, "event_term": 0.0}
{"mode": "p1_domain_adapt", "epoch": 1, "step": 150, "world_size": 1, "loss_total": -0.07100457698106766, "loss_latent_nll": -0.21198086440563202, "loss_cosine": 0.14095312356948853, "loss_calibration": 0.0004632717464119196, "event_term": 0.0}
{"mode": "p1_domain_adapt", "epoch": 1, "step": 200, "world_size": 1, "loss_total": -0.14157287776470184, "loss_latent_nll": -0.26608091592788696, "loss_cosine": 0.12444408982992172, "loss_calibration": 0.001278710551559925, "event_term": 0.0}
{"mode": "p1_domain_adapt", "epoch": 2, "step": 250, "world_size": 1, "loss_total": -0.451939195394516, "loss_latent_nll": -0.5278339982032776, "loss_cosine": 0.07587125897407532, "loss_calibration": 0.000470737082650885, "event_term": 0.0}
{"mode": "p1_domain_adapt", "epoch": 2, "step": 300, "world_size": 1, "loss_total": -0.6637095808982849, "loss_latent_nll": -0.7130798101425171, "loss_cosine": 0.049347154796123505, "loss_calibration": 0.0004618877428583801, "event_term": 0.0}
{"mode": "p1_domain_adapt", "epoch": 3, "step": 350, "world_size": 1, "loss_total": -0.7040666341781616, "loss_latent_nll": -0.7498965263366699, "loss_cosine": 0.04582705348730087, "loss_calibration": 5.664805576088838e-05, "event_term": 0.0}
{"mode": "p1_domain_adapt", "epoch": 3, "step": 400, "world_size": 1, "loss_total": -0.8285825252532959, "loss_latent_nll": -0.8664381504058838, "loss_cosine": 0.03785111755132675, "loss_calibration": 9.105886420002207e-05, "event_term": 0.0}
{"mode": "p1_domain_adapt", "epoch": 4, "step": 450, "world_size": 1, "loss_total": -0.9162828922271729, "loss_latent_nll": -0.9477392435073853, "loss_cosine": 0.03145192191004753, "loss_calibration": 8.826720295473933e-05, "event_term": 0.0}
{"mode": "p1_domain_adapt", "epoch": 4, "step": 500, "world_size": 1, "loss_total": -0.9309655427932739, "loss_latent_nll": -0.9611834287643433, "loss_cosine": 0.03021632693707943, "loss_calibration": 3.149220356135629e-05, "event_term": 0.0}
{"mode": "p1_domain_adapt", "epoch": 5, "step": 550, "world_size": 1, "loss_total": -1.0546774864196777, "loss_latent_nll": -1.0786237716674805, "loss_cosine": 0.023945271968841553, "loss_calibration": 1.953096580109559e-05, "event_term": 0.0}
{"mode": "p1_domain_adapt", "epoch": 5, "step": 600, "world_size": 1, "loss_total": -1.122899055480957, "loss_latent_nll": -1.1444270610809326, "loss_cosine": 0.021526705473661423, "loss_calibration": 2.694166323635727e-05, "event_term": 0.0}
{"mode": "p1_domain_adapt", "epoch": 6, "step": 650, "world_size": 1, "loss_total": -1.2204042673110962, "loss_latent_nll": -1.2378714084625244, "loss_cosine": 0.01746656559407711, "loss_calibration": 1.1755098057619762e-05, "event_term": 0.0}
{"mode": "p1_domain_adapt", "epoch": 6, "step": 700, "world_size": 1, "loss_total": -1.261816382408142, "loss_latent_nll": -1.2785297632217407, "loss_cosine": 0.016712626442313194, "loss_calibration": 1.3312475857674144e-05, "event_term": 0.0}
{"mode": "p1_domain_adapt", "epoch": 7, "step": 750, "world_size": 1, "loss_total": -1.2656564712524414, "loss_latent_nll": -1.2818660736083984, "loss_cosine": 0.016209393739700317, "loss_calibration": 5.1957608775410336e-06, "event_term": 0.0}
{"mode": "p1_domain_adapt", "epoch": 7, "step": 800, "world_size": 1, "loss_total": -1.3148163557052612, "loss_latent_nll": -1.3301775455474854, "loss_cosine": 0.015360623598098755, "loss_calibration": 1.1854949661938008e-05, "event_term": 0.0}
{"mode": "p1_domain_adapt", "epoch": 8, "step": 850, "world_size": 1, "loss_total": -1.3934412002563477, "loss_latent_nll": -1.4060678482055664, "loss_cosine": 0.012625615112483501, "loss_calibration": 2.147929262719117e-05, "event_term": 0.0}
{"mode": "p1_domain_adapt", "epoch": 8, "step": 900, "world_size": 1, "loss_total": -1.3845165967941284, "loss_latent_nll": -1.397626280784607, "loss_cosine": 0.013109306804835796, "loss_calibration": 7.700878995819949e-06, "event_term": 0.0}
{"mode": "p1_domain_adapt", "epoch": 9, "step": 950, "world_size": 1, "loss_total": -1.3952616453170776, "loss_latent_nll": -1.408029556274414, "loss_cosine": 0.012767603620886803, "loss_calibration": 8.06987827672856e-06, "event_term": 0.0}
{"mode": "p1_domain_adapt", "epoch": 9, "step": 1000, "world_size": 1, "loss_total": -1.434179425239563, "loss_latent_nll": -1.4460886716842651, "loss_cosine": 0.01190810464322567, "loss_calibration": 2.408742693660315e-05, "event_term": 0.0}
{"mode": "p1_domain_adapt", "epoch": 10, "step": 1050, "world_size": 1, "loss_total": -1.5035903453826904, "loss_latent_nll": -1.5142778158187866, "loss_cosine": 0.01068712305277586, "loss_calibration": 7.065304089337587e-06, "event_term": 0.0}
{"mode": "p1_domain_adapt", "epoch": 10, "step": 1100, "world_size": 1, "loss_total": -1.5610862970352173, "loss_latent_nll": -1.5703619718551636, "loss_cosine": 0.009275317192077637, "loss_calibration": 6.45432373858057e-06, "event_term": 0.0}
{"mode": "p1_domain_adapt", "epoch": 11, "step": 1150, "world_size": 1, "loss_total": -1.4755553007125854, "loss_latent_nll": -1.486495852470398, "loss_cosine": 0.010940343141555786, "loss_calibration": 5.045097623224137e-06, "event_term": 0.0}
{"mode": "p1_domain_adapt", "epoch": 11, "step": 1200, "world_size": 1, "loss_total": -1.5357083082199097, "loss_latent_nll": -1.5455001592636108, "loss_cosine": 0.009791593067348003, "loss_calibration": 4.691382855526172e-06, "event_term": 0.0}
{"mode": "p1_domain_adapt", "epoch": 12, "step": 1250, "world_size": 1, "loss_total": -1.5286891460418701, "loss_latent_nll": -1.5388703346252441, "loss_cosine": 0.010181039571762085, "loss_calibration": 1.9980138858954888e-06, "event_term": 0.0}
{"mode": "p1_domain_adapt", "epoch": 12, "step": 1300, "world_size": 1, "loss_total": -1.579435110092163, "loss_latent_nll": -1.5883300304412842, "loss_cosine": 0.008894741535186768, "loss_calibration": 3.7689269447582774e-06, "event_term": 0.0}
{"mode": "p1_domain_adapt", "epoch": 13, "step": 1350, "world_size": 1, "loss_total": -1.6220093965530396, "loss_latent_nll": -1.6303105354309082, "loss_cosine": 0.008300712332129478, "loss_calibration": 8.451203029835597e-06, "event_term": 0.0}
{"mode": "p1_domain_adapt", "epoch": 13, "step": 1400, "world_size": 1, "loss_total": -1.630691647529602, "loss_latent_nll": -1.6387752294540405, "loss_cosine": 0.008083413355052471, "loss_calibration": 1.4680513231724035e-06, "event_term": 0.0}
{"mode": "p1_domain_adapt", "epoch": 14, "step": 1450, "world_size": 1, "loss_total": -1.651548147201538, "loss_latent_nll": -1.659210443496704, "loss_cosine": 0.007661938667297363, "loss_calibration": 6.93015817887499e-06, "event_term": 0.0}
{"mode": "p1_domain_adapt", "epoch": 14, "step": 1500, "world_size": 1, "loss_total": -1.6191986799240112, "loss_latent_nll": -1.6276229619979858, "loss_cosine": 0.008423835039138794, "loss_calibration": 9.224004315910861e-06, "event_term": 0.0}
{"mode": "p1_domain_adapt", "epoch": 15, "step": 1550, "world_size": 1, "loss_total": -1.6695274114608765, "loss_latent_nll": -1.6772019863128662, "loss_cosine": 0.007674306631088257, "loss_calibration": 4.36220670962939e-06, "event_term": 0.0}
{"mode": "p1_domain_adapt", "epoch": 15, "step": 1600, "world_size": 1, "loss_total": -1.5692895650863647, "loss_latent_nll": -1.5786874294281006, "loss_cosine": 0.009397407993674278, "loss_calibration": 9.752926416695118e-06, "event_term": 0.0}
{"mode": "p1_domain_adapt", "epoch": 16, "step": 1650, "world_size": 1, "loss_total": -1.6804428100585938, "loss_latent_nll": -1.6880673170089722, "loss_cosine": 0.007624268531799316, "loss_calibration": 5.174097168492153e-06, "event_term": 0.0}
{"mode": "p1_domain_adapt", "epoch": 16, "step": 1700, "world_size": 1, "loss_total": -1.659907341003418, "loss_latent_nll": -1.6678438186645508, "loss_cosine": 0.007936477661132812, "loss_calibration": 9.285798796554445e-07, "event_term": 0.0}
{"mode": "p1_domain_adapt", "epoch": 17, "step": 1750, "world_size": 1, "loss_total": -1.694936752319336, "loss_latent_nll": -1.702384352684021, "loss_cosine": 0.0074474019929766655, "loss_calibration": 5.222263553150697e-06, "event_term": 0.0}
{"mode": "p1_domain_adapt", "epoch": 17, "step": 1800, "world_size": 1, "loss_total": -1.6653237342834473, "loss_latent_nll": -1.6730542182922363, "loss_cosine": 0.007730047218501568, "loss_calibration": 9.2039153969381e-06, "event_term": 0.0}
{"mode": "p1_domain_adapt", "epoch": 18, "step": 1850, "world_size": 1, "loss_total": -1.697015404701233, "loss_latent_nll": -1.7043883800506592, "loss_cosine": 0.007372955791652203, "loss_calibration": 8.955735211202409e-07, "event_term": 0.0}
{"mode": "p1_domain_adapt", "epoch": 18, "step": 1900, "world_size": 1, "loss_total": -1.6788712739944458, "loss_latent_nll": -1.686605453491211, "loss_cosine": 0.007733961101621389, "loss_calibration": 3.845076207653619e-06, "event_term": 0.0}
{"mode": "p1_domain_adapt", "epoch": 19, "step": 1950, "world_size": 1, "loss_total": -1.6821049451828003, "loss_latent_nll": -1.689925193786621, "loss_cosine": 0.0078200101852417, "loss_calibration": 5.564145794778597e-06, "event_term": 0.0}
{"mode": "p1_domain_adapt", "epoch": 19, "step": 2000, "world_size": 1, "loss_total": -1.617087721824646, "loss_latent_nll": -1.625614881515503, "loss_cosine": 0.008527080528438091, "loss_calibration": 3.4751392377074808e-06, "event_term": 0.0}
{"mode": "p1_domain_adapt", "epoch": 20, "step": 2050, "world_size": 1, "loss_total": -1.576582908630371, "loss_latent_nll": -1.5856921672821045, "loss_cosine": 0.009108683094382286, "loss_calibration": 1.0738610399130266e-05, "event_term": 0.0}
{"mode": "p1_domain_adapt", "epoch": 20, "step": 2100, "world_size": 1, "loss_total": -1.6434732675552368, "loss_latent_nll": -1.6516520977020264, "loss_cosine": 0.00817837379872799, "loss_calibration": 8.706484550202731e-06, "event_term": 0.0}
{"mode": "p1_domain_adapt", "epoch": 21, "step": 2150, "world_size": 1, "loss_total": -1.7430857419967651, "loss_latent_nll": -1.7496755123138428, "loss_cosine": 0.006589522119611502, "loss_calibration": 5.782622793049086e-06, "event_term": 0.0}
{"mode": "p1_domain_adapt", "epoch": 21, "step": 2200, "world_size": 1, "loss_total": -1.5583888292312622, "loss_latent_nll": -1.5674200057983398, "loss_cosine": 0.00903061032295227, "loss_calibration": 1.2343294656602666e-05, "event_term": 0.0}
{"mode": "p1_domain_adapt", "epoch": 22, "step": 2250, "world_size": 1, "loss_total": -1.6908068656921387, "loss_latent_nll": -1.6983377933502197, "loss_cosine": 0.007530540227890015, "loss_calibration": 8.284388968604617e-06, "event_term": 0.0}
{"mode": "p1_domain_adapt", "epoch": 22, "step": 2300, "world_size": 1, "loss_total": -1.6354444026947021, "loss_latent_nll": -1.6437652111053467, "loss_cosine": 0.008320431225001812, "loss_calibration": 7.275573352671927e-06, "event_term": 0.0}
{"mode": "p1_domain_adapt", "epoch": 23, "step": 2350, "world_size": 1, "loss_total": -1.8186060190200806, "loss_latent_nll": -1.8243831396102905, "loss_cosine": 0.005777031183242798, "loss_calibration": 3.556754563760478e-06, "event_term": 0.0}
{"mode": "p1_domain_adapt", "epoch": 23, "step": 2400, "world_size": 1, "loss_total": -1.7209781408309937, "loss_latent_nll": -1.7278754711151123, "loss_cosine": 0.006897062063217163, "loss_calibration": 4.693574737757444e-06, "event_term": 0.0}
{"mode": "p1_domain_adapt", "epoch": 24, "step": 2450, "world_size": 1, "loss_total": -1.7631161212921143, "loss_latent_nll": -1.7699426412582397, "loss_cosine": 0.006826381199061871, "loss_calibration": 1.493219656367728e-06, "event_term": 0.0}
{"mode": "p1_domain_adapt", "epoch": 24, "step": 2500, "world_size": 1, "loss_total": -1.6968142986297607, "loss_latent_nll": -1.7043273448944092, "loss_cosine": 0.00751290749758482, "loss_calibration": 1.750590627125348e-06, "event_term": 0.0}
{"mode": "p1_domain_adapt", "epoch": 25, "step": 2550, "world_size": 1, "loss_total": -1.7109332084655762, "loss_latent_nll": -1.7179263830184937, "loss_cosine": 0.006992816925048828, "loss_calibration": 6.852494607301196e-06, "event_term": 0.0}
{"mode": "p1_domain_adapt", "epoch": 25, "step": 2600, "world_size": 1, "loss_total": -1.7404656410217285, "loss_latent_nll": -1.7473363876342773, "loss_cosine": 0.006870617624372244, "loss_calibration": 2.7477597086544847e-06, "event_term": 0.0}
{"mode": "p1_domain_adapt", "epoch": 26, "step": 2650, "world_size": 1, "loss_total": -1.7643401622772217, "loss_latent_nll": -1.770787000656128, "loss_cosine": 0.006446560379117727, "loss_calibration": 4.520809397945413e-06, "event_term": 0.0}
{"mode": "p1_domain_adapt", "epoch": 26, "step": 2700, "world_size": 1, "loss_total": -1.7533507347106934, "loss_latent_nll": -1.760370135307312, "loss_cosine": 0.00701912259683013, "loss_calibration": 4.36522805102868e-06, "event_term": 0.0}
{"mode": "p1_domain_adapt", "epoch": 27, "step": 2750, "world_size": 1, "loss_total": -1.757367491722107, "loss_latent_nll": -1.76400887966156, "loss_cosine": 0.00664121937006712, "loss_calibration": 2.1880468921153806e-06, "event_term": 0.0}
{"mode": "p1_domain_adapt", "epoch": 27, "step": 2800, "world_size": 1, "loss_total": -1.7731499671936035, "loss_latent_nll": -1.779577612876892, "loss_cosine": 0.006427377462387085, "loss_calibration": 4.981581696483772e-06, "event_term": 0.0}
{"mode": "p1_domain_adapt", "epoch": 28, "step": 2850, "world_size": 1, "loss_total": -1.6781121492385864, "loss_latent_nll": -1.6857020854949951, "loss_cosine": 0.007589688058942556, "loss_calibration": 5.839046934852377e-06, "event_term": 0.0}
{"mode": "p1_domain_adapt", "epoch": 28, "step": 2900, "world_size": 1, "loss_total": -1.8876101970672607, "loss_latent_nll": -1.8926949501037598, "loss_cosine": 0.005084514617919922, "loss_calibration": 5.540290203498444e-06, "event_term": 0.0}
{"mode": "p1_domain_adapt", "epoch": 29, "step": 2950, "world_size": 1, "loss_total": -1.793790578842163, "loss_latent_nll": -1.8000781536102295, "loss_cosine": 0.006287465803325176, "loss_calibration": 1.210404889206984e-06, "event_term": 0.0}
{"mode": "p1_domain_adapt", "epoch": 29, "step": 3000, "world_size": 1, "loss_total": -1.7078202962875366, "loss_latent_nll": -1.7150650024414062, "loss_cosine": 0.007244179956614971, "loss_calibration": 9.646245416661259e-06, "event_term": 0.0}
