[vjepa_backbone] HF load report: loaded=391/395 skipped=12 missing=4 (predictor head dims differ; encoder keys fully covered)
{"checkpoint": "/root/autodl-tmp/acvjepa-project/weights/vjepa2.1-vitb-fpc64-384/model.safetensors", "init": "vjepa2hf", "loaded_keys": 391, "mode": "frozen", "skipped_keys": 12, "strict_ok": false}
{"epochs": 30, "init_from": "vjepa2hf:/root/autodl-tmp/acvjepa-project/weights/vjepa2.1-vitb-fpc64-384/model.safetensors:frozen", "manifest": "/root/autodl-tmp/acvjepa-project/demo_ddp_data_800/manifest.jsonl", "mode": "p1_domain_adapt", "windows": 800, "world_size": 1}
{"mode": "p1_domain_adapt", "epoch": 0, "step": 50, "world_size": 1, "loss_total": 0.580401599407196, "loss_latent_nll": 0.2505301535129547, "loss_cosine": 0.3282679319381714, "loss_calibration": 0.03207077085971832, "event_term": 0.0}
{"mode": "p1_domain_adapt", "epoch": 0, "step": 100, "world_size": 1, "loss_total": 0.20989979803562164, "loss_latent_nll": 0.00614117830991745, "loss_cosine": 0.2029474675655365, "loss_calibration": 0.016222991049289703, "event_term": 0.0}
{"mode": "p1_domain_adapt", "epoch": 1, "step": 150, "world_size": 1, "loss_total": -0.07907424122095108, "loss_latent_nll": -0.20821166038513184, "loss_cosine": 0.12897543609142303, "loss_calibration": 0.0032397310715168715, "event_term": 0.0}
{"mode": "p1_domain_adapt", "epoch": 1, "step": 200, "world_size": 1, "loss_total": -0.23558662831783295, "loss_latent_nll": -0.34215688705444336, "loss_cosine": 0.10647335648536682, "loss_calibration": 0.0019379843724891543, "event_term": 0.0}
{"mode": "p1_domain_adapt", "epoch": 2, "step": 250, "world_size": 1, "loss_total": -0.49143320322036743, "loss_latent_nll": -0.5586056113243103, "loss_cosine": 0.0671268031001091, "loss_calibration": 0.0009120890172198415, "event_term": 0.0}
{"mode": "p1_domain_adapt", "epoch": 2, "step": 300, "world_size": 1, "loss_total": -0.6978546977043152, "loss_latent_nll": -0.7418598532676697, "loss_cosine": 0.04399154707789421, "loss_calibration": 0.0002715025329962373, "event_term": 0.0}
{"mode": "p1_domain_adapt", "epoch": 3, "step": 350, "world_size": 1, "loss_total": -0.8237592577934265, "loss_latent_nll": -0.8597924113273621, "loss_cosine": 0.03601882979273796, "loss_calibration": 0.0002859537198673934, "event_term": 0.0}
{"mode": "p1_domain_adapt", "epoch": 3, "step": 400, "world_size": 1, "loss_total": -0.9416396021842957, "loss_latent_nll": -0.9712807536125183, "loss_cosine": 0.02963489294052124, "loss_calibration": 0.000125305843539536, "event_term": 0.0}
{"mode": "p1_domain_adapt", "epoch": 4, "step": 450, "world_size": 1, "loss_total": -0.983511745929718, "loss_latent_nll": -1.010926365852356, "loss_cosine": 0.027410775423049927, "loss_calibration": 7.701580761931837e-05, "event_term": 0.0}
{"mode": "p1_domain_adapt", "epoch": 4, "step": 500, "world_size": 1, "loss_total": -1.2102200984954834, "loss_latent_nll": -1.2271347045898438, "loss_cosine": 0.01691233180463314, "loss_calibration": 4.444928345037624e-05, "event_term": 0.0}
{"mode": "p1_domain_adapt", "epoch": 5, "step": 550, "world_size": 1, "loss_total": -1.28335440158844, "loss_latent_nll": -1.298187255859375, "loss_cosine": 0.01483142375946045, "loss_calibration": 2.9067479772493243e-05, "event_term": 0.0}
{"mode": "p1_domain_adapt", "epoch": 5, "step": 600, "world_size": 1, "loss_total": -1.354498267173767, "loss_latent_nll": -1.3675315380096436, "loss_cosine": 0.013032148592174053, "loss_calibration": 2.0986341041862033e-05, "event_term": 0.0}
{"mode": "p1_domain_adapt", "epoch": 6, "step": 650, "world_size": 1, "loss_total": -1.3307489156723022, "loss_latent_nll": -1.345001220703125, "loss_cosine": 0.014250924810767174, "loss_calibration": 2.7487219995236956e-05, "event_term": 0.0}
{"mode": "p1_domain_adapt", "epoch": 6, "step": 700, "world_size": 1, "loss_total": -1.483579397201538, "loss_latent_nll": -1.4938075542449951, "loss_cosine": 0.010227799415588379, "loss_calibration": 7.322967576328665e-06, "event_term": 0.0}
{"mode": "p1_domain_adapt", "epoch": 7, "step": 750, "world_size": 1, "loss_total": -1.5335646867752075, "loss_latent_nll": -1.5432056188583374, "loss_cosine": 0.009640614502131939, "loss_calibration": 7.618046765855979e-06, "event_term": 0.0}
{"mode": "p1_domain_adapt", "epoch": 7, "step": 800, "world_size": 1, "loss_total": -1.615343689918518, "loss_latent_nll": -1.6238477230072021, "loss_cosine": 0.008503913879394531, "loss_calibration": 2.4582598143751966e-06, "event_term": 0.0}
{"mode": "p1_domain_adapt", "epoch": 8, "step": 850, "world_size": 1, "loss_total": -1.7262438535690308, "loss_latent_nll": -1.7326425313949585, "loss_cosine": 0.006398568861186504, "loss_calibration": 2.6630614229361527e-06, "event_term": 0.0}
{"mode": "p1_domain_adapt", "epoch": 8, "step": 900, "world_size": 1, "loss_total": -1.7276089191436768, "loss_latent_nll": -1.7340476512908936, "loss_cosine": 0.006438553333282471, "loss_calibration": 4.326687758293701e-06, "event_term": 0.0}
{"mode": "p1_domain_adapt", "epoch": 9, "step": 950, "world_size": 1, "loss_total": -1.7675201892852783, "loss_latent_nll": -1.7737398147583008, "loss_cosine": 0.00621950626373291, "loss_calibration": 2.8967679099878296e-06, "event_term": 0.0}
{"mode": "p1_domain_adapt", "epoch": 9, "step": 1000, "world_size": 1, "loss_total": -1.8674317598342896, "loss_latent_nll": -1.8723714351654053, "loss_cosine": 0.004939516540616751, "loss_calibration": 3.460933612586814e-06, "event_term": 0.0}
{"mode": "p1_domain_adapt", "epoch": 10, "step": 1050, "world_size": 1, "loss_total": -1.923203468322754, "loss_latent_nll": -1.9278106689453125, "loss_cosine": 0.004607081413269043, "loss_calibration": 3.1575859793520067e-06, "event_term": 0.0}
{"mode": "p1_domain_adapt", "epoch": 10, "step": 1100, "world_size": 1, "loss_total": -1.980989933013916, "loss_latent_nll": -1.9851993322372437, "loss_cosine": 0.004209399223327637, "loss_calibration": 9.486290650784213e-07, "event_term": 0.0}
{"mode": "p1_domain_adapt", "epoch": 11, "step": 1150, "world_size": 1, "loss_total": -1.9958791732788086, "loss_latent_nll": -1.9998326301574707, "loss_cosine": 0.0039532980881631374, "loss_calibration": 3.121885129075963e-06, "event_term": 0.0}
{"mode": "p1_domain_adapt", "epoch": 11, "step": 1200, "world_size": 1, "loss_total": -2.020174026489258, "loss_latent_nll": -2.0237348079681396, "loss_cosine": 0.0035608611069619656, "loss_calibration": 1.7715500462145428e-06, "event_term": 0.0}
{"mode": "p1_domain_adapt", "epoch": 12, "step": 1250, "world_size": 1, "loss_total": -2.1729989051818848, "loss_latent_nll": -2.1755895614624023, "loss_cosine": 0.002590566873550415, "loss_calibration": 1.7448917333240388e-06, "event_term": 0.0}
{"mode": "p1_domain_adapt", "epoch": 12, "step": 1300, "world_size": 1, "loss_total": -2.183483362197876, "loss_latent_nll": -2.1861376762390137, "loss_cosine": 0.002654383657500148, "loss_calibration": 2.0490058432187652e-06, "event_term": 0.0}
{"mode": "p1_domain_adapt", "epoch": 13, "step": 1350, "world_size": 1, "loss_total": -2.221644163131714, "loss_latent_nll": -2.22418475151062, "loss_cosine": 0.0025406084023416042, "loss_calibration": 1.281533513974864e-06, "event_term": 0.0}
{"mode": "p1_domain_adapt", "epoch": 13, "step": 1400, "world_size": 1, "loss_total": -2.1986703872680664, "loss_latent_nll": -2.2013444900512695, "loss_cosine": 0.002674202201887965, "loss_calibration": 6.883037713123485e-07, "event_term": 0.0}
{"mode": "p1_domain_adapt", "epoch": 14, "step": 1450, "world_size": 1, "loss_total": -2.3130295276641846, "loss_latent_nll": -2.315187931060791, "loss_cosine": 0.00215834379196167, "loss_calibration": 5.537227707463899e-07, "event_term": 0.0}
{"mode": "p1_domain_adapt", "epoch": 14, "step": 1500, "world_size": 1, "loss_total": -2.3390419483184814, "loss_latent_nll": -2.341067314147949, "loss_cosine": 0.0020253658294677734, "loss_calibration": 4.837759206566261e-07, "event_term": 0.0}
{"mode": "p1_domain_adapt", "epoch": 15, "step": 1550, "world_size": 1, "loss_total": -2.418180227279663, "loss_latent_nll": -2.419980764389038, "loss_cosine": 0.0018005173187702894, "loss_calibration": 8.901388355297968e-07, "event_term": 0.0}
{"mode": "p1_domain_adapt", "epoch": 15, "step": 1600, "world_size": 1, "loss_total": -2.425140857696533, "loss_latent_nll": -2.426861524581909, "loss_cosine": 0.001720557687804103, "loss_calibration": 1.0109961294801906e-06, "event_term": 0.0}
{"mode": "p1_domain_adapt", "epoch": 16, "step": 1650, "world_size": 1, "loss_total": -2.394550085067749, "loss_latent_nll": -2.3964524269104004, "loss_cosine": 0.0019023617496713996, "loss_calibration": 2.27937675845169e-07, "event_term": 0.0}
{"mode": "p1_domain_adapt", "epoch": 16, "step": 1700, "world_size": 1, "loss_total": -2.4854724407196045, "loss_latent_nll": -2.4869563579559326, "loss_cosine": 0.0014839570503681898, "loss_calibration": 6.638674676651135e-07, "event_term": 0.0}
{"mode": "p1_domain_adapt", "epoch": 17, "step": 1750, "world_size": 1, "loss_total": -2.5490148067474365, "loss_latent_nll": -2.5504209995269775, "loss_cosine": 0.0014062027912586927, "loss_calibration": 2.4817310873004317e-07, "event_term": 0.0}
{"mode": "p1_domain_adapt", "epoch": 17, "step": 1800, "world_size": 1, "loss_total": -2.6152265071868896, "loss_latent_nll": -2.616401433944702, "loss_cosine": 0.0011748274555429816, "loss_calibration": 2.561177439019957e-07, "event_term": 0.0}
{"mode": "p1_domain_adapt", "epoch": 18, "step": 1850, "world_size": 1, "loss_total": -2.5883901119232178, "loss_latent_nll": -2.589759349822998, "loss_cosine": 0.0013692181091755629, "loss_calibration": 1.979877595204016e-07, "event_term": 0.0}
{"mode": "p1_domain_adapt", "epoch": 18, "step": 1900, "world_size": 1, "loss_total": -2.6524300575256348, "loss_latent_nll": -2.653536796569824, "loss_cosine": 0.0011066596489399672, "loss_calibration": 1.6289843074446253e-07, "event_term": 0.0}
{"mode": "p1_domain_adapt", "epoch": 19, "step": 1950, "world_size": 1, "loss_total": -2.5890190601348877, "loss_latent_nll": -2.590268611907959, "loss_cosine": 0.0012494425754994154, "loss_calibration": 3.1096706720745715e-07, "event_term": 0.0}
{"mode": "p1_domain_adapt", "epoch": 19, "step": 2000, "world_size": 1, "loss_total": -2.6859309673309326, "loss_latent_nll": -2.6870925426483154, "loss_cosine": 0.0011614661198109388, "loss_calibration": 5.583492423966163e-08, "event_term": 0.0}
{"mode": "p1_domain_adapt", "epoch": 20, "step": 2050, "world_size": 1, "loss_total": -2.680161476135254, "loss_latent_nll": -2.681251049041748, "loss_cosine": 0.0010896425228565931, "loss_calibration": 4.022963651095779e-08, "event_term": 0.0}
{"mode": "p1_domain_adapt", "epoch": 20, "step": 2100, "world_size": 1, "loss_total": -2.8441505432128906, "loss_latent_nll": -2.8449177742004395, "loss_cosine": 0.0007672210922464728, "loss_calibration": 2.467457989041577e-07, "event_term": 0.0}
{"mode": "p1_domain_adapt", "epoch": 21, "step": 2150, "world_size": 1, "loss_total": -2.7171216011047363, "loss_latent_nll": -2.718163251876831, "loss_cosine": 0.0010417004814371467, "loss_calibration": 2.025185494858306e-07, "event_term": 0.0}
{"mode": "p1_domain_adapt", "epoch": 21, "step": 2200, "world_size": 1, "loss_total": -2.829904794692993, "loss_latent_nll": -2.8307604789733887, "loss_cosine": 0.0008556147804483771, "loss_calibration": 7.498026377561473e-08, "event_term": 0.0}
{"mode": "p1_domain_adapt", "epoch": 22, "step": 2250, "world_size": 1, "loss_total": -2.9052865505218506, "loss_latent_nll": -2.9060144424438477, "loss_cosine": 0.0007278323173522949, "loss_calibration": 2.0991353721910855e-07, "event_term": 0.0}
{"mode": "p1_domain_adapt", "epoch": 22, "step": 2300, "world_size": 1, "loss_total": -2.8278725147247314, "loss_latent_nll": -2.8287675380706787, "loss_cosine": 0.0008951227064244449, "loss_calibration": 1.639953950416384e-07, "event_term": 0.0}
{"mode": "p1_domain_adapt", "epoch": 23, "step": 2350, "world_size": 1, "loss_total": -2.952402114868164, "loss_latent_nll": -2.9529948234558105, "loss_cosine": 0.0005927582969889045, "loss_calibration": 1.0978305198250382e-07, "event_term": 0.0}
{"mode": "p1_domain_adapt", "epoch": 23, "step": 2400, "world_size": 1, "loss_total": -2.957430124282837, "loss_latent_nll": -2.9580001831054688, "loss_cosine": 0.0005701184272766113, "loss_calibration": 1.3164441270419047e-07, "event_term": 0.0}
{"mode": "p1_domain_adapt", "epoch": 24, "step": 2450, "world_size": 1, "loss_total": -2.904808282852173, "loss_latent_nll": -2.905543088912964, "loss_cosine": 0.0007347166538238525, "loss_calibration": 1.3536565290905855e-07, "event_term": 0.0}
{"mode": "p1_domain_adapt", "epoch": 24, "step": 2500, "world_size": 1, "loss_total": -2.9982900619506836, "loss_latent_nll": -2.9989686012268066, "loss_cosine": 0.0006784399738535285, "loss_calibration": 4.5561716177644485e-08, "event_term": 0.0}
{"mode": "p1_domain_adapt", "epoch": 25, "step": 2550, "world_size": 1, "loss_total": -3.0207021236419678, "loss_latent_nll": -3.021327495574951, "loss_cosine": 0.0006254116888158023, "loss_calibration": 1.2853251973865554e-07, "event_term": 0.0}
{"mode": "p1_domain_adapt", "epoch": 25, "step": 2600, "world_size": 1, "loss_total": -3.044440269470215, "loss_latent_nll": -3.045001983642578, "loss_cosine": 0.0005618135328404605, "loss_calibration": 5.020001481170766e-08, "event_term": 0.0}
{"mode": "p1_domain_adapt", "epoch": 26, "step": 2650, "world_size": 1, "loss_total": -3.0723888874053955, "loss_latent_nll": -3.072953701019287, "loss_cosine": 0.0005647838115692139, "loss_calibration": 7.28915097170102e-08, "event_term": 0.0}
{"mode": "p1_domain_adapt", "epoch": 26, "step": 2700, "world_size": 1, "loss_total": -3.13835072517395, "loss_latent_nll": -3.1388187408447266, "loss_cosine": 0.0004679958219639957, "loss_calibration": 5.0447873434222856e-08, "event_term": 0.0}
{"mode": "p1_domain_adapt", "epoch": 27, "step": 2750, "world_size": 1, "loss_total": -3.1164438724517822, "loss_latent_nll": -3.1169581413269043, "loss_cosine": 0.0005142390727996826, "loss_calibration": 3.650940527677449e-08, "event_term": 0.0}
{"mode": "p1_domain_adapt", "epoch": 27, "step": 2800, "world_size": 1, "loss_total": -3.2148780822753906, "loss_latent_nll": -3.2153432369232178, "loss_cosine": 0.000465114921098575, "loss_calibration": 6.818720521550858e-08, "event_term": 0.0}
{"mode": "p1_domain_adapt", "epoch": 28, "step": 2850, "world_size": 1, "loss_total": -3.175992965698242, "loss_latent_nll": -3.176429271697998, "loss_cosine": 0.0004364152846392244, "loss_calibration": 6.092042781347118e-08, "event_term": 0.0}
{"mode": "p1_domain_adapt", "epoch": 28, "step": 2900, "world_size": 1, "loss_total": -3.1538076400756836, "loss_latent_nll": -3.1543197631835938, "loss_cosine": 0.0005122324218973517, "loss_calibration": 9.897291874949588e-08, "event_term": 0.0}
{"mode": "p1_domain_adapt", "epoch": 29, "step": 2950, "world_size": 1, "loss_total": -3.18965220451355, "loss_latent_nll": -3.190065383911133, "loss_cosine": 0.0004132787580601871, "loss_calibration": 2.2748338324163342e-08, "event_term": 0.0}
{"mode": "p1_domain_adapt", "epoch": 29, "step": 3000, "world_size": 1, "loss_total": -3.274608850479126, "loss_latent_nll": -3.2750163078308105, "loss_cosine": 0.0004073580203112215, "loss_calibration": 2.246148866902331e-08, "event_term": 0.0}
